[0.102s] DEBUG:colcon:Command line arguments: ['/usr/bin/colcon', 'build']
[0.102s] DEBUG:colcon:Parsed command line arguments: Namespace(ament_cmake_args=None, base_paths=['.'], build_base='build', catkin_cmake_args=None, catkin_skip_building_tests=False, cmake_args=None, cmake_clean_cache=False, cmake_clean_first=False, cmake_force_configure=False, cmake_target=None, cmake_target_skip_unavailable=False, continue_on_error=False, event_handlers=None, executor='parallel', ignore_user_meta=False, install_base='install', log_base=None, log_level=None, main=<bound method BuildVerb.main of <colcon_core.verb.build.BuildVerb object at 0xffff9e7f6bb0>>, merge_install=False, metas=['./colcon.meta'], mixin=None, mixin_files=None, mixin_verb=('build',), packages_above=None, packages_above_and_dependencies=None, packages_above_depth=None, packages_end=None, packages_ignore=None, packages_ignore_regex=None, packages_select=None, packages_select_build_failed=False, packages_select_by_dep=None, packages_select_regex=None, packages_select_test_failures=False, packages_skip=None, packages_skip_build_finished=False, packages_skip_by_dep=None, packages_skip_regex=None, packages_skip_test_passed=False, packages_skip_up_to=None, packages_start=None, packages_up_to=None, packages_up_to_regex=None, parallel_workers=12, paths=None, symlink_install=False, test_result_base=None, verb_extension=<colcon_core.verb.build.BuildVerb object at 0xffff9e7f6bb0>, verb_name='build', verb_parser=<colcon_mixin.mixin.mixin_argument.MixinArgumentDecorator object at 0xffff9e8041c0>)
[0.111s] Level 1:colcon.colcon_core.package_discovery:discover_packages(colcon_meta) check parameters
[0.112s] INFO:colcon.colcon_metadata.package_discovery.colcon_meta:Using configuration from '/root/.colcon/metadata/default/Gazebo.meta'
[0.112s] INFO:colcon.colcon_metadata.package_discovery.colcon_meta:Using configuration from '/root/.colcon/metadata/default/fastrtps.meta'
[0.112s] Level 1:colcon.colcon_core.package_discovery:discover_packages(recursive) check parameters
[0.112s] Level 1:colcon.colcon_core.package_discovery:discover_packages(ignore) check parameters
[0.112s] Level 1:colcon.colcon_core.package_discovery:discover_packages(path) check parameters
[0.112s] Level 1:colcon.colcon_core.package_discovery:discover_packages(colcon_meta) discover
[0.112s] Level 1:colcon.colcon_core.package_discovery:discover_packages(recursive) discover
[0.112s] INFO:colcon.colcon_core.package_discovery:Crawling recursively for packages in '/sim_ws/src/wall_follower'
[0.112s] Level 1:colcon.colcon_core.package_identification:_identify(.) by extensions ['ignore', 'ignore_ament_install']
[0.112s] Level 1:colcon.colcon_core.package_identification:_identify(.) by extension 'ignore'
[0.112s] Level 1:colcon.colcon_core.package_identification:_identify(.) by extension 'ignore_ament_install'
[0.112s] Level 1:colcon.colcon_core.package_identification:_identify(.) by extensions ['colcon_pkg']
[0.112s] Level 1:colcon.colcon_core.package_identification:_identify(.) by extension 'colcon_pkg'
[0.112s] Level 1:colcon.colcon_core.package_identification:_identify(.) by extensions ['colcon_meta']
[0.112s] Level 1:colcon.colcon_core.package_identification:_identify(.) by extension 'colcon_meta'
[0.112s] Level 1:colcon.colcon_core.package_identification:_identify(.) by extensions ['ros']
[0.112s] Level 1:colcon.colcon_core.package_identification:_identify(.) by extension 'ros'
[0.121s] DEBUG:colcon.colcon_core.package_identification:Package '.' with type 'ros.ament_cmake' and name 'wall_follower'
[0.121s] Level 1:colcon.colcon_core.package_discovery:discover_packages(recursive) using defaults
[0.121s] Level 1:colcon.colcon_core.package_discovery:discover_packages(ignore) discover
[0.121s] Level 1:colcon.colcon_core.package_discovery:discover_packages(ignore) using defaults
[0.121s] Level 1:colcon.colcon_core.package_discovery:discover_packages(path) discover
[0.121s] Level 1:colcon.colcon_core.package_discovery:discover_packages(path) using defaults
[0.128s] Level 5:colcon.colcon_core.verb:set package 'wall_follower' build argument 'cmake_args' from command line to 'None'
[0.128s] Level 5:colcon.colcon_core.verb:set package 'wall_follower' build argument 'cmake_target' from command line to 'None'
[0.128s] Level 5:colcon.colcon_core.verb:set package 'wall_follower' build argument 'cmake_target_skip_unavailable' from command line to 'False'
[0.128s] Level 5:colcon.colcon_core.verb:set package 'wall_follower' build argument 'cmake_clean_cache' from command line to 'False'
[0.128s] Level 5:colcon.colcon_core.verb:set package 'wall_follower' build argument 'cmake_clean_first' from command line to 'False'
[0.128s] Level 5:colcon.colcon_core.verb:set package 'wall_follower' build argument 'cmake_force_configure' from command line to 'False'
[0.128s] Level 5:colcon.colcon_core.verb:set package 'wall_follower' build argument 'ament_cmake_args' from command line to 'None'
[0.128s] Level 5:colcon.colcon_core.verb:set package 'wall_follower' build argument 'catkin_cmake_args' from command line to 'None'
[0.128s] Level 5:colcon.colcon_core.verb:set package 'wall_follower' build argument 'catkin_skip_building_tests' from command line to 'False'
[0.128s] DEBUG:colcon.colcon_core.verb:Building package 'wall_follower' with the following arguments: {'ament_cmake_args': None, 'build_base': '/sim_ws/src/wall_follower/build/wall_follower', 'catkin_cmake_args': None, 'catkin_skip_building_tests': False, 'cmake_args': None, 'cmake_clean_cache': False, 'cmake_clean_first': False, 'cmake_force_configure': False, 'cmake_target': None, 'cmake_target_skip_unavailable': False, 'install_base': '/sim_ws/src/wall_follower/install/wall_follower', 'merge_install': False, 'path': '/sim_ws/src/wall_follower', 'symlink_install': False, 'test_result_base': None}
[0.129s] INFO:colcon.colcon_core.executor:Executing jobs using 'parallel' executor
[0.130s] DEBUG:colcon.colcon_parallel_executor.executor.parallel:run_until_complete
[0.130s] INFO:colcon.colcon_ros.task.ament_cmake.build:Building ROS package in '/sim_ws/src/wall_follower' with build type 'ament_cmake'
[0.130s] INFO:colcon.colcon_cmake.task.cmake.build:Building CMake package in '/sim_ws/src/wall_follower'
[0.132s] INFO:colcon.colcon_core.plugin_system:Skipping extension 'colcon_core.shell.bat': Not used on non-Windows systems
[0.132s] INFO:colcon.colcon_core.shell:Skip shell extension 'powershell' for command environment: Not usable outside of PowerShell
[0.132s] DEBUG:colcon.colcon_core.shell:Skip shell extension 'dsv' for command environment
[0.137s] DEBUG:colcon.colcon_core.event_handler.log_command:Invoking command in '/sim_ws/src/wall_follower/build/wall_follower': CMAKE_PREFIX_PATH=/sim_ws/install/f1tenth_gym_ros:/opt/ros/foxy /usr/bin/cmake --build /sim_ws/src/wall_follower/build/wall_follower -- -j12 -l12
[2.020s] DEBUG:colcon.colcon_core.event_handler.log_command:Invoked command in '/sim_ws/src/wall_follower/build/wall_follower' returned '0': CMAKE_PREFIX_PATH=/sim_ws/install/f1tenth_gym_ros:/opt/ros/foxy /usr/bin/cmake --build /sim_ws/src/wall_follower/build/wall_follower -- -j12 -l12
[2.034s] DEBUG:colcon.colcon_core.event_handler.log_command:Invoking command in '/sim_ws/src/wall_follower/build/wall_follower': CMAKE_PREFIX_PATH=/sim_ws/install/f1tenth_gym_ros:/opt/ros/foxy /usr/bin/cmake --install /sim_ws/src/wall_follower/build/wall_follower
[2.038s] Level 1:colcon.colcon_core.environment:create_environment_scripts_only(wall_follower)
[2.039s] DEBUG:colcon.colcon_core.event_handler.log_command:Invoked command in '/sim_ws/src/wall_follower/build/wall_follower' returned '0': CMAKE_PREFIX_PATH=/sim_ws/install/f1tenth_gym_ros:/opt/ros/foxy /usr/bin/cmake --install /sim_ws/src/wall_follower/build/wall_follower
[2.040s] Level 1:colcon.colcon_core.environment:checking '/sim_ws/src/wall_follower/install/wall_follower' for CMake module files
[2.040s] Level 1:colcon.colcon_core.environment:checking '/sim_ws/src/wall_follower/install/wall_follower' for CMake config files
[2.041s] Level 1:colcon.colcon_core.shell:create_environment_hook('wall_follower', 'cmake_prefix_path')
[2.041s] INFO:colcon.colcon_core.shell:Creating environment hook '/sim_ws/src/wall_follower/install/wall_follower/share/wall_follower/hook/cmake_prefix_path.ps1'
[2.041s] INFO:colcon.colcon_core.shell:Creating environment descriptor '/sim_ws/src/wall_follower/install/wall_follower/share/wall_follower/hook/cmake_prefix_path.dsv'
[2.042s] INFO:colcon.colcon_core.shell:Creating environment hook '/sim_ws/src/wall_follower/install/wall_follower/share/wall_follower/hook/cmake_prefix_path.sh'
[2.042s] Level 1:colcon.colcon_core.environment:checking '/sim_ws/src/wall_follower/install/wall_follower/lib'
[2.042s] Level 1:colcon.colcon_core.environment:checking '/sim_ws/src/wall_follower/install/wall_follower/bin'
[2.042s] Level 1:colcon.colcon_core.environment:checking '/sim_ws/src/wall_follower/install/wall_follower/lib/pkgconfig/wall_follower.pc'
[2.042s] Level 1:colcon.colcon_core.environment:checking '/sim_ws/src/wall_follower/install/wall_follower/lib/python3.8/site-packages'
[2.043s] Level 1:colcon.colcon_core.environment:checking '/sim_ws/src/wall_follower/install/wall_follower/bin'
[2.043s] INFO:colcon.colcon_core.shell:Creating package script '/sim_ws/src/wall_follower/install/wall_follower/share/wall_follower/package.ps1'
[2.043s] INFO:colcon.colcon_core.shell:Creating package descriptor '/sim_ws/src/wall_follower/install/wall_follower/share/wall_follower/package.dsv'
[2.043s] INFO:colcon.colcon_core.shell:Creating package script '/sim_ws/src/wall_follower/install/wall_follower/share/wall_follower/package.sh'
[2.044s] INFO:colcon.colcon_core.shell:Creating package script '/sim_ws/src/wall_follower/install/wall_follower/share/wall_follower/package.bash'
[2.044s] INFO:colcon.colcon_core.shell:Creating package script '/sim_ws/src/wall_follower/install/wall_follower/share/wall_follower/package.zsh'
[2.044s] Level 1:colcon.colcon_core.environment:create_file_with_runtime_dependencies(/sim_ws/src/wall_follower/install/wall_follower/share/colcon-core/packages/wall_follower)
[2.055s] Level 1:colcon.colcon_core.environment:create_environment_scripts_only(wall_follower)
[2.056s] Level 1:colcon.colcon_core.environment:checking '/sim_ws/src/wall_follower/install/wall_follower' for CMake module files
[2.056s] Level 1:colcon.colcon_core.environment:checking '/sim_ws/src/wall_follower/install/wall_follower' for CMake config files
[2.056s] Level 1:colcon.colcon_core.shell:create_environment_hook('wall_follower', 'cmake_prefix_path')
[2.057s] INFO:colcon.colcon_core.shell:Creating environment hook '/sim_ws/src/wall_follower/install/wall_follower/share/wall_follower/hook/cmake_prefix_path.ps1'
[2.057s] INFO:colcon.colcon_core.shell:Creating environment descriptor '/sim_ws/src/wall_follower/install/wall_follower/share/wall_follower/hook/cmake_prefix_path.dsv'
[2.057s] INFO:colcon.colcon_core.shell:Creating environment hook '/sim_ws/src/wall_follower/install/wall_follower/share/wall_follower/hook/cmake_prefix_path.sh'
[2.057s] Level 1:colcon.colcon_core.environment:checking '/sim_ws/src/wall_follower/install/wall_follower/lib'
[2.057s] Level 1:colcon.colcon_core.environment:checking '/sim_ws/src/wall_follower/install/wall_follower/bin'
[2.057s] Level 1:colcon.colcon_core.environment:checking '/sim_ws/src/wall_follower/install/wall_follower/lib/pkgconfig/wall_follower.pc'
[2.057s] Level 1:colcon.colcon_core.environment:checking '/sim_ws/src/wall_follower/install/wall_follower/lib/python3.8/site-packages'
[2.057s] Level 1:colcon.colcon_core.environment:checking '/sim_ws/src/wall_follower/install/wall_follower/bin'
[2.058s] INFO:colcon.colcon_core.shell:Creating package script '/sim_ws/src/wall_follower/install/wall_follower/share/wall_follower/package.ps1'
[2.058s] INFO:colcon.colcon_core.shell:Creating package descriptor '/sim_ws/src/wall_follower/install/wall_follower/share/wall_follower/package.dsv'
[2.058s] INFO:colcon.colcon_core.shell:Creating package script '/sim_ws/src/wall_follower/install/wall_follower/share/wall_follower/package.sh'
[2.058s] INFO:colcon.colcon_core.shell:Creating package script '/sim_ws/src/wall_follower/install/wall_follower/share/wall_follower/package.bash'
[2.058s] INFO:colcon.colcon_core.shell:Creating package script '/sim_ws/src/wall_follower/install/wall_follower/share/wall_follower/package.zsh'
[2.058s] Level 1:colcon.colcon_core.environment:create_file_with_runtime_dependencies(/sim_ws/src/wall_follower/install/wall_follower/share/colcon-core/packages/wall_follower)
[2.059s] DEBUG:colcon.colcon_parallel_executor.executor.parallel:closing loop
[2.059s] DEBUG:colcon.colcon_parallel_executor.executor.parallel:loop closed
[2.059s] DEBUG:colcon.colcon_parallel_executor.executor.parallel:run_until_complete finished with '0'
[2.059s] DEBUG:colcon.colcon_core.event_reactor:joining thread
[2.061s] INFO:colcon.colcon_core.plugin_system:Skipping extension 'colcon_notification.desktop_notification.notify_send': Could not find 'notify-send'
[2.061s] INFO:colcon.colcon_core.plugin_system:Skipping extension 'colcon_notification.desktop_notification.terminal_notifier': Not used on non-Darwin systems
[2.061s] INFO:colcon.colcon_core.plugin_system:Skipping extension 'colcon_notification.desktop_notification.win32': Not used on non-Windows systems
[2.061s] INFO:colcon.colcon_notification.desktop_notification:Sending desktop notification using 'notify2'
[2.062s] DEBUG:colcon.colcon_notification.desktop_notification.notify2:Failed to initialize notify2: org.freedesktop.DBus.Error.Spawn.ExecFailed: /usr/bin/dbus-launch terminated abnormally without any error message
[2.062s] DEBUG:colcon.colcon_core.event_reactor:joined thread
[2.063s] INFO:colcon.colcon_core.shell:Creating prefix script '/sim_ws/src/wall_follower/install/local_setup.ps1'
[2.063s] INFO:colcon.colcon_core.shell:Creating prefix util module '/sim_ws/src/wall_follower/install/_local_setup_util_ps1.py'
[2.064s] INFO:colcon.colcon_core.shell:Creating prefix chain script '/sim_ws/src/wall_follower/install/setup.ps1'
[2.064s] INFO:colcon.colcon_core.shell:Creating prefix script '/sim_ws/src/wall_follower/install/local_setup.sh'
[2.064s] INFO:colcon.colcon_core.shell:Creating prefix util module '/sim_ws/src/wall_follower/install/_local_setup_util_sh.py'
[2.065s] INFO:colcon.colcon_core.shell:Creating prefix chain script '/sim_ws/src/wall_follower/install/setup.sh'
[2.065s] INFO:colcon.colcon_core.shell:Creating prefix script '/sim_ws/src/wall_follower/install/local_setup.bash'
[2.065s] INFO:colcon.colcon_core.shell:Creating prefix chain script '/sim_ws/src/wall_follower/install/setup.bash'
[2.066s] INFO:colcon.colcon_core.shell:Creating prefix script '/sim_ws/src/wall_follower/install/local_setup.zsh'
[2.066s] INFO:colcon.colcon_core.shell:Creating prefix chain script '/sim_ws/src/wall_follower/install/setup.zsh'
