[0.000000] (-) TimerEvent: {}
[0.001295] (sensors) JobQueued: {'identifier': 'sensors', 'dependencies': OrderedDict()}
[0.001454] (sensors) JobStarted: {'identifier': 'sensors'}
[0.015529] (sensors) JobProgress: {'identifier': 'sensors', 'progress': 'cmake'}
[0.017578] (sensors) JobProgress: {'identifier': 'sensors', 'progress': 'build'}
[0.018655] (sensors) Command: {'cmd': ['/usr/bin/cmake', '--build', '/home/ubuntu/roboracing-f1tenth/build/sensors', '--', '-j8', '-l8'], 'cwd': '/home/ubuntu/roboracing-f1tenth/build/sensors', 'env': OrderedDict([('VNCDESKTOP', 'bbb7d4524d2d:1 (ubuntu)'), ('QT_SCALE_FACTOR', '1'), ('USER', 'ubuntu'), ('SUPERVISOR_GROUP_NAME', 'vnc'), ('HOSTNAME', 'bbb7d4524d2d'), ('XDG_SESSION_TYPE', 'x11'), ('GIT_ASKPASS', '/usr/share/codium/resources/app/extensions/git/dist/askpass.sh'), ('SHLVL', '2'), ('LD_LIBRARY_PATH', '/usr/lib/x86_64-linux-gnu/gazebo-11/plugins:/opt/ros/humble/opt/rviz_ogre_vendor/lib:/opt/ros/humble/lib/x86_64-linux-gnu:/opt/ros/humble/lib'), ('HOME', '/home/ubuntu'), ('CHROME_DESKTOP', 'codium.desktop'), ('TERM_PROGRAM_VERSION', '1.96.3'), ('GIO_LAUNCHED_DESKTOP_FILE', '/home/ubuntu/Desktop/codium.desktop'), ('ROS_PYTHON_VERSION', '3'), ('GTK_MODULES', 'appmenu-gtk-module'), ('VSCODE_GIT_ASKPASS_MAIN', '/usr/share/codium/resources/app/extensions/git/dist/askpass-main.js'), ('VSCODE_GIT_ASKPASS_NODE', '/usr/share/codium/codium'), ('LC_CTYPE', 'C.UTF-8'), ('DBUS_SESSION_BUS_ADDRESS', 'unix:abstract=/tmp/dbus-W6khD4RlHD,guid=acea5d8327f3559d0d0439fd679281ad'), ('COLORTERM', 'truecolor'), ('GIO_LAUNCHED_DESKTOP_FILE_PID', '905'), ('GNOME_KEYRING_CONTROL', '/home/ubuntu/.cache/keyring-WDZ002'), ('UBUNTU_MENUPROXY', '1'), ('COLCON_PREFIX_PATH', '/home/ubuntu/roboracing-f1tenth/install'), ('ROS_DISTRO', 'humble'), ('_', '/usr/bin/colcon'), ('ROS_VERSION', '2'), ('XDG_SESSION_CLASS', 'user'), ('TERM', 'xterm-256color'), ('GTK_OVERLAY_SCROLLING', '0'), ('ROS_LOCALHOST_ONLY', '0'), ('INSIDE_CAJA_PYTHON', ''), ('PATH', '/opt/ros/humble/bin:/usr/local/sbin:/usr/local/bin:/usr/sbin:/usr/bin:/sbin:/bin:/snap/bin'), ('SESSION_MANAGER', 'local/bbb7d4524d2d:@/tmp/.ICE-unix/84,unix/bbb7d4524d2d:/tmp/.ICE-unix/84'), ('GDK_BACKEND', 'x11'), ('DISPLAY', ':1'), ('LANG', 'en_US.UTF-8'), ('XDG_CURRENT_DESKTOP', 'MATE'), ('VSCODE_GIT_IPC_HANDLE', '/tmp/vscode-git-6bd464112c.sock'), ('SUPERVISOR_ENABLED', '1'), ('TERM_PROGRAM', 'vscode'), ('SSH_AUTH_SOCK', '/home/ubuntu/.cache/keyring-WDZ002/ssh'), ('AMENT_PREFIX_PATH', '/home/ubuntu/roboracing-f1tenth/install/sensors:/opt/ros/humble'), ('ORIGINAL_XDG_CURRENT_DESKTOP', 'MATE'), ('NO_AT_BRIDGE', '1'), ('PASSWD', 'ubuntu'), ('SUPERVISOR_SERVER_URL', 'unix:///var/run/supervisor.sock'), ('VSCODE_GIT_ASKPASS_EXTRA_ARGS', ''), ('SUPERVISOR_PROCESS_NAME', 'vnc'), ('PWD', '/home/ubuntu/roboracing-f1tenth/build/sensors'), ('XDG_DATA_DIRS', '/usr/share/gnome:/home/ubuntu/.local/share/flatpak/exports/share:/var/lib/flatpak/exports/share:/usr/local/share:/usr/share:/var/lib/snapd/desktop'), ('PYTHONPATH', '/opt/ros/humble/lib/python3.10/site-packages:/opt/ros/humble/local/lib/python3.10/dist-packages'), ('MATE_DESKTOP_SESSION_ID', 'this-is-deprecated'), ('COLCON', '1'), ('CMAKE_PREFIX_PATH', '/home/ubuntu/roboracing-f1tenth/install/sensors:/opt/ros/humble'), ('QT_FONT_DPI', '96')]), 'shell': False}
[0.057276] (sensors) StdoutLine: {'line': b'-- Found ament_cmake: 1.3.11 (/opt/ros/humble/share/ament_cmake/cmake)\n'}
[0.099303] (-) TimerEvent: {}
[0.200086] (-) TimerEvent: {}
[0.271501] (sensors) StderrLine: {'line': b'\x1b[31mCMake Error at CMakeLists.txt:15 (target_include_directories):\n'}
[0.271953] (sensors) StderrLine: {'line': b'  Cannot specify include directories for target "realsense_camera_publisher"\n'}
[0.272057] (sensors) StderrLine: {'line': b'  which is not built by this project.\n'}
[0.272117] (sensors) StderrLine: {'line': b'\n'}
[0.272171] (sensors) StderrLine: {'line': b'\x1b[0m\n'}
[0.272221] (sensors) StderrLine: {'line': b'\x1b[31mCMake Error at CMakeLists.txt:20 (install):\n'}
[0.272353] (sensors) StderrLine: {'line': b'  install TARGETS given target "realsense_camera_publisher" which does not\n'}
[0.272576] (sensors) StderrLine: {'line': b'  exist.\n'}
[0.272697] (sensors) StderrLine: {'line': b'\n'}
[0.272809] (sensors) StderrLine: {'line': b'\x1b[0m\n'}
[0.272892] (sensors) StdoutLine: {'line': b'-- Found ament_lint_auto: 0.12.11 (/opt/ros/humble/share/ament_lint_auto/cmake)\n'}
[0.301159] (-) TimerEvent: {}
[0.374221] (sensors) StdoutLine: {'line': b"-- Added test 'cppcheck' to perform static code analysis on C / C++ code\n"}
[0.374975] (sensors) StdoutLine: {'line': b'-- Configured cppcheck include dirs: \n'}
[0.375184] (sensors) StdoutLine: {'line': b'-- Configured cppcheck exclude dirs and/or files: \n'}
[0.375531] (sensors) StdoutLine: {'line': b"-- Added test 'lint_cmake' to check CMake code style\n"}
[0.376425] (sensors) StdoutLine: {'line': b"-- Added test 'uncrustify' to check C / C++ code style\n"}
[0.376609] (sensors) StdoutLine: {'line': b'-- Configured uncrustify additional arguments: \n'}
[0.377011] (sensors) StdoutLine: {'line': b"-- Added test 'xmllint' to check XML markup files\n"}
[0.377922] (sensors) StdoutLine: {'line': b'-- Configuring incomplete, errors occurred!\n'}
[0.378526] (sensors) StdoutLine: {'line': b'See also "/home/ubuntu/roboracing-f1tenth/build/sensors/CMakeFiles/CMakeOutput.log".\n'}
[0.381856] (sensors) StderrLine: {'line': b'gmake: *** [Makefile:267: cmake_check_build_system] Error 1\n'}
[0.384939] (sensors) CommandEnded: {'returncode': 2}
[0.402155] (-) TimerEvent: {}
[0.404015] (sensors) JobEnded: {'identifier': 'sensors', 'rc': 2}
[0.416313] (-) EventReactorShutdown: {}
