[0.000000] (-) TimerEvent: {}
[0.000443] (sensors) JobQueued: {'identifier': 'sensors', 'dependencies': OrderedDict()}
[0.001139] (sensors) JobStarted: {'identifier': 'sensors'}
[0.017885] (sensors) JobProgress: {'identifier': 'sensors', 'progress': 'cmake'}
[0.019304] (sensors) JobProgress: {'identifier': 'sensors', 'progress': 'build'}
[0.021918] (sensors) Command: {'cmd': ['/usr/bin/cmake', '--build', '/home/ubuntu/roboracing-f1tenth/build/sensors', '--', '-j8', '-l8'], 'cwd': '/home/ubuntu/roboracing-f1tenth/build/sensors', 'env': OrderedDict([('VNCDESKTOP', 'bbb7d4524d2d:1 (ubuntu)'), ('QT_SCALE_FACTOR', '1'), ('USER', 'ubuntu'), ('SUPERVISOR_GROUP_NAME', 'vnc'), ('HOSTNAME', 'bbb7d4524d2d'), ('XDG_SESSION_TYPE', 'x11'), ('GIT_ASKPASS', '/usr/share/codium/resources/app/extensions/git/dist/askpass.sh'), ('SHLVL', '2'), ('LD_LIBRARY_PATH', '/usr/lib/x86_64-linux-gnu/gazebo-11/plugins:/opt/ros/humble/opt/rviz_ogre_vendor/lib:/opt/ros/humble/lib/x86_64-linux-gnu:/opt/ros/humble/lib'), ('HOME', '/home/ubuntu'), ('CHROME_DESKTOP', 'codium.desktop'), ('TERM_PROGRAM_VERSION', '1.96.3'), ('GIO_LAUNCHED_DESKTOP_FILE', '/home/ubuntu/Desktop/codium.desktop'), ('ROS_PYTHON_VERSION', '3'), ('GTK_MODULES', 'appmenu-gtk-module'), ('VSCODE_GIT_ASKPASS_MAIN', '/usr/share/codium/resources/app/extensions/git/dist/askpass-main.js'), ('VSCODE_GIT_ASKPASS_NODE', '/usr/share/codium/codium'), ('LC_CTYPE', 'C.UTF-8'), ('DBUS_SESSION_BUS_ADDRESS', 'unix:abstract=/tmp/dbus-d8nUoaLbJM,guid=aa1b85f45e2138a7ac0f4c4b67930949'), ('COLORTERM', 'truecolor'), ('GIO_LAUNCHED_DESKTOP_FILE_PID', '577'), ('GNOME_KEYRING_CONTROL', '/home/ubuntu/.cache/keyring-8KGS02'), ('UBUNTU_MENUPROXY', '1'), ('COLCON_PREFIX_PATH', '/home/ubuntu/roboracing-f1tenth/install'), ('ROS_DISTRO', 'humble'), ('_', '/usr/bin/colcon'), ('ROS_VERSION', '2'), ('XDG_SESSION_CLASS', 'user'), ('TERM', 'xterm-256color'), ('GTK_OVERLAY_SCROLLING', '0'), ('ROS_LOCALHOST_ONLY', '0'), ('INSIDE_CAJA_PYTHON', ''), ('PATH', '/opt/ros/humble/bin:/usr/local/sbin:/usr/local/bin:/usr/sbin:/usr/bin:/sbin:/bin:/snap/bin'), ('SESSION_MANAGER', 'local/bbb7d4524d2d:@/tmp/.ICE-unix/68,unix/bbb7d4524d2d:/tmp/.ICE-unix/68'), ('GDK_BACKEND', 'x11'), ('DISPLAY', ':1'), ('LANG', 'en_US.UTF-8'), ('XDG_CURRENT_DESKTOP', 'MATE'), ('VSCODE_GIT_IPC_HANDLE', '/tmp/vscode-git-6bd464112c.sock'), ('SUPERVISOR_ENABLED', '1'), ('TERM_PROGRAM', 'vscode'), ('SSH_AUTH_SOCK', '/home/ubuntu/.cache/keyring-8KGS02/ssh'), ('AMENT_PREFIX_PATH', '/home/ubuntu/roboracing-f1tenth/install/sensors:/opt/ros/humble'), ('ORIGINAL_XDG_CURRENT_DESKTOP', 'MATE'), ('NO_AT_BRIDGE', '1'), ('PASSWD', 'ubuntu'), ('SUPERVISOR_SERVER_URL', 'unix:///var/run/supervisor.sock'), ('VSCODE_GIT_ASKPASS_EXTRA_ARGS', ''), ('SUPERVISOR_PROCESS_NAME', 'vnc'), ('PWD', '/home/ubuntu/roboracing-f1tenth/build/sensors'), ('XDG_DATA_DIRS', '/usr/share/gnome:/home/ubuntu/.local/share/flatpak/exports/share:/var/lib/flatpak/exports/share:/usr/local/share:/usr/share:/var/lib/snapd/desktop'), ('PYTHONPATH', '/opt/ros/humble/lib/python3.10/site-packages:/opt/ros/humble/local/lib/python3.10/dist-packages'), ('MATE_DESKTOP_SESSION_ID', 'this-is-deprecated'), ('COLCON', '1'), ('CMAKE_PREFIX_PATH', '/home/ubuntu/roboracing-f1tenth/install/sensors:/opt/ros/humble'), ('QT_FONT_DPI', '96')]), 'shell': False}
[0.088537] (sensors) StdoutLine: {'line': b'\x1b[35m\x1b[1mConsolidate compiler generated dependencies of target realsense_camera_node\x1b[0m\n'}
[0.088791] (sensors) StdoutLine: {'line': b'\x1b[35m\x1b[1mConsolidate compiler generated dependencies of target sensors\x1b[0m\n'}
[0.098605] (-) TimerEvent: {}
[0.112870] (sensors) StdoutLine: {'line': b'[ 50%] \x1b[32mBuilding CXX object CMakeFiles/sensors.dir/src/realsense_camera_node.cpp.o\x1b[0m\n'}
[0.113312] (sensors) StdoutLine: {'line': b'[ 75%] Built target realsense_camera_node\n'}
[0.199560] (-) TimerEvent: {}
[0.300683] (-) TimerEvent: {}
[0.401756] (-) TimerEvent: {}
[0.502530] (-) TimerEvent: {}
[0.603701] (-) TimerEvent: {}
[0.704794] (-) TimerEvent: {}
[0.805589] (-) TimerEvent: {}
[0.906755] (-) TimerEvent: {}
[1.007500] (-) TimerEvent: {}
[1.108537] (-) TimerEvent: {}
[1.209657] (-) TimerEvent: {}
[1.310557] (-) TimerEvent: {}
[1.412157] (-) TimerEvent: {}
[1.513684] (-) TimerEvent: {}
[1.614577] (-) TimerEvent: {}
[1.715555] (-) TimerEvent: {}
[1.816689] (-) TimerEvent: {}
[1.917668] (-) TimerEvent: {}
[2.018610] (-) TimerEvent: {}
[2.120848] (-) TimerEvent: {}
[2.221634] (-) TimerEvent: {}
[2.322728] (-) TimerEvent: {}
[2.423549] (-) TimerEvent: {}
[2.524755] (-) TimerEvent: {}
[2.625688] (-) TimerEvent: {}
[2.726543] (-) TimerEvent: {}
[2.827709] (-) TimerEvent: {}
[2.928755] (-) TimerEvent: {}
[3.029569] (-) TimerEvent: {}
[3.130631] (-) TimerEvent: {}
[3.231596] (-) TimerEvent: {}
[3.332655] (-) TimerEvent: {}
[3.353874] (sensors) StderrLine: {'line': b'\x1b[01m\x1b[K/home/ubuntu/roboracing-f1tenth/sensors/src/realsense_camera_node.cpp:6:1:\x1b[m\x1b[K \x1b[01;31m\x1b[Kerror: \x1b[m\x1b[Kexpected \xe2\x80\x98\x1b[01m\x1b[K{\x1b[m\x1b[K\xe2\x80\x99 before \xe2\x80\x98\x1b[01m\x1b[Kclass\x1b[m\x1b[K\xe2\x80\x99\n'}
[3.354217] (sensors) StderrLine: {'line': b'    6 | \x1b[01;31m\x1b[Kclass\x1b[m\x1b[K RealsenseCameraNode : public rclcpp::Node\n'}
[3.354306] (sensors) StderrLine: {'line': b'      | \x1b[01;31m\x1b[K^~~~~\x1b[m\x1b[K\n'}
[3.356244] (sensors) StderrLine: {'line': b'In file included from \x1b[01m\x1b[K/opt/ros/humble/include/class_loader/class_loader/class_loader.hpp:56\x1b[m\x1b[K,\n'}
[3.356641] (sensors) StderrLine: {'line': b'                 from \x1b[01m\x1b[K/opt/ros/humble/include/rclcpp_components/rclcpp_components/register_node_macro.hpp:18\x1b[m\x1b[K,\n'}
[3.356897] (sensors) StderrLine: {'line': b'                 from \x1b[01m\x1b[K/home/ubuntu/roboracing-f1tenth/sensors/src/realsense_camera_node.cpp:2\x1b[m\x1b[K:\n'}
[3.356981] (sensors) StderrLine: {'line': b'\x1b[01m\x1b[K/home/ubuntu/roboracing-f1tenth/sensors/src/realsense_camera_node.cpp:17:42:\x1b[m\x1b[K \x1b[01;31m\x1b[Kerror: \x1b[m\x1b[K\xe2\x80\x98\x1b[01m\x1b[KRealsenseCameraNode\x1b[m\x1b[K\xe2\x80\x99 is not a member of \xe2\x80\x98\x1b[01m\x1b[Ksensors\x1b[m\x1b[K\xe2\x80\x99; did you mean \xe2\x80\x98\x1b[01m\x1b[KRealsenseCameraNode\x1b[m\x1b[K\xe2\x80\x99?\n'}
[3.357043] (sensors) StderrLine: {'line': b'   17 | RCLCPP_COMPONENTS_REGISTER_NODE(sensors::\x1b[01;31m\x1b[KRealsenseCameraNode\x1b[m\x1b[K)\n'}
[3.357097] (sensors) StderrLine: {'line': b'      |                                          \x1b[01;31m\x1b[K^~~~~~~~~~~~~~~~~~~\x1b[m\x1b[K\n'}
[3.357150] (sensors) StderrLine: {'line': b'\x1b[01m\x1b[K/home/ubuntu/roboracing-f1tenth/sensors/src/realsense_camera_node.cpp:6:7:\x1b[m\x1b[K \x1b[01;36m\x1b[Knote: \x1b[m\x1b[K\xe2\x80\x98\x1b[01m\x1b[KRealsenseCameraNode\x1b[m\x1b[K\xe2\x80\x99 declared here\n'}
[3.357205] (sensors) StderrLine: {'line': b'    6 | class \x1b[01;36m\x1b[KRealsenseCameraNode\x1b[m\x1b[K : public rclcpp::Node\n'}
[3.357259] (sensors) StderrLine: {'line': b'      |       \x1b[01;36m\x1b[K^~~~~~~~~~~~~~~~~~~\x1b[m\x1b[K\n'}
[3.357313] (sensors) StderrLine: {'line': b'In file included from \x1b[01m\x1b[K/opt/ros/humble/include/class_loader/class_loader/class_loader.hpp:56\x1b[m\x1b[K,\n'}
[3.357372] (sensors) StderrLine: {'line': b'                 from \x1b[01m\x1b[K/opt/ros/humble/include/rclcpp_components/rclcpp_components/register_node_macro.hpp:18\x1b[m\x1b[K,\n'}
[3.357428] (sensors) StderrLine: {'line': b'                 from \x1b[01m\x1b[K/home/ubuntu/roboracing-f1tenth/sensors/src/realsense_camera_node.cpp:2\x1b[m\x1b[K:\n'}
[3.357588] (sensors) StderrLine: {'line': b'\x1b[01m\x1b[K/home/ubuntu/roboracing-f1tenth/sensors/src/realsense_camera_node.cpp:17:1:\x1b[m\x1b[K \x1b[01;31m\x1b[Kerror: \x1b[m\x1b[Ktemplate argument 1 is invalid\n'}
[3.357657] (sensors) StderrLine: {'line': b'   17 | \x1b[01;31m\x1b[KRCLCPP_COMPONENTS_REGISTER_NODE\x1b[m\x1b[K(sensors::RealsenseCameraNode)\n'}
[3.357711] (sensors) StderrLine: {'line': b'      | \x1b[01;31m\x1b[K^~~~~~~~~~~~~~~~~~~~~~~~~~~~~~~\x1b[m\x1b[K\n'}
[3.433566] (-) TimerEvent: {}
[3.534762] (-) TimerEvent: {}
[3.635671] (-) TimerEvent: {}
[3.736597] (-) TimerEvent: {}
[3.837626] (-) TimerEvent: {}
[3.921104] (sensors) StderrLine: {'line': b'In file included from \x1b[01m\x1b[K/opt/ros/humble/include/class_loader/class_loader/class_loader_core.hpp:57\x1b[m\x1b[K,\n'}
[3.921324] (sensors) StderrLine: {'line': b'                 from \x1b[01m\x1b[K/opt/ros/humble/include/class_loader/class_loader/class_loader.hpp:55\x1b[m\x1b[K,\n'}
[3.921388] (sensors) StderrLine: {'line': b'                 from \x1b[01m\x1b[K/opt/ros/humble/include/rclcpp_components/rclcpp_components/register_node_macro.hpp:18\x1b[m\x1b[K,\n'}
[3.921532] (sensors) StderrLine: {'line': b'                 from \x1b[01m\x1b[K/home/ubuntu/roboracing-f1tenth/sensors/src/realsense_camera_node.cpp:2\x1b[m\x1b[K:\n'}
[3.921594] (sensors) StderrLine: {'line': b'/opt/ros/humble/include/class_loader/class_loader/meta_object.hpp: In instantiation of \xe2\x80\x98\x1b[01m\x1b[KB* class_loader::impl::MetaObject<C, B>::create() const [with C = int; B = rclcpp_components::NodeFactory]\x1b[m\x1b[K\xe2\x80\x99:\n'}
[3.921648] (sensors) StderrLine: {'line': b'\x1b[01m\x1b[K/opt/ros/humble/include/class_loader/class_loader/meta_object.hpp:216:7:\x1b[m\x1b[K   required from here\n'}
[3.921697] (sensors) StderrLine: {'line': b'\x1b[01m\x1b[K/opt/ros/humble/include/class_loader/class_loader/meta_object.hpp:218:12:\x1b[m\x1b[K \x1b[01;31m\x1b[Kerror: \x1b[m\x1b[Kcannot convert \xe2\x80\x98\x1b[01m\x1b[Kint*\x1b[m\x1b[K\xe2\x80\x99 to \xe2\x80\x98\x1b[01m\x1b[Krclcpp_components::NodeFactory*\x1b[m\x1b[K\xe2\x80\x99 in return\n'}
[3.921750] (sensors) StderrLine: {'line': b'  218 |     return \x1b[01;31m\x1b[Knew C\x1b[m\x1b[K;\n'}
[3.921799] (sensors) StderrLine: {'line': b'      |            \x1b[01;31m\x1b[K^~~~~\x1b[m\x1b[K\n'}
[3.921849] (sensors) StderrLine: {'line': b'      |            \x1b[01;31m\x1b[K|\x1b[m\x1b[K\n'}
[3.921898] (sensors) StderrLine: {'line': b'      |            \x1b[01;31m\x1b[Kint*\x1b[m\x1b[K\n'}
[3.938613] (-) TimerEvent: {}
[3.982856] (sensors) StderrLine: {'line': b'gmake[2]: *** [CMakeFiles/sensors.dir/build.make:76: CMakeFiles/sensors.dir/src/realsense_camera_node.cpp.o] Error 1\n'}
[3.983088] (sensors) StderrLine: {'line': b'gmake[1]: *** [CMakeFiles/Makefile2:139: CMakeFiles/sensors.dir/all] Error 2\n'}
[3.983176] (sensors) StderrLine: {'line': b'gmake: *** [Makefile:146: all] Error 2\n'}
[3.986974] (sensors) CommandEnded: {'returncode': 2}
[4.005103] (sensors) JobEnded: {'identifier': 'sensors', 'rc': 2}
[4.017595] (-) EventReactorShutdown: {}
