[35m[1mScanning dependencies of target wall_follower[0m
[ 50%] [32mBuilding CXX object CMakeFiles/wall_follower.dir/src/wall_follower.cpp.o[0m
[01m[K/sim_ws/src/wall_follower/src/wall_follower.cpp:[m[K In constructor ‘[01m[KWallFollower::WallFollower()[m[K’:
[01m[K/sim_ws/src/wall_follower/src/wall_follower.cpp:10:41:[m[K [01;31m[Kerror: [m[Kno matching function for call to ‘[01m[KPIDController::PIDController()[m[K’
   10 |     WallFollower() : Node("WallFollower"[01;31m[K)[m[K
      |                                         [01;31m[K^[m[K
In file included from [01m[K/sim_ws/src/wall_follower/src/wall_follower.cpp:2[m[K:
[01m[K/sim_ws/src/wall_follower/src/pid_controller.hpp:7:9:[m[K [01;36m[Knote: [m[Kcandidate: ‘[01m[KPIDController::PIDController(double, double, double, double, double)[m[K’
    7 |         [01;36m[KPIDController[m[K(double C, double P, double I, double D, double integral_bound);
      |         [01;36m[K^~~~~~~~~~~~~[m[K
[01m[K/sim_ws/src/wall_follower/src/pid_controller.hpp:7:9:[m[K [01;36m[Knote: [m[K  candidate expects 5 arguments, 0 provided
[01m[K/sim_ws/src/wall_follower/src/pid_controller.hpp:4:7:[m[K [01;36m[Knote: [m[Kcandidate: ‘[01m[Kconstexpr PIDController::PIDController(const PIDController&)[m[K’
    4 | class [01;36m[KPIDController[m[K {
      |       [01;36m[K^~~~~~~~~~~~~[m[K
[01m[K/sim_ws/src/wall_follower/src/pid_controller.hpp:4:7:[m[K [01;36m[Knote: [m[K  candidate expects 1 argument, 0 provided
[01m[K/sim_ws/src/wall_follower/src/pid_controller.hpp:4:7:[m[K [01;36m[Knote: [m[Kcandidate: ‘[01m[Kconstexpr PIDController::PIDController(PIDController&&)[m[K’
[01m[K/sim_ws/src/wall_follower/src/pid_controller.hpp:4:7:[m[K [01;36m[Knote: [m[K  candidate expects 1 argument, 0 provided
[01m[K/sim_ws/src/wall_follower/src/wall_follower.cpp:[m[K In member function ‘[01m[Kdouble WallFollower::computeAngleCallback(sensor_msgs::msg::LaserScan_<std::allocator<void> >::SharedPtr)[m[K’:
[01m[K/sim_ws/src/wall_follower/src/wall_follower.cpp:34:78:[m[K [01;35m[Kwarning: [m[Kunused parameter ‘[01m[Kmsg[m[K’ [[01;35m[K-Wunused-parameter[m[K]
   34 |     double computeAngleCallback([01;35m[Kconst sensor_msgs::msg::LaserScan::SharedPtr msg[m[K) {
      |                                 [01;35m[K~~~~~~~~~~~~~~~~~~~~~~~~~~~~~~~~~~~~~~~~~~~~~^~~[m[K
make[2]: *** [CMakeFiles/wall_follower.dir/build.make:63: CMakeFiles/wall_follower.dir/src/wall_follower.cpp.o] Error 1
make[1]: *** [CMakeFiles/Makefile2:78: CMakeFiles/wall_follower.dir/all] Error 2
make: *** [Makefile:141: all] Error 2
