[0.009s] Invoking command in '/sim_ws/src/wall_follower/build/wall_follower': CMAKE_PREFIX_PATH=/sim_ws/install/f1tenth_gym_ros:/opt/ros/foxy /usr/bin/cmake --build /sim_ws/src/wall_follower/build/wall_follower -- -j12 -l12
[0.025s] [35m[1mScanning dependencies of target wall_follower[0m
[0.034s] [ 50%] [32mBuilding CXX object CMakeFiles/wall_follower.dir/src/wall_follower.cpp.o[0m
[0.454s] [01m[K/sim_ws/src/wall_follower/src/wall_follower.cpp:[m[K In constructor ‘[01m[KWallFollower::WallFollower()[m[K’:
[0.454s] [01m[K/sim_ws/src/wall_follower/src/wall_follower.cpp:10:41:[m[K [01;31m[Kerror: [m[Kno matching function for call to ‘[01m[KPIDController::PIDController()[m[K’
[0.454s]    10 |     WallFollower() : Node("WallFollower"[01;31m[K)[m[K
[0.454s]       |                                         [01;31m[K^[m[K
[0.454s] In file included from [01m[K/sim_ws/src/wall_follower/src/wall_follower.cpp:2[m[K:
[0.454s] [01m[K/sim_ws/src/wall_follower/src/pid_controller.hpp:7:9:[m[K [01;36m[Knote: [m[Kcandidate: ‘[01m[KPIDController::PIDController(double, double, double, double, double)[m[K’
[0.454s]     7 |         [01;36m[KPIDController[m[K(double C, double P, double I, double D, double integral_bound);
[0.454s]       |         [01;36m[K^~~~~~~~~~~~~[m[K
[0.454s] [01m[K/sim_ws/src/wall_follower/src/pid_controller.hpp:7:9:[m[K [01;36m[Knote: [m[K  candidate expects 5 arguments, 0 provided
[0.454s] [01m[K/sim_ws/src/wall_follower/src/pid_controller.hpp:4:7:[m[K [01;36m[Knote: [m[Kcandidate: ‘[01m[Kconstexpr PIDController::PIDController(const PIDController&)[m[K’
[0.454s]     4 | class [01;36m[KPIDController[m[K {
[0.454s]       |       [01;36m[K^~~~~~~~~~~~~[m[K
[0.454s] [01m[K/sim_ws/src/wall_follower/src/pid_controller.hpp:4:7:[m[K [01;36m[Knote: [m[K  candidate expects 1 argument, 0 provided
[0.454s] [01m[K/sim_ws/src/wall_follower/src/pid_controller.hpp:4:7:[m[K [01;36m[Knote: [m[Kcandidate: ‘[01m[Kconstexpr PIDController::PIDController(PIDController&&)[m[K’
[0.454s] [01m[K/sim_ws/src/wall_follower/src/pid_controller.hpp:4:7:[m[K [01;36m[Knote: [m[K  candidate expects 1 argument, 0 provided
[0.458s] [01m[K/sim_ws/src/wall_follower/src/wall_follower.cpp:[m[K In member function ‘[01m[Kdouble WallFollower::computeAngleCallback(sensor_msgs::msg::LaserScan_<std::allocator<void> >::SharedPtr)[m[K’:
[0.458s] [01m[K/sim_ws/src/wall_follower/src/wall_follower.cpp:34:78:[m[K [01;35m[Kwarning: [m[Kunused parameter ‘[01m[Kmsg[m[K’ [[01;35m[K-Wunused-parameter[m[K]
[0.458s]    34 |     double computeAngleCallback([01;35m[Kconst sensor_msgs::msg::LaserScan::SharedPtr msg[m[K) {
[0.458s]       |                                 [01;35m[K~~~~~~~~~~~~~~~~~~~~~~~~~~~~~~~~~~~~~~~~~~~~~^~~[m[K
[0.993s] make[2]: *** [CMakeFiles/wall_follower.dir/build.make:63: CMakeFiles/wall_follower.dir/src/wall_follower.cpp.o] Error 1
[0.993s] make[1]: *** [CMakeFiles/Makefile2:78: CMakeFiles/wall_follower.dir/all] Error 2
[0.993s] make: *** [Makefile:141: all] Error 2
[0.994s] Invoked command in '/sim_ws/src/wall_follower/build/wall_follower' returned '2': CMAKE_PREFIX_PATH=/sim_ws/install/f1tenth_gym_ros:/opt/ros/foxy /usr/bin/cmake --build /sim_ws/src/wall_follower/build/wall_follower -- -j12 -l12
