[0.155s] DEBUG:colcon:Command line arguments: ['/usr/bin/colcon', 'build']
[0.155s] DEBUG:colcon:Parsed command line arguments: Namespace(log_base=None, log_level=None, verb_name='build', build_base='build', install_base='install', merge_install=False, symlink_install=False, test_result_base=None, continue_on_error=False, executor='parallel', parallel_workers=8, event_handlers=None, ignore_user_meta=False, metas=['./colcon.meta'], base_paths=['.'], packages_ignore=None, packages_ignore_regex=None, paths=None, packages_up_to=None, packages_up_to_regex=None, packages_above=None, packages_above_and_dependencies=None, packages_above_depth=None, packages_select_by_dep=None, packages_skip_by_dep=None, packages_skip_up_to=None, packages_select_build_failed=False, packages_skip_build_finished=False, packages_select_test_failures=False, packages_skip_test_passed=False, packages_select=None, packages_skip=None, packages_select_regex=None, packages_skip_regex=None, packages_start=None, packages_end=None, allow_overriding=[], cmake_args=None, cmake_target=None, cmake_target_skip_unavailable=False, cmake_clean_cache=False, cmake_clean_first=False, cmake_force_configure=False, ament_cmake_args=None, catkin_cmake_args=None, catkin_skip_building_tests=False, verb_parser=<colcon_defaults.argument_parser.defaults.DefaultArgumentsDecorator object at 0x7f627a3f7f40>, verb_extension=<colcon_core.verb.build.BuildVerb object at 0x7f627a559300>, main=<bound method BuildVerb.main of <colcon_core.verb.build.BuildVerb object at 0x7f627a559300>>)
[0.371s] Level 1:colcon.colcon_core.package_discovery:discover_packages(colcon_meta) check parameters
[0.371s] Level 1:colcon.colcon_core.package_discovery:discover_packages(recursive) check parameters
[0.371s] Level 1:colcon.colcon_core.package_discovery:discover_packages(ignore) check parameters
[0.371s] Level 1:colcon.colcon_core.package_discovery:discover_packages(path) check parameters
[0.371s] Level 1:colcon.colcon_core.package_discovery:discover_packages(colcon_meta) discover
[0.372s] Level 1:colcon.colcon_core.package_discovery:discover_packages(recursive) discover
[0.372s] INFO:colcon.colcon_core.package_discovery:Crawling recursively for packages in '/home/ubuntu/roboracing-f1tenth'
[0.372s] Level 1:colcon.colcon_core.package_identification:_identify(.) by extensions ['ignore', 'ignore_ament_install']
[0.372s] Level 1:colcon.colcon_core.package_identification:_identify(.) by extension 'ignore'
[0.372s] Level 1:colcon.colcon_core.package_identification:_identify(.) by extension 'ignore_ament_install'
[0.372s] Level 1:colcon.colcon_core.package_identification:_identify(.) by extensions ['colcon_pkg']
[0.372s] Level 1:colcon.colcon_core.package_identification:_identify(.) by extension 'colcon_pkg'
[0.372s] Level 1:colcon.colcon_core.package_identification:_identify(.) by extensions ['colcon_meta']
[0.372s] Level 1:colcon.colcon_core.package_identification:_identify(.) by extension 'colcon_meta'
[0.372s] Level 1:colcon.colcon_core.package_identification:_identify(.) by extensions ['ros']
[0.373s] Level 1:colcon.colcon_core.package_identification:_identify(.) by extension 'ros'
[0.386s] Level 1:colcon.colcon_core.package_identification:_identify(.) by extensions ['cmake', 'python']
[0.386s] Level 1:colcon.colcon_core.package_identification:_identify(.) by extension 'cmake'
[0.386s] Level 1:colcon.colcon_core.package_identification:_identify(.) by extension 'python'
[0.386s] Level 1:colcon.colcon_core.package_identification:_identify(.) by extensions ['python_setup_py']
[0.386s] Level 1:colcon.colcon_core.package_identification:_identify(.) by extension 'python_setup_py'
[0.387s] Level 1:colcon.colcon_core.package_identification:_identify(build) by extensions ['ignore', 'ignore_ament_install']
[0.387s] Level 1:colcon.colcon_core.package_identification:_identify(build) by extension 'ignore'
[0.387s] Level 1:colcon.colcon_core.package_identification:_identify(build) ignored
[0.387s] Level 1:colcon.colcon_core.package_identification:_identify(install) by extensions ['ignore', 'ignore_ament_install']
[0.387s] Level 1:colcon.colcon_core.package_identification:_identify(install) by extension 'ignore'
[0.387s] Level 1:colcon.colcon_core.package_identification:_identify(install) ignored
[0.388s] Level 1:colcon.colcon_core.package_identification:_identify(log) by extensions ['ignore', 'ignore_ament_install']
[0.388s] Level 1:colcon.colcon_core.package_identification:_identify(log) by extension 'ignore'
[0.388s] Level 1:colcon.colcon_core.package_identification:_identify(log) ignored
[0.388s] Level 1:colcon.colcon_core.package_identification:_identify(sensors) by extensions ['ignore', 'ignore_ament_install']
[0.388s] Level 1:colcon.colcon_core.package_identification:_identify(sensors) by extension 'ignore'
[0.388s] Level 1:colcon.colcon_core.package_identification:_identify(sensors) by extension 'ignore_ament_install'
[0.388s] Level 1:colcon.colcon_core.package_identification:_identify(sensors) by extensions ['colcon_pkg']
[0.389s] Level 1:colcon.colcon_core.package_identification:_identify(sensors) by extension 'colcon_pkg'
[0.389s] Level 1:colcon.colcon_core.package_identification:_identify(sensors) by extensions ['colcon_meta']
[0.389s] Level 1:colcon.colcon_core.package_identification:_identify(sensors) by extension 'colcon_meta'
[0.389s] Level 1:colcon.colcon_core.package_identification:_identify(sensors) by extensions ['ros']
[0.389s] Level 1:colcon.colcon_core.package_identification:_identify(sensors) by extension 'ros'
[0.391s] DEBUG:colcon.colcon_core.package_identification:Package 'sensors' with type 'ros.ament_cmake' and name 'sensors'
[0.391s] Level 1:colcon.colcon_core.package_discovery:discover_packages(recursive) using defaults
[0.392s] Level 1:colcon.colcon_core.package_discovery:discover_packages(ignore) discover
[0.392s] Level 1:colcon.colcon_core.package_discovery:discover_packages(ignore) using defaults
[0.392s] Level 1:colcon.colcon_core.package_discovery:discover_packages(path) discover
[0.392s] Level 1:colcon.colcon_core.package_discovery:discover_packages(path) using defaults
[0.416s] Level 1:colcon.colcon_core.package_discovery:discover_packages(prefix_path) check parameters
[0.416s] Level 1:colcon.colcon_core.package_discovery:discover_packages(prefix_path) discover
[0.431s] DEBUG:colcon.colcon_installed_package_information.package_discovery:Found 1 installed packages in /home/ubuntu/roboracing-f1tenth/install
[0.434s] DEBUG:colcon.colcon_installed_package_information.package_discovery:Found 339 installed packages in /opt/ros/humble
[0.435s] Level 1:colcon.colcon_core.package_discovery:discover_packages(prefix_path) using defaults
[0.481s] Level 5:colcon.colcon_core.verb:set package 'sensors' build argument 'cmake_args' from command line to 'None'
[0.481s] Level 5:colcon.colcon_core.verb:set package 'sensors' build argument 'cmake_target' from command line to 'None'
[0.481s] Level 5:colcon.colcon_core.verb:set package 'sensors' build argument 'cmake_target_skip_unavailable' from command line to 'False'
[0.481s] Level 5:colcon.colcon_core.verb:set package 'sensors' build argument 'cmake_clean_cache' from command line to 'False'
[0.482s] Level 5:colcon.colcon_core.verb:set package 'sensors' build argument 'cmake_clean_first' from command line to 'False'
[0.482s] Level 5:colcon.colcon_core.verb:set package 'sensors' build argument 'cmake_force_configure' from command line to 'False'
[0.482s] Level 5:colcon.colcon_core.verb:set package 'sensors' build argument 'ament_cmake_args' from command line to 'None'
[0.482s] Level 5:colcon.colcon_core.verb:set package 'sensors' build argument 'catkin_cmake_args' from command line to 'None'
[0.482s] Level 5:colcon.colcon_core.verb:set package 'sensors' build argument 'catkin_skip_building_tests' from command line to 'False'
[0.482s] DEBUG:colcon.colcon_core.verb:Building package 'sensors' with the following arguments: {'ament_cmake_args': None, 'build_base': '/home/ubuntu/roboracing-f1tenth/build/sensors', 'catkin_cmake_args': None, 'catkin_skip_building_tests': False, 'cmake_args': None, 'cmake_clean_cache': False, 'cmake_clean_first': False, 'cmake_force_configure': False, 'cmake_target': None, 'cmake_target_skip_unavailable': False, 'install_base': '/home/ubuntu/roboracing-f1tenth/install/sensors', 'merge_install': False, 'path': '/home/ubuntu/roboracing-f1tenth/sensors', 'symlink_install': False, 'test_result_base': None}
[0.482s] INFO:colcon.colcon_core.executor:Executing jobs using 'parallel' executor
[0.483s] DEBUG:colcon.colcon_parallel_executor.executor.parallel:run_until_complete
[0.484s] INFO:colcon.colcon_ros.task.ament_cmake.build:Building ROS package in '/home/ubuntu/roboracing-f1tenth/sensors' with build type 'ament_cmake'
[0.484s] INFO:colcon.colcon_cmake.task.cmake.build:Building CMake package in '/home/ubuntu/roboracing-f1tenth/sensors'
[0.487s] INFO:colcon.colcon_core.plugin_system:Skipping extension 'colcon_core.shell.bat': Not used on non-Windows systems
[0.487s] INFO:colcon.colcon_core.shell:Skip shell extension 'powershell' for command environment: Not usable outside of PowerShell
[0.487s] DEBUG:colcon.colcon_core.shell:Skip shell extension 'dsv' for command environment
[0.505s] DEBUG:colcon.colcon_core.event_handler.log_command:Invoking command in '/home/ubuntu/roboracing-f1tenth/build/sensors': CMAKE_PREFIX_PATH=${CMAKE_PREFIX_PATH}:/opt/ros/humble /usr/bin/cmake --build /home/ubuntu/roboracing-f1tenth/build/sensors -- -j8 -l8
[4.278s] DEBUG:colcon.colcon_core.event_handler.log_command:Invoked command in '/home/ubuntu/roboracing-f1tenth/build/sensors' returned '0': CMAKE_PREFIX_PATH=${CMAKE_PREFIX_PATH}:/opt/ros/humble /usr/bin/cmake --build /home/ubuntu/roboracing-f1tenth/build/sensors -- -j8 -l8
[4.294s] DEBUG:colcon.colcon_core.event_handler.log_command:Invoking command in '/home/ubuntu/roboracing-f1tenth/build/sensors': CMAKE_PREFIX_PATH=${CMAKE_PREFIX_PATH}:/opt/ros/humble /usr/bin/cmake --install /home/ubuntu/roboracing-f1tenth/build/sensors
[4.311s] Level 1:colcon.colcon_core.environment:create_environment_scripts_only(sensors)
[4.312s] DEBUG:colcon.colcon_core.event_handler.log_command:Invoked command in '/home/ubuntu/roboracing-f1tenth/build/sensors' returned '0': CMAKE_PREFIX_PATH=${CMAKE_PREFIX_PATH}:/opt/ros/humble /usr/bin/cmake --install /home/ubuntu/roboracing-f1tenth/build/sensors
[4.315s] Level 1:colcon.colcon_core.environment:checking '/home/ubuntu/roboracing-f1tenth/install/sensors' for CMake module files
[4.315s] Level 1:colcon.colcon_core.environment:checking '/home/ubuntu/roboracing-f1tenth/install/sensors' for CMake config files
[4.316s] Level 1:colcon.colcon_core.shell:create_environment_hook('sensors', 'cmake_prefix_path')
[4.316s] INFO:colcon.colcon_core.shell:Creating environment hook '/home/ubuntu/roboracing-f1tenth/install/sensors/share/sensors/hook/cmake_prefix_path.ps1'
[4.317s] INFO:colcon.colcon_core.shell:Creating environment descriptor '/home/ubuntu/roboracing-f1tenth/install/sensors/share/sensors/hook/cmake_prefix_path.dsv'
[4.317s] INFO:colcon.colcon_core.shell:Creating environment hook '/home/ubuntu/roboracing-f1tenth/install/sensors/share/sensors/hook/cmake_prefix_path.sh'
[4.319s] Level 1:colcon.colcon_core.environment:checking '/home/ubuntu/roboracing-f1tenth/install/sensors/lib'
[4.319s] Level 1:colcon.colcon_core.shell:create_environment_hook('sensors', 'ld_library_path_lib')
[4.319s] INFO:colcon.colcon_core.shell:Creating environment hook '/home/ubuntu/roboracing-f1tenth/install/sensors/share/sensors/hook/ld_library_path_lib.ps1'
[4.320s] INFO:colcon.colcon_core.shell:Creating environment descriptor '/home/ubuntu/roboracing-f1tenth/install/sensors/share/sensors/hook/ld_library_path_lib.dsv'
[4.320s] INFO:colcon.colcon_core.shell:Creating environment hook '/home/ubuntu/roboracing-f1tenth/install/sensors/share/sensors/hook/ld_library_path_lib.sh'
[4.320s] Level 1:colcon.colcon_core.environment:checking '/home/ubuntu/roboracing-f1tenth/install/sensors/bin'
[4.321s] Level 1:colcon.colcon_core.environment:checking '/home/ubuntu/roboracing-f1tenth/install/sensors/lib/pkgconfig/sensors.pc'
[4.321s] Level 1:colcon.colcon_core.environment:checking '/home/ubuntu/roboracing-f1tenth/install/sensors/lib/python3.10/site-packages'
[4.321s] Level 1:colcon.colcon_core.environment:checking '/home/ubuntu/roboracing-f1tenth/install/sensors/bin'
[4.322s] INFO:colcon.colcon_core.shell:Creating package script '/home/ubuntu/roboracing-f1tenth/install/sensors/share/sensors/package.ps1'
[4.323s] INFO:colcon.colcon_core.shell:Creating package descriptor '/home/ubuntu/roboracing-f1tenth/install/sensors/share/sensors/package.dsv'
[4.324s] INFO:colcon.colcon_core.shell:Creating package script '/home/ubuntu/roboracing-f1tenth/install/sensors/share/sensors/package.sh'
[4.325s] INFO:colcon.colcon_core.shell:Creating package script '/home/ubuntu/roboracing-f1tenth/install/sensors/share/sensors/package.bash'
[4.325s] INFO:colcon.colcon_core.shell:Creating package script '/home/ubuntu/roboracing-f1tenth/install/sensors/share/sensors/package.zsh'
[4.327s] Level 1:colcon.colcon_core.environment:create_file_with_runtime_dependencies(/home/ubuntu/roboracing-f1tenth/install/sensors/share/colcon-core/packages/sensors)
[4.328s] Level 1:colcon.colcon_core.environment:create_environment_scripts_only(sensors)
[4.329s] Level 1:colcon.colcon_core.environment:checking '/home/ubuntu/roboracing-f1tenth/install/sensors' for CMake module files
[4.329s] Level 1:colcon.colcon_core.environment:checking '/home/ubuntu/roboracing-f1tenth/install/sensors' for CMake config files
[4.330s] Level 1:colcon.colcon_core.shell:create_environment_hook('sensors', 'cmake_prefix_path')
[4.330s] INFO:colcon.colcon_core.shell:Creating environment hook '/home/ubuntu/roboracing-f1tenth/install/sensors/share/sensors/hook/cmake_prefix_path.ps1'
[4.331s] INFO:colcon.colcon_core.shell:Creating environment descriptor '/home/ubuntu/roboracing-f1tenth/install/sensors/share/sensors/hook/cmake_prefix_path.dsv'
[4.331s] INFO:colcon.colcon_core.shell:Creating environment hook '/home/ubuntu/roboracing-f1tenth/install/sensors/share/sensors/hook/cmake_prefix_path.sh'
[4.332s] Level 1:colcon.colcon_core.environment:checking '/home/ubuntu/roboracing-f1tenth/install/sensors/lib'
[4.332s] Level 1:colcon.colcon_core.shell:create_environment_hook('sensors', 'ld_library_path_lib')
[4.332s] INFO:colcon.colcon_core.shell:Creating environment hook '/home/ubuntu/roboracing-f1tenth/install/sensors/share/sensors/hook/ld_library_path_lib.ps1'
[4.333s] INFO:colcon.colcon_core.shell:Creating environment descriptor '/home/ubuntu/roboracing-f1tenth/install/sensors/share/sensors/hook/ld_library_path_lib.dsv'
[4.334s] INFO:colcon.colcon_core.shell:Creating environment hook '/home/ubuntu/roboracing-f1tenth/install/sensors/share/sensors/hook/ld_library_path_lib.sh'
[4.334s] Level 1:colcon.colcon_core.environment:checking '/home/ubuntu/roboracing-f1tenth/install/sensors/bin'
[4.334s] Level 1:colcon.colcon_core.environment:checking '/home/ubuntu/roboracing-f1tenth/install/sensors/lib/pkgconfig/sensors.pc'
[4.334s] Level 1:colcon.colcon_core.environment:checking '/home/ubuntu/roboracing-f1tenth/install/sensors/lib/python3.10/site-packages'
[4.335s] Level 1:colcon.colcon_core.environment:checking '/home/ubuntu/roboracing-f1tenth/install/sensors/bin'
[4.335s] INFO:colcon.colcon_core.shell:Creating package script '/home/ubuntu/roboracing-f1tenth/install/sensors/share/sensors/package.ps1'
[4.336s] INFO:colcon.colcon_core.shell:Creating package descriptor '/home/ubuntu/roboracing-f1tenth/install/sensors/share/sensors/package.dsv'
[4.336s] INFO:colcon.colcon_core.shell:Creating package script '/home/ubuntu/roboracing-f1tenth/install/sensors/share/sensors/package.sh'
[4.337s] INFO:colcon.colcon_core.shell:Creating package script '/home/ubuntu/roboracing-f1tenth/install/sensors/share/sensors/package.bash'
[4.337s] INFO:colcon.colcon_core.shell:Creating package script '/home/ubuntu/roboracing-f1tenth/install/sensors/share/sensors/package.zsh'
[4.338s] Level 1:colcon.colcon_core.environment:create_file_with_runtime_dependencies(/home/ubuntu/roboracing-f1tenth/install/sensors/share/colcon-core/packages/sensors)
[4.338s] DEBUG:colcon.colcon_parallel_executor.executor.parallel:closing loop
[4.338s] DEBUG:colcon.colcon_parallel_executor.executor.parallel:loop closed
[4.339s] DEBUG:colcon.colcon_parallel_executor.executor.parallel:run_until_complete finished with '0'
[4.339s] DEBUG:colcon.colcon_core.event_reactor:joining thread
[4.347s] INFO:colcon.colcon_core.plugin_system:Skipping extension 'colcon_notification.desktop_notification.terminal_notifier': Not used on non-Darwin systems
[4.347s] INFO:colcon.colcon_core.plugin_system:Skipping extension 'colcon_notification.desktop_notification.win32': Not used on non-Windows systems
[4.347s] INFO:colcon.colcon_notification.desktop_notification:Sending desktop notification using 'notify2'
[4.564s] DEBUG:colcon.colcon_core.event_reactor:joined thread
[4.565s] INFO:colcon.colcon_core.shell:Creating prefix script '/home/ubuntu/roboracing-f1tenth/install/local_setup.ps1'
[4.566s] INFO:colcon.colcon_core.shell:Creating prefix util module '/home/ubuntu/roboracing-f1tenth/install/_local_setup_util_ps1.py'
[4.568s] INFO:colcon.colcon_core.shell:Creating prefix chain script '/home/ubuntu/roboracing-f1tenth/install/setup.ps1'
[4.569s] INFO:colcon.colcon_core.shell:Creating prefix script '/home/ubuntu/roboracing-f1tenth/install/local_setup.sh'
[4.570s] INFO:colcon.colcon_core.shell:Creating prefix util module '/home/ubuntu/roboracing-f1tenth/install/_local_setup_util_sh.py'
[4.570s] INFO:colcon.colcon_core.shell:Creating prefix chain script '/home/ubuntu/roboracing-f1tenth/install/setup.sh'
[4.571s] INFO:colcon.colcon_core.shell:Creating prefix script '/home/ubuntu/roboracing-f1tenth/install/local_setup.bash'
[4.572s] INFO:colcon.colcon_core.shell:Creating prefix chain script '/home/ubuntu/roboracing-f1tenth/install/setup.bash'
[4.573s] INFO:colcon.colcon_core.shell:Creating prefix script '/home/ubuntu/roboracing-f1tenth/install/local_setup.zsh'
[4.574s] INFO:colcon.colcon_core.shell:Creating prefix chain script '/home/ubuntu/roboracing-f1tenth/install/setup.zsh'
