[35m[1mConsolidate compiler generated dependencies of target sensors[0m
[ 50%] Built target realsense_camera_node
[ 75%] [32mBuilding CXX object CMakeFiles/sensors.dir/src/realsense_camera_node.cpp.o[0m
[100%] [32m[1mLinking CXX shared library libsensors.so[0m
[100%] Built target sensors
-- Install configuration: ""
-- Installing: /home/ubuntu/roboracing-f1tenth/install/sensors/lib/libsensors.so
-- Set runtime path of "/home/ubuntu/roboracing-f1tenth/install/sensors/lib/libsensors.so" to ""
-- Installing: /home/ubuntu/roboracing-f1tenth/install/sensors/lib/sensors/realsense_camera_node
-- Set runtime path of "/home/ubuntu/roboracing-f1tenth/install/sensors/lib/sensors/realsense_camera_node" to ""
-- Installing: /home/ubuntu/roboracing-f1tenth/install/sensors/share/ament_index/resource_index/package_run_dependencies/sensors
-- Up-to-date: /home/ubuntu/roboracing-f1tenth/install/sensors/share/ament_index/resource_index/parent_prefix_path/sensors
-- Up-to-date: /home/ubuntu/roboracing-f1tenth/install/sensors/share/sensors/environment/ament_prefix_path.sh
-- Installing: /home/ubuntu/roboracing-f1tenth/install/sensors/share/sensors/environment/ament_prefix_path.dsv
-- Up-to-date: /home/ubuntu/roboracing-f1tenth/install/sensors/share/sensors/environment/path.sh
-- Installing: /home/ubuntu/roboracing-f1tenth/install/sensors/share/sensors/environment/path.dsv
-- Up-to-date: /home/ubuntu/roboracing-f1tenth/install/sensors/share/sensors/local_setup.bash
-- Up-to-date: /home/ubuntu/roboracing-f1tenth/install/sensors/share/sensors/local_setup.sh
-- Up-to-date: /home/ubuntu/roboracing-f1tenth/install/sensors/share/sensors/local_setup.zsh
-- Installing: /home/ubuntu/roboracing-f1tenth/install/sensors/share/sensors/local_setup.dsv
-- Installing: /home/ubuntu/roboracing-f1tenth/install/sensors/share/sensors/package.dsv
-- Up-to-date: /home/ubuntu/roboracing-f1tenth/install/sensors/share/ament_index/resource_index/packages/sensors
-- Installing: /home/ubuntu/roboracing-f1tenth/install/sensors/share/ament_index/resource_index/rclcpp_components/sensors
-- Up-to-date: /home/ubuntu/roboracing-f1tenth/install/sensors/share/sensors/cmake/sensorsConfig.cmake
-- Up-to-date: /home/ubuntu/roboracing-f1tenth/install/sensors/share/sensors/cmake/sensorsConfig-version.cmake
-- Installing: /home/ubuntu/roboracing-f1tenth/install/sensors/share/sensors/package.xml
