[0.000000] (-) TimerEvent: {}
[0.000465] (sensors) JobQueued: {'identifier': 'sensors', 'dependencies': OrderedDict()}
[0.000577] (sensors) JobStarted: {'identifier': 'sensors'}
[0.013038] (sensors) JobProgress: {'identifier': 'sensors', 'progress': 'cmake'}
[0.015655] (sensors) JobProgress: {'identifier': 'sensors', 'progress': 'build'}
[0.015779] (sensors) Command: {'cmd': ['/usr/bin/cmake', '--build', '/home/ubuntu/roboracing-f1tenth/build/sensors', '--', '-j8', '-l8'], 'cwd': '/home/ubuntu/roboracing-f1tenth/build/sensors', 'env': OrderedDict([('VNCDESKTOP', 'bbb7d4524d2d:1 (ubuntu)'), ('QT_SCALE_FACTOR', '1'), ('USER', 'ubuntu'), ('SUPERVISOR_GROUP_NAME', 'vnc'), ('HOSTNAME', 'bbb7d4524d2d'), ('XDG_SESSION_TYPE', 'x11'), ('GIT_ASKPASS', '/usr/share/codium/resources/app/extensions/git/dist/askpass.sh'), ('SHLVL', '2'), ('LD_LIBRARY_PATH', '/usr/lib/x86_64-linux-gnu/gazebo-11/plugins:/opt/ros/humble/opt/rviz_ogre_vendor/lib:/opt/ros/humble/lib/x86_64-linux-gnu:/opt/ros/humble/lib'), ('HOME', '/home/ubuntu'), ('CHROME_DESKTOP', 'codium.desktop'), ('OLDPWD', '/home/ubuntu/roboracing-f1tenth/sensors'), ('TERM_PROGRAM_VERSION', '1.96.3'), ('GIO_LAUNCHED_DESKTOP_FILE', '/home/ubuntu/Desktop/codium.desktop'), ('ROS_PYTHON_VERSION', '3'), ('GTK_MODULES', 'appmenu-gtk-module'), ('VSCODE_GIT_ASKPASS_MAIN', '/usr/share/codium/resources/app/extensions/git/dist/askpass-main.js'), ('VSCODE_GIT_ASKPASS_NODE', '/usr/share/codium/codium'), ('LC_CTYPE', 'C.UTF-8'), ('DBUS_SESSION_BUS_ADDRESS', 'unix:abstract=/tmp/dbus-W6khD4RlHD,guid=acea5d8327f3559d0d0439fd679281ad'), ('COLORTERM', 'truecolor'), ('GIO_LAUNCHED_DESKTOP_FILE_PID', '905'), ('GNOME_KEYRING_CONTROL', '/home/ubuntu/.cache/keyring-WDZ002'), ('UBUNTU_MENUPROXY', '1'), ('COLCON_PREFIX_PATH', '/home/ubuntu/roboracing-f1tenth/install'), ('ROS_DISTRO', 'humble'), ('_', '/usr/bin/colcon'), ('ROS_VERSION', '2'), ('XDG_SESSION_CLASS', 'user'), ('TERM', 'xterm-256color'), ('GTK_OVERLAY_SCROLLING', '0'), ('ROS_LOCALHOST_ONLY', '0'), ('INSIDE_CAJA_PYTHON', ''), ('PATH', '/opt/ros/humble/bin:/usr/local/sbin:/usr/local/bin:/usr/sbin:/usr/bin:/sbin:/bin:/snap/bin'), ('SESSION_MANAGER', 'local/bbb7d4524d2d:@/tmp/.ICE-unix/84,unix/bbb7d4524d2d:/tmp/.ICE-unix/84'), ('GDK_BACKEND', 'x11'), ('DISPLAY', ':1'), ('LANG', 'en_US.UTF-8'), ('XDG_CURRENT_DESKTOP', 'MATE'), ('VSCODE_GIT_IPC_HANDLE', '/tmp/vscode-git-6bd464112c.sock'), ('SUPERVISOR_ENABLED', '1'), ('TERM_PROGRAM', 'vscode'), ('SSH_AUTH_SOCK', '/home/ubuntu/.cache/keyring-WDZ002/ssh'), ('AMENT_PREFIX_PATH', '/home/ubuntu/roboracing-f1tenth/install/sensors:/opt/ros/humble'), ('ORIGINAL_XDG_CURRENT_DESKTOP', 'MATE'), ('NO_AT_BRIDGE', '1'), ('PASSWD', 'ubuntu'), ('SUPERVISOR_SERVER_URL', 'unix:///var/run/supervisor.sock'), ('VSCODE_GIT_ASKPASS_EXTRA_ARGS', ''), ('SUPERVISOR_PROCESS_NAME', 'vnc'), ('PWD', '/home/ubuntu/roboracing-f1tenth/build/sensors'), ('XDG_DATA_DIRS', '/usr/share/gnome:/home/ubuntu/.local/share/flatpak/exports/share:/var/lib/flatpak/exports/share:/usr/local/share:/usr/share:/var/lib/snapd/desktop'), ('PYTHONPATH', '/opt/ros/humble/lib/python3.10/site-packages:/opt/ros/humble/local/lib/python3.10/dist-packages'), ('MATE_DESKTOP_SESSION_ID', 'this-is-deprecated'), ('COLCON', '1'), ('CMAKE_PREFIX_PATH', '/home/ubuntu/roboracing-f1tenth/install/sensors:/opt/ros/humble'), ('QT_FONT_DPI', '96')]), 'shell': False}
[0.050958] (sensors) StdoutLine: {'line': b'-- Found ament_cmake: 1.3.11 (/opt/ros/humble/share/ament_cmake/cmake)\n'}
[0.098227] (-) TimerEvent: {}
[0.199390] (-) TimerEvent: {}
[0.220956] (sensors) StdoutLine: {'line': b'-- Found rclcpp: 16.0.11 (/opt/ros/humble/share/rclcpp/cmake)\n'}
[0.264398] (sensors) StdoutLine: {'line': b'-- Found rosidl_generator_c: 3.1.6 (/opt/ros/humble/share/rosidl_generator_c/cmake)\n'}
[0.268336] (sensors) StdoutLine: {'line': b'-- Found rosidl_adapter: 3.1.6 (/opt/ros/humble/share/rosidl_adapter/cmake)\n'}
[0.277106] (sensors) StdoutLine: {'line': b'-- Found rosidl_generator_cpp: 3.1.6 (/opt/ros/humble/share/rosidl_generator_cpp/cmake)\n'}
[0.288978] (sensors) StdoutLine: {'line': b'-- Using all available rosidl_typesupport_c: rosidl_typesupport_fastrtps_c;rosidl_typesupport_introspection_c\n'}
[0.300290] (-) TimerEvent: {}
[0.305606] (sensors) StdoutLine: {'line': b'-- Using all available rosidl_typesupport_cpp: rosidl_typesupport_fastrtps_cpp;rosidl_typesupport_introspection_cpp\n'}
[0.347340] (sensors) StdoutLine: {'line': b'-- Found rmw_implementation_cmake: 6.1.2 (/opt/ros/humble/share/rmw_implementation_cmake/cmake)\n'}
[0.349074] (sensors) StdoutLine: {'line': b'-- Found rmw_fastrtps_cpp: 6.2.7 (/opt/ros/humble/share/rmw_fastrtps_cpp/cmake)\n'}
[0.401173] (-) TimerEvent: {}
[0.502386] (-) TimerEvent: {}
[0.531506] (sensors) StdoutLine: {'line': b"-- Using RMW implementation 'rmw_fastrtps_cpp' as default\n"}
[0.594391] (sensors) StdoutLine: {'line': b'-- Found ament_lint_auto: 0.12.11 (/opt/ros/humble/share/ament_lint_auto/cmake)\n'}
[0.603311] (-) TimerEvent: {}
[0.698082] (sensors) StdoutLine: {'line': b"-- Added test 'cppcheck' to perform static code analysis on C / C++ code\n"}
[0.698390] (sensors) StdoutLine: {'line': b'-- Configured cppcheck include dirs: $<BUILD_INTERFACE:/home/ubuntu/roboracing-f1tenth/sensors/include>\n'}
[0.698457] (sensors) StdoutLine: {'line': b'-- Configured cppcheck exclude dirs and/or files: \n'}
[0.698906] (sensors) StdoutLine: {'line': b"-- Added test 'lint_cmake' to check CMake code style\n"}
[0.700097] (sensors) StdoutLine: {'line': b"-- Added test 'uncrustify' to check C / C++ code style\n"}
[0.700338] (sensors) StdoutLine: {'line': b'-- Configured uncrustify additional arguments: \n'}
[0.700797] (sensors) StdoutLine: {'line': b"-- Added test 'xmllint' to check XML markup files\n"}
[0.701730] (sensors) StdoutLine: {'line': b'-- Configuring done\n'}
[0.704415] (-) TimerEvent: {}
[0.721739] (sensors) StdoutLine: {'line': b'-- Generating done\n'}
[0.727020] (sensors) StdoutLine: {'line': b'-- Build files have been written to: /home/ubuntu/roboracing-f1tenth/build/sensors\n'}
[0.774733] (sensors) StdoutLine: {'line': b'[ 50%] \x1b[32mBuilding CXX object CMakeFiles/realsense_camera_publisher.dir/src/realsense_camera_publisher.cpp.o\x1b[0m\n'}
[0.774974] (sensors) StdoutLine: {'line': b'[ 50%] \x1b[32mBuilding CXX object CMakeFiles/talker.dir/src/realsense_camera_publisher.cpp.o\x1b[0m\n'}
[0.805421] (-) TimerEvent: {}
[0.836549] (sensors) StderrLine: {'line': b'\x1b[01m\x1b[K/home/ubuntu/roboracing-f1tenth/sensors/src/realsense_camera_publisher.cpp:6:10:\x1b[m\x1b[K \x1b[01;31m\x1b[Kfatal error: \x1b[m\x1b[Krclcpp/rclcpp.hpp: No such file or directory\n'}
[0.837032] (sensors) StderrLine: {'line': b'    6 | #include \x1b[01;31m\x1b[K<rclcpp/rclcpp.hpp>\x1b[m\x1b[K\n'}
[0.837259] (sensors) StderrLine: {'line': b'      |          \x1b[01;31m\x1b[K^~~~~~~~~~~~~~~~~~~\x1b[m\x1b[K\n'}
[0.837369] (sensors) StderrLine: {'line': b'compilation terminated.\n'}
[0.837921] (sensors) StderrLine: {'line': b'gmake[2]: *** [CMakeFiles/realsense_camera_publisher.dir/build.make:76: CMakeFiles/realsense_camera_publisher.dir/src/realsense_camera_publisher.cpp.o] Error 1\n'}
[0.838268] (sensors) StderrLine: {'line': b'gmake[1]: *** [CMakeFiles/Makefile2:165: CMakeFiles/realsense_camera_publisher.dir/all] Error 2\n'}
[0.838356] (sensors) StderrLine: {'line': b'gmake[1]: *** Waiting for unfinished jobs....\n'}
[0.906402] (-) TimerEvent: {}
[1.007299] (-) TimerEvent: {}
[1.108205] (-) TimerEvent: {}
[1.209337] (-) TimerEvent: {}
[1.310433] (-) TimerEvent: {}
[1.411242] (-) TimerEvent: {}
[1.512374] (-) TimerEvent: {}
[1.613591] (-) TimerEvent: {}
[1.715493] (-) TimerEvent: {}
[1.816314] (-) TimerEvent: {}
[1.917285] (-) TimerEvent: {}
[2.018388] (-) TimerEvent: {}
[2.119417] (-) TimerEvent: {}
[2.220340] (-) TimerEvent: {}
[2.321244] (-) TimerEvent: {}
[2.422435] (-) TimerEvent: {}
[2.523404] (-) TimerEvent: {}
[2.624463] (-) TimerEvent: {}
[2.725416] (-) TimerEvent: {}
[2.826203] (-) TimerEvent: {}
[2.927263] (-) TimerEvent: {}
[3.028321] (-) TimerEvent: {}
[3.129440] (-) TimerEvent: {}
[3.230431] (-) TimerEvent: {}
[3.331483] (-) TimerEvent: {}
[3.432487] (-) TimerEvent: {}
[3.534331] (-) TimerEvent: {}
[3.635478] (-) TimerEvent: {}
[3.736433] (-) TimerEvent: {}
[3.837386] (-) TimerEvent: {}
[3.938389] (-) TimerEvent: {}
[4.039353] (-) TimerEvent: {}
[4.140290] (-) TimerEvent: {}
[4.241392] (-) TimerEvent: {}
[4.342446] (-) TimerEvent: {}
[4.444415] (-) TimerEvent: {}
[4.545401] (-) TimerEvent: {}
[4.618526] (sensors) StderrLine: {'line': b'\x1b[01m\x1b[K/home/ubuntu/roboracing-f1tenth/sensors/src/realsense_camera_publisher.cpp:16:2:\x1b[m\x1b[K \x1b[01;31m\x1b[Kerror: \x1b[m\x1b[Kexpected \xe2\x80\x98\x1b[01m\x1b[K;\x1b[m\x1b[K\xe2\x80\x99 after class definition\n'}
[4.618865] (sensors) StderrLine: {'line': b'   16 | }\n'}
[4.618990] (sensors) StderrLine: {'line': b'      |  \x1b[01;31m\x1b[K^\x1b[m\x1b[K\n'}
[4.619054] (sensors) StderrLine: {'line': b'      |  \x1b[32m\x1b[K;\x1b[m\x1b[K\n'}
[4.619305] (sensors) StderrLine: {'line': b'\x1b[01m\x1b[K/home/ubuntu/roboracing-f1tenth/sensors/src/realsense_camera_publisher.cpp:\x1b[m\x1b[K In constructor \xe2\x80\x98\x1b[01m\x1b[KRealsenseCameraPublisher::RealsenseCameraPublisher()\x1b[m\x1b[K\xe2\x80\x99:\n'}
[4.619492] (sensors) StderrLine: {'line': b'\x1b[01m\x1b[K/home/ubuntu/roboracing-f1tenth/sensors/src/realsense_camera_publisher.cpp:12:41:\x1b[m\x1b[K \x1b[01;31m\x1b[Kerror: \x1b[m\x1b[Kclass \xe2\x80\x98\x1b[01m\x1b[KRealsenseCameraPublisher\x1b[m\x1b[K\xe2\x80\x99 does not have any field named \xe2\x80\x98\x1b[01m\x1b[Kcount_\x1b[m\x1b[K\xe2\x80\x99\n'}
[4.619628] (sensors) StderrLine: {'line': b'   12 |   : Node("realsense_camera_publisher"), \x1b[01;31m\x1b[Kcount_\x1b[m\x1b[K(0)\n'}
[4.619898] (sensors) StderrLine: {'line': b'      |                                         \x1b[01;31m\x1b[K^~~~~~\x1b[m\x1b[K\n'}
[4.627049] (sensors) StderrLine: {'line': b'\x1b[01m\x1b[K/home/ubuntu/roboracing-f1tenth/sensors/src/realsense_camera_publisher.cpp:14:5:\x1b[m\x1b[K \x1b[01;31m\x1b[Kerror: \x1b[m\x1b[K\xe2\x80\x98\x1b[01m\x1b[Kpublisher_\x1b[m\x1b[K\xe2\x80\x99 was not declared in this scope; did you mean \xe2\x80\x98\x1b[01m\x1b[Krmw_publisher_t\x1b[m\x1b[K\xe2\x80\x99?\n'}
[4.627364] (sensors) StderrLine: {'line': b'   14 |     \x1b[01;31m\x1b[Kpublisher_\x1b[m\x1b[K = this->create_publisher<std_msgs::msg::String>("topic", 10);\n'}
[4.627438] (sensors) StderrLine: {'line': b'      |     \x1b[01;31m\x1b[K^~~~~~~~~~\x1b[m\x1b[K\n'}
[4.627495] (sensors) StderrLine: {'line': b'      |     \x1b[32m\x1b[Krmw_publisher_t\x1b[m\x1b[K\n'}
[4.646247] (-) TimerEvent: {}
[4.747255] (-) TimerEvent: {}
[4.848358] (-) TimerEvent: {}
[4.949221] (-) TimerEvent: {}
[5.050281] (-) TimerEvent: {}
[5.151378] (-) TimerEvent: {}
[5.252556] (-) TimerEvent: {}
[5.353379] (-) TimerEvent: {}
[5.455385] (-) TimerEvent: {}
[5.558252] (-) TimerEvent: {}
[5.659382] (-) TimerEvent: {}
[5.760391] (-) TimerEvent: {}
[5.831093] (sensors) StderrLine: {'line': b'gmake[2]: *** [CMakeFiles/talker.dir/build.make:76: CMakeFiles/talker.dir/src/realsense_camera_publisher.cpp.o] Error 1\n'}
[5.831360] (sensors) StderrLine: {'line': b'gmake[1]: *** [CMakeFiles/Makefile2:139: CMakeFiles/talker.dir/all] Error 2\n'}
[5.831658] (sensors) StderrLine: {'line': b'gmake: *** [Makefile:146: all] Error 2\n'}
[5.835156] (sensors) CommandEnded: {'returncode': 2}
[5.853658] (sensors) JobEnded: {'identifier': 'sensors', 'rc': 2}
[5.861276] (-) TimerEvent: {}
[5.866215] (-) EventReactorShutdown: {}
