[0.000000] (-) TimerEvent: {}
[0.001270] (sensors) JobQueued: {'identifier': 'sensors', 'dependencies': OrderedDict()}
[0.002355] (sensors) JobStarted: {'identifier': 'sensors'}
[0.015242] (sensors) JobProgress: {'identifier': 'sensors', 'progress': 'cmake'}
[0.017142] (sensors) Command: {'cmd': ['/usr/bin/cmake', '/home/ubuntu/roboracing-f1tenth/sensors', '-DCMAKE_INSTALL_PREFIX=/home/ubuntu/roboracing-f1tenth/install/sensors'], 'cwd': '/home/ubuntu/roboracing-f1tenth/build/sensors', 'env': OrderedDict([('VNCDESKTOP', 'bbb7d4524d2d:1 (ubuntu)'), ('QT_SCALE_FACTOR', '1'), ('USER', 'ubuntu'), ('SUPERVISOR_GROUP_NAME', 'vnc'), ('HOSTNAME', 'bbb7d4524d2d'), ('XDG_SESSION_TYPE', 'x11'), ('GIT_ASKPASS', '/usr/share/codium/resources/app/extensions/git/dist/askpass.sh'), ('SHLVL', '2'), ('LD_LIBRARY_PATH', '/usr/lib/x86_64-linux-gnu/gazebo-11/plugins:/opt/ros/humble/opt/rviz_ogre_vendor/lib:/opt/ros/humble/lib/x86_64-linux-gnu:/opt/ros/humble/lib'), ('HOME', '/home/ubuntu'), ('CHROME_DESKTOP', 'codium.desktop'), ('TERM_PROGRAM_VERSION', '1.96.3'), ('GIO_LAUNCHED_DESKTOP_FILE', '/home/ubuntu/Desktop/codium.desktop'), ('ROS_PYTHON_VERSION', '3'), ('GTK_MODULES', 'appmenu-gtk-module'), ('VSCODE_GIT_ASKPASS_MAIN', '/usr/share/codium/resources/app/extensions/git/dist/askpass-main.js'), ('VSCODE_GIT_ASKPASS_NODE', '/usr/share/codium/codium'), ('LC_CTYPE', 'C.UTF-8'), ('DBUS_SESSION_BUS_ADDRESS', 'unix:abstract=/tmp/dbus-W6khD4RlHD,guid=acea5d8327f3559d0d0439fd679281ad'), ('COLORTERM', 'truecolor'), ('GIO_LAUNCHED_DESKTOP_FILE_PID', '905'), ('GNOME_KEYRING_CONTROL', '/home/ubuntu/.cache/keyring-WDZ002'), ('UBUNTU_MENUPROXY', '1'), ('ROS_DISTRO', 'humble'), ('_', '/usr/bin/colcon'), ('ROS_VERSION', '2'), ('XDG_SESSION_CLASS', 'user'), ('TERM', 'xterm-256color'), ('GTK_OVERLAY_SCROLLING', '0'), ('ROS_LOCALHOST_ONLY', '0'), ('INSIDE_CAJA_PYTHON', ''), ('PATH', '/opt/ros/humble/bin:/usr/local/sbin:/usr/local/bin:/usr/sbin:/usr/bin:/sbin:/bin:/snap/bin'), ('SESSION_MANAGER', 'local/bbb7d4524d2d:@/tmp/.ICE-unix/84,unix/bbb7d4524d2d:/tmp/.ICE-unix/84'), ('GDK_BACKEND', 'x11'), ('DISPLAY', ':1'), ('LANG', 'en_US.UTF-8'), ('XDG_CURRENT_DESKTOP', 'MATE'), ('VSCODE_GIT_IPC_HANDLE', '/tmp/vscode-git-6bd464112c.sock'), ('SUPERVISOR_ENABLED', '1'), ('TERM_PROGRAM', 'vscode'), ('SSH_AUTH_SOCK', '/home/ubuntu/.cache/keyring-WDZ002/ssh'), ('AMENT_PREFIX_PATH', '/opt/ros/humble'), ('ORIGINAL_XDG_CURRENT_DESKTOP', 'MATE'), ('NO_AT_BRIDGE', '1'), ('PASSWD', 'ubuntu'), ('SUPERVISOR_SERVER_URL', 'unix:///var/run/supervisor.sock'), ('VSCODE_GIT_ASKPASS_EXTRA_ARGS', ''), ('SUPERVISOR_PROCESS_NAME', 'vnc'), ('PWD', '/home/ubuntu/roboracing-f1tenth/build/sensors'), ('XDG_DATA_DIRS', '/usr/share/gnome:/home/ubuntu/.local/share/flatpak/exports/share:/var/lib/flatpak/exports/share:/usr/local/share:/usr/share:/var/lib/snapd/desktop'), ('PYTHONPATH', '/opt/ros/humble/lib/python3.10/site-packages:/opt/ros/humble/local/lib/python3.10/dist-packages'), ('MATE_DESKTOP_SESSION_ID', 'this-is-deprecated'), ('COLCON', '1'), ('QT_FONT_DPI', '96'), ('CMAKE_PREFIX_PATH', '/opt/ros/humble')]), 'shell': False}
[0.099216] (-) TimerEvent: {}
[0.200039] (-) TimerEvent: {}
[0.240849] (sensors) StdoutLine: {'line': b'-- The C compiler identification is GNU 11.4.0\n'}
[0.301108] (-) TimerEvent: {}
[0.402167] (-) TimerEvent: {}
[0.418211] (sensors) StdoutLine: {'line': b'-- The CXX compiler identification is GNU 11.4.0\n'}
[0.439213] (sensors) StdoutLine: {'line': b'-- Detecting C compiler ABI info\n'}
[0.503297] (-) TimerEvent: {}
[0.541093] (sensors) StdoutLine: {'line': b'-- Detecting C compiler ABI info - done\n'}
[0.552204] (sensors) StdoutLine: {'line': b'-- Check for working C compiler: /usr/bin/cc - skipped\n'}
[0.553481] (sensors) StdoutLine: {'line': b'-- Detecting C compile features\n'}
[0.555036] (sensors) StdoutLine: {'line': b'-- Detecting C compile features - done\n'}
[0.560546] (sensors) StdoutLine: {'line': b'-- Detecting CXX compiler ABI info\n'}
[0.604108] (-) TimerEvent: {}
[0.675142] (sensors) StdoutLine: {'line': b'-- Detecting CXX compiler ABI info - done\n'}
[0.683561] (sensors) StdoutLine: {'line': b'-- Check for working CXX compiler: /usr/bin/c++ - skipped\n'}
[0.684006] (sensors) StdoutLine: {'line': b'-- Detecting CXX compile features\n'}
[0.684378] (sensors) StdoutLine: {'line': b'-- Detecting CXX compile features - done\n'}
[0.705115] (-) TimerEvent: {}
[0.707015] (sensors) StdoutLine: {'line': b'-- Found ament_cmake: 1.3.11 (/opt/ros/humble/share/ament_cmake/cmake)\n'}
[0.806069] (-) TimerEvent: {}
[0.907145] (-) TimerEvent: {}
[0.925812] (sensors) StdoutLine: {'line': b'-- Found Python3: /usr/bin/python3 (found version "3.10.12") found components: Interpreter \n'}
[1.007981] (-) TimerEvent: {}
[1.109152] (-) TimerEvent: {}
[1.113752] (sensors) StdoutLine: {'line': b'-- Found ament_lint_auto: 0.12.11 (/opt/ros/humble/share/ament_lint_auto/cmake)\n'}
[1.210202] (-) TimerEvent: {}
[1.258046] (sensors) StdoutLine: {'line': b"-- Added test 'cppcheck' to perform static code analysis on C / C++ code\n"}
[1.258288] (sensors) StdoutLine: {'line': b'-- Configured cppcheck include dirs: $<BUILD_INTERFACE:/home/ubuntu/roboracing-f1tenth/sensors/include>\n'}
[1.258356] (sensors) StdoutLine: {'line': b'-- Configured cppcheck exclude dirs and/or files: \n'}
[1.259423] (sensors) StdoutLine: {'line': b"-- Added test 'lint_cmake' to check CMake code style\n"}
[1.260902] (sensors) StdoutLine: {'line': b"-- Added test 'uncrustify' to check C / C++ code style\n"}
[1.261051] (sensors) StdoutLine: {'line': b'-- Configured uncrustify additional arguments: \n'}
[1.261782] (sensors) StdoutLine: {'line': b"-- Added test 'xmllint' to check XML markup files\n"}
[1.264439] (sensors) StdoutLine: {'line': b'-- Configuring done\n'}
[1.272475] (sensors) StdoutLine: {'line': b'-- Generating done\n'}
[1.274953] (sensors) StdoutLine: {'line': b'-- Build files have been written to: /home/ubuntu/roboracing-f1tenth/build/sensors\n'}
[1.279959] (sensors) CommandEnded: {'returncode': 0}
[1.280752] (sensors) JobProgress: {'identifier': 'sensors', 'progress': 'build'}
[1.282393] (sensors) Command: {'cmd': ['/usr/bin/cmake', '--build', '/home/ubuntu/roboracing-f1tenth/build/sensors', '--', '-j8', '-l8'], 'cwd': '/home/ubuntu/roboracing-f1tenth/build/sensors', 'env': OrderedDict([('VNCDESKTOP', 'bbb7d4524d2d:1 (ubuntu)'), ('QT_SCALE_FACTOR', '1'), ('USER', 'ubuntu'), ('SUPERVISOR_GROUP_NAME', 'vnc'), ('HOSTNAME', 'bbb7d4524d2d'), ('XDG_SESSION_TYPE', 'x11'), ('GIT_ASKPASS', '/usr/share/codium/resources/app/extensions/git/dist/askpass.sh'), ('SHLVL', '2'), ('LD_LIBRARY_PATH', '/usr/lib/x86_64-linux-gnu/gazebo-11/plugins:/opt/ros/humble/opt/rviz_ogre_vendor/lib:/opt/ros/humble/lib/x86_64-linux-gnu:/opt/ros/humble/lib'), ('HOME', '/home/ubuntu'), ('CHROME_DESKTOP', 'codium.desktop'), ('TERM_PROGRAM_VERSION', '1.96.3'), ('GIO_LAUNCHED_DESKTOP_FILE', '/home/ubuntu/Desktop/codium.desktop'), ('ROS_PYTHON_VERSION', '3'), ('GTK_MODULES', 'appmenu-gtk-module'), ('VSCODE_GIT_ASKPASS_MAIN', '/usr/share/codium/resources/app/extensions/git/dist/askpass-main.js'), ('VSCODE_GIT_ASKPASS_NODE', '/usr/share/codium/codium'), ('LC_CTYPE', 'C.UTF-8'), ('DBUS_SESSION_BUS_ADDRESS', 'unix:abstract=/tmp/dbus-W6khD4RlHD,guid=acea5d8327f3559d0d0439fd679281ad'), ('COLORTERM', 'truecolor'), ('GIO_LAUNCHED_DESKTOP_FILE_PID', '905'), ('GNOME_KEYRING_CONTROL', '/home/ubuntu/.cache/keyring-WDZ002'), ('UBUNTU_MENUPROXY', '1'), ('ROS_DISTRO', 'humble'), ('_', '/usr/bin/colcon'), ('ROS_VERSION', '2'), ('XDG_SESSION_CLASS', 'user'), ('TERM', 'xterm-256color'), ('GTK_OVERLAY_SCROLLING', '0'), ('ROS_LOCALHOST_ONLY', '0'), ('INSIDE_CAJA_PYTHON', ''), ('PATH', '/opt/ros/humble/bin:/usr/local/sbin:/usr/local/bin:/usr/sbin:/usr/bin:/sbin:/bin:/snap/bin'), ('SESSION_MANAGER', 'local/bbb7d4524d2d:@/tmp/.ICE-unix/84,unix/bbb7d4524d2d:/tmp/.ICE-unix/84'), ('GDK_BACKEND', 'x11'), ('DISPLAY', ':1'), ('LANG', 'en_US.UTF-8'), ('XDG_CURRENT_DESKTOP', 'MATE'), ('VSCODE_GIT_IPC_HANDLE', '/tmp/vscode-git-6bd464112c.sock'), ('SUPERVISOR_ENABLED', '1'), ('TERM_PROGRAM', 'vscode'), ('SSH_AUTH_SOCK', '/home/ubuntu/.cache/keyring-WDZ002/ssh'), ('AMENT_PREFIX_PATH', '/opt/ros/humble'), ('ORIGINAL_XDG_CURRENT_DESKTOP', 'MATE'), ('NO_AT_BRIDGE', '1'), ('PASSWD', 'ubuntu'), ('SUPERVISOR_SERVER_URL', 'unix:///var/run/supervisor.sock'), ('VSCODE_GIT_ASKPASS_EXTRA_ARGS', ''), ('SUPERVISOR_PROCESS_NAME', 'vnc'), ('PWD', '/home/ubuntu/roboracing-f1tenth/build/sensors'), ('XDG_DATA_DIRS', '/usr/share/gnome:/home/ubuntu/.local/share/flatpak/exports/share:/var/lib/flatpak/exports/share:/usr/local/share:/usr/share:/var/lib/snapd/desktop'), ('PYTHONPATH', '/opt/ros/humble/lib/python3.10/site-packages:/opt/ros/humble/local/lib/python3.10/dist-packages'), ('MATE_DESKTOP_SESSION_ID', 'this-is-deprecated'), ('COLCON', '1'), ('QT_FONT_DPI', '96'), ('CMAKE_PREFIX_PATH', '/opt/ros/humble')]), 'shell': False}
[1.311264] (-) TimerEvent: {}
[1.345975] (sensors) StdoutLine: {'line': b'[ 50%] \x1b[32mBuilding CXX object CMakeFiles/realsense_camera.dir/src/realsense_camera.cpp.o\x1b[0m\n'}
[1.406439] (sensors) StdoutLine: {'line': b'[100%] \x1b[32m\x1b[1mLinking CXX executable realsense_camera\x1b[0m\n'}
[1.412157] (-) TimerEvent: {}
[1.465073] (sensors) StdoutLine: {'line': b'[100%] Built target realsense_camera\n'}
[1.481745] (sensors) CommandEnded: {'returncode': 0}
[1.487085] (sensors) JobProgress: {'identifier': 'sensors', 'progress': 'install'}
[1.510670] (sensors) Command: {'cmd': ['/usr/bin/cmake', '--install', '/home/ubuntu/roboracing-f1tenth/build/sensors'], 'cwd': '/home/ubuntu/roboracing-f1tenth/build/sensors', 'env': OrderedDict([('VNCDESKTOP', 'bbb7d4524d2d:1 (ubuntu)'), ('QT_SCALE_FACTOR', '1'), ('USER', 'ubuntu'), ('SUPERVISOR_GROUP_NAME', 'vnc'), ('HOSTNAME', 'bbb7d4524d2d'), ('XDG_SESSION_TYPE', 'x11'), ('GIT_ASKPASS', '/usr/share/codium/resources/app/extensions/git/dist/askpass.sh'), ('SHLVL', '2'), ('LD_LIBRARY_PATH', '/usr/lib/x86_64-linux-gnu/gazebo-11/plugins:/opt/ros/humble/opt/rviz_ogre_vendor/lib:/opt/ros/humble/lib/x86_64-linux-gnu:/opt/ros/humble/lib'), ('HOME', '/home/ubuntu'), ('CHROME_DESKTOP', 'codium.desktop'), ('TERM_PROGRAM_VERSION', '1.96.3'), ('GIO_LAUNCHED_DESKTOP_FILE', '/home/ubuntu/Desktop/codium.desktop'), ('ROS_PYTHON_VERSION', '3'), ('GTK_MODULES', 'appmenu-gtk-module'), ('VSCODE_GIT_ASKPASS_MAIN', '/usr/share/codium/resources/app/extensions/git/dist/askpass-main.js'), ('VSCODE_GIT_ASKPASS_NODE', '/usr/share/codium/codium'), ('LC_CTYPE', 'C.UTF-8'), ('DBUS_SESSION_BUS_ADDRESS', 'unix:abstract=/tmp/dbus-W6khD4RlHD,guid=acea5d8327f3559d0d0439fd679281ad'), ('COLORTERM', 'truecolor'), ('GIO_LAUNCHED_DESKTOP_FILE_PID', '905'), ('GNOME_KEYRING_CONTROL', '/home/ubuntu/.cache/keyring-WDZ002'), ('UBUNTU_MENUPROXY', '1'), ('ROS_DISTRO', 'humble'), ('_', '/usr/bin/colcon'), ('ROS_VERSION', '2'), ('XDG_SESSION_CLASS', 'user'), ('TERM', 'xterm-256color'), ('GTK_OVERLAY_SCROLLING', '0'), ('ROS_LOCALHOST_ONLY', '0'), ('INSIDE_CAJA_PYTHON', ''), ('PATH', '/opt/ros/humble/bin:/usr/local/sbin:/usr/local/bin:/usr/sbin:/usr/bin:/sbin:/bin:/snap/bin'), ('SESSION_MANAGER', 'local/bbb7d4524d2d:@/tmp/.ICE-unix/84,unix/bbb7d4524d2d:/tmp/.ICE-unix/84'), ('GDK_BACKEND', 'x11'), ('DISPLAY', ':1'), ('LANG', 'en_US.UTF-8'), ('XDG_CURRENT_DESKTOP', 'MATE'), ('VSCODE_GIT_IPC_HANDLE', '/tmp/vscode-git-6bd464112c.sock'), ('SUPERVISOR_ENABLED', '1'), ('TERM_PROGRAM', 'vscode'), ('SSH_AUTH_SOCK', '/home/ubuntu/.cache/keyring-WDZ002/ssh'), ('AMENT_PREFIX_PATH', '/opt/ros/humble'), ('ORIGINAL_XDG_CURRENT_DESKTOP', 'MATE'), ('NO_AT_BRIDGE', '1'), ('PASSWD', 'ubuntu'), ('SUPERVISOR_SERVER_URL', 'unix:///var/run/supervisor.sock'), ('VSCODE_GIT_ASKPASS_EXTRA_ARGS', ''), ('SUPERVISOR_PROCESS_NAME', 'vnc'), ('PWD', '/home/ubuntu/roboracing-f1tenth/build/sensors'), ('XDG_DATA_DIRS', '/usr/share/gnome:/home/ubuntu/.local/share/flatpak/exports/share:/var/lib/flatpak/exports/share:/usr/local/share:/usr/share:/var/lib/snapd/desktop'), ('PYTHONPATH', '/opt/ros/humble/lib/python3.10/site-packages:/opt/ros/humble/local/lib/python3.10/dist-packages'), ('MATE_DESKTOP_SESSION_ID', 'this-is-deprecated'), ('COLCON', '1'), ('QT_FONT_DPI', '96'), ('CMAKE_PREFIX_PATH', '/opt/ros/humble')]), 'shell': False}
[1.513106] (-) TimerEvent: {}
[1.514667] (sensors) StdoutLine: {'line': b'-- Install configuration: ""\n'}
[1.515304] (sensors) StdoutLine: {'line': b'-- Installing: /home/ubuntu/roboracing-f1tenth/install/sensors/lib/sensors/realsense_camera\n'}
[1.515797] (sensors) StdoutLine: {'line': b'-- Installing: /home/ubuntu/roboracing-f1tenth/install/sensors/share/ament_index/resource_index/package_run_dependencies/sensors\n'}
[1.516148] (sensors) StdoutLine: {'line': b'-- Installing: /home/ubuntu/roboracing-f1tenth/install/sensors/share/ament_index/resource_index/parent_prefix_path/sensors\n'}
[1.516461] (sensors) StdoutLine: {'line': b'-- Installing: /home/ubuntu/roboracing-f1tenth/install/sensors/share/sensors/environment/ament_prefix_path.sh\n'}
[1.517503] (sensors) StdoutLine: {'line': b'-- Installing: /home/ubuntu/roboracing-f1tenth/install/sensors/share/sensors/environment/ament_prefix_path.dsv\n'}
[1.517948] (sensors) StdoutLine: {'line': b'-- Installing: /home/ubuntu/roboracing-f1tenth/install/sensors/share/sensors/environment/path.sh\n'}
[1.518262] (sensors) StdoutLine: {'line': b'-- Installing: /home/ubuntu/roboracing-f1tenth/install/sensors/share/sensors/environment/path.dsv\n'}
[1.518618] (sensors) StdoutLine: {'line': b'-- Installing: /home/ubuntu/roboracing-f1tenth/install/sensors/share/sensors/local_setup.bash\n'}
[1.518773] (sensors) StdoutLine: {'line': b'-- Installing: /home/ubuntu/roboracing-f1tenth/install/sensors/share/sensors/local_setup.sh\n'}
[1.519277] (sensors) StdoutLine: {'line': b'-- Installing: /home/ubuntu/roboracing-f1tenth/install/sensors/share/sensors/local_setup.zsh\n'}
[1.519814] (sensors) StdoutLine: {'line': b'-- Installing: /home/ubuntu/roboracing-f1tenth/install/sensors/share/sensors/local_setup.dsv\n'}
[1.519918] (sensors) StdoutLine: {'line': b'-- Installing: /home/ubuntu/roboracing-f1tenth/install/sensors/share/sensors/package.dsv\n'}
[1.520089] (sensors) StdoutLine: {'line': b'-- Installing: /home/ubuntu/roboracing-f1tenth/install/sensors/share/ament_index/resource_index/packages/sensors\n'}
[1.520188] (sensors) StdoutLine: {'line': b'-- Installing: /home/ubuntu/roboracing-f1tenth/install/sensors/share/sensors/cmake/sensorsConfig.cmake\n'}
[1.520286] (sensors) StdoutLine: {'line': b'-- Installing: /home/ubuntu/roboracing-f1tenth/install/sensors/share/sensors/cmake/sensorsConfig-version.cmake\n'}
[1.520379] (sensors) StdoutLine: {'line': b'-- Installing: /home/ubuntu/roboracing-f1tenth/install/sensors/share/sensors/package.xml\n'}
[1.525610] (sensors) CommandEnded: {'returncode': 0}
[1.570482] (sensors) JobEnded: {'identifier': 'sensors', 'rc': 0}
[1.572785] (-) EventReactorShutdown: {}
