[0.000000] (-) TimerEvent: {}
[0.000375] (sensors) JobQueued: {'identifier': 'sensors', 'dependencies': OrderedDict()}
[0.000704] (sensors) JobStarted: {'identifier': 'sensors'}
[0.014389] (sensors) JobProgress: {'identifier': 'sensors', 'progress': 'cmake'}
[0.015101] (sensors) JobProgress: {'identifier': 'sensors', 'progress': 'build'}
[0.016368] (sensors) Command: {'cmd': ['/usr/bin/cmake', '--build', '/home/ubuntu/roboracing-f1tenth/build/sensors', '--', '-j8', '-l8'], 'cwd': '/home/ubuntu/roboracing-f1tenth/build/sensors', 'env': OrderedDict([('VNCDESKTOP', 'bbb7d4524d2d:1 (ubuntu)'), ('QT_SCALE_FACTOR', '1'), ('USER', 'ubuntu'), ('SUPERVISOR_GROUP_NAME', 'vnc'), ('HOSTNAME', 'bbb7d4524d2d'), ('XDG_SESSION_TYPE', 'x11'), ('GIT_ASKPASS', '/usr/share/codium/resources/app/extensions/git/dist/askpass.sh'), ('SHLVL', '2'), ('LD_LIBRARY_PATH', '/usr/lib/x86_64-linux-gnu/gazebo-11/plugins:/opt/ros/humble/opt/rviz_ogre_vendor/lib:/opt/ros/humble/lib/x86_64-linux-gnu:/opt/ros/humble/lib'), ('HOME', '/home/ubuntu'), ('CHROME_DESKTOP', 'codium.desktop'), ('TERM_PROGRAM_VERSION', '1.96.3'), ('GIO_LAUNCHED_DESKTOP_FILE', '/home/ubuntu/Desktop/codium.desktop'), ('ROS_PYTHON_VERSION', '3'), ('GTK_MODULES', 'appmenu-gtk-module'), ('VSCODE_GIT_ASKPASS_MAIN', '/usr/share/codium/resources/app/extensions/git/dist/askpass-main.js'), ('VSCODE_GIT_ASKPASS_NODE', '/usr/share/codium/codium'), ('LC_CTYPE', 'C.UTF-8'), ('DBUS_SESSION_BUS_ADDRESS', 'unix:abstract=/tmp/dbus-d8nUoaLbJM,guid=aa1b85f45e2138a7ac0f4c4b67930949'), ('COLORTERM', 'truecolor'), ('GIO_LAUNCHED_DESKTOP_FILE_PID', '577'), ('GNOME_KEYRING_CONTROL', '/home/ubuntu/.cache/keyring-8KGS02'), ('UBUNTU_MENUPROXY', '1'), ('COLCON_PREFIX_PATH', '/home/ubuntu/roboracing-f1tenth/install'), ('ROS_DISTRO', 'humble'), ('_', '/usr/bin/colcon'), ('ROS_VERSION', '2'), ('XDG_SESSION_CLASS', 'user'), ('TERM', 'xterm-256color'), ('GTK_OVERLAY_SCROLLING', '0'), ('ROS_LOCALHOST_ONLY', '0'), ('INSIDE_CAJA_PYTHON', ''), ('PATH', '/opt/ros/humble/bin:/usr/local/sbin:/usr/local/bin:/usr/sbin:/usr/bin:/sbin:/bin:/snap/bin'), ('SESSION_MANAGER', 'local/bbb7d4524d2d:@/tmp/.ICE-unix/68,unix/bbb7d4524d2d:/tmp/.ICE-unix/68'), ('GDK_BACKEND', 'x11'), ('DISPLAY', ':1'), ('LANG', 'en_US.UTF-8'), ('XDG_CURRENT_DESKTOP', 'MATE'), ('VSCODE_GIT_IPC_HANDLE', '/tmp/vscode-git-6bd464112c.sock'), ('SUPERVISOR_ENABLED', '1'), ('TERM_PROGRAM', 'vscode'), ('SSH_AUTH_SOCK', '/home/ubuntu/.cache/keyring-8KGS02/ssh'), ('AMENT_PREFIX_PATH', '/home/ubuntu/roboracing-f1tenth/install/sensors:/opt/ros/humble'), ('ORIGINAL_XDG_CURRENT_DESKTOP', 'MATE'), ('NO_AT_BRIDGE', '1'), ('PASSWD', 'ubuntu'), ('SUPERVISOR_SERVER_URL', 'unix:///var/run/supervisor.sock'), ('VSCODE_GIT_ASKPASS_EXTRA_ARGS', ''), ('SUPERVISOR_PROCESS_NAME', 'vnc'), ('PWD', '/home/ubuntu/roboracing-f1tenth/build/sensors'), ('XDG_DATA_DIRS', '/usr/share/gnome:/home/ubuntu/.local/share/flatpak/exports/share:/var/lib/flatpak/exports/share:/usr/local/share:/usr/share:/var/lib/snapd/desktop'), ('PYTHONPATH', '/opt/ros/humble/lib/python3.10/site-packages:/opt/ros/humble/local/lib/python3.10/dist-packages'), ('MATE_DESKTOP_SESSION_ID', 'this-is-deprecated'), ('COLCON', '1'), ('CMAKE_PREFIX_PATH', '/home/ubuntu/roboracing-f1tenth/install/sensors:/opt/ros/humble'), ('QT_FONT_DPI', '96')]), 'shell': False}
[0.053831] (sensors) StdoutLine: {'line': b'-- Found ament_cmake: 1.3.11 (/opt/ros/humble/share/ament_cmake/cmake)\n'}
[0.097870] (-) TimerEvent: {}
[0.198793] (-) TimerEvent: {}
[0.248526] (sensors) StdoutLine: {'line': b'-- Found rclcpp: 16.0.11 (/opt/ros/humble/share/rclcpp/cmake)\n'}
[0.299941] (-) TimerEvent: {}
[0.336530] (sensors) StdoutLine: {'line': b'-- Found rosidl_generator_c: 3.1.6 (/opt/ros/humble/share/rosidl_generator_c/cmake)\n'}
[0.340377] (sensors) StdoutLine: {'line': b'-- Found rosidl_adapter: 3.1.6 (/opt/ros/humble/share/rosidl_adapter/cmake)\n'}
[0.353644] (sensors) StdoutLine: {'line': b'-- Found rosidl_generator_cpp: 3.1.6 (/opt/ros/humble/share/rosidl_generator_cpp/cmake)\n'}
[0.389135] (sensors) StdoutLine: {'line': b'-- Using all available rosidl_typesupport_c: rosidl_typesupport_fastrtps_c;rosidl_typesupport_introspection_c\n'}
[0.400871] (-) TimerEvent: {}
[0.420004] (sensors) StdoutLine: {'line': b'-- Using all available rosidl_typesupport_cpp: rosidl_typesupport_fastrtps_cpp;rosidl_typesupport_introspection_cpp\n'}
[0.502126] (-) TimerEvent: {}
[0.527008] (sensors) StdoutLine: {'line': b'-- Found rmw_implementation_cmake: 6.1.2 (/opt/ros/humble/share/rmw_implementation_cmake/cmake)\n'}
[0.529137] (sensors) StdoutLine: {'line': b'-- Found rmw_fastrtps_cpp: 6.2.7 (/opt/ros/humble/share/rmw_fastrtps_cpp/cmake)\n'}
[0.602876] (-) TimerEvent: {}
[0.703766] (-) TimerEvent: {}
[0.724430] (sensors) StdoutLine: {'line': b"-- Using RMW implementation 'rmw_fastrtps_cpp' as default\n"}
[0.803569] (sensors) StdoutLine: {'line': b'-- Found rclcpp_components: 16.0.11 (/opt/ros/humble/share/rclcpp_components/cmake)\n'}
[0.803788] (-) TimerEvent: {}
[0.878124] (sensors) StderrLine: {'line': b'\x1b[31mCMake Error at CMakeLists.txt:15 (install):\n'}
[0.878369] (sensors) StderrLine: {'line': b'  install TARGETS given target "$PROJECT_NAME" which does not exist.\n'}
[0.878436] (sensors) StderrLine: {'line': b'\n'}
[0.878491] (sensors) StderrLine: {'line': b'\x1b[0m\n'}
[0.880238] (sensors) StdoutLine: {'line': b'-- Found ament_lint_auto: 0.12.11 (/opt/ros/humble/share/ament_lint_auto/cmake)\n'}
[0.904892] (-) TimerEvent: {}
[0.968341] (sensors) StdoutLine: {'line': b"-- Added test 'cppcheck' to perform static code analysis on C / C++ code\n"}
[0.968749] (sensors) StdoutLine: {'line': b'-- Configured cppcheck include dirs: \n'}
[0.969022] (sensors) StdoutLine: {'line': b'-- Configured cppcheck exclude dirs and/or files: \n'}
[0.969635] (sensors) StdoutLine: {'line': b"-- Added test 'lint_cmake' to check CMake code style\n"}
[0.971322] (sensors) StdoutLine: {'line': b"-- Added test 'uncrustify' to check C / C++ code style\n"}
[0.971565] (sensors) StdoutLine: {'line': b'-- Configured uncrustify additional arguments: \n'}
[0.972012] (sensors) StdoutLine: {'line': b"-- Added test 'xmllint' to check XML markup files\n"}
[0.972799] (sensors) StdoutLine: {'line': b'-- Configuring incomplete, errors occurred!\n'}
[0.972930] (sensors) StdoutLine: {'line': b'See also "/home/ubuntu/roboracing-f1tenth/build/sensors/CMakeFiles/CMakeOutput.log".\n'}
[0.982365] (sensors) StderrLine: {'line': b'gmake: *** [Makefile:267: cmake_check_build_system] Error 1\n'}
[0.987040] (sensors) CommandEnded: {'returncode': 2}
[1.004431] (sensors) JobEnded: {'identifier': 'sensors', 'rc': 2}
[1.005095] (-) TimerEvent: {}
[1.015731] (-) EventReactorShutdown: {}
