[0.020s] Invoking command in '/home/ubuntu/roboracing-f1tenth/build/sensors': CMAKE_PREFIX_PATH=${CMAKE_PREFIX_PATH}:/opt/ros/humble /usr/bin/cmake --build /home/ubuntu/roboracing-f1tenth/build/sensors -- -j8 -l8
[0.049s] -- Found ament_cmake: 1.3.11 (/opt/ros/humble/share/ament_cmake/cmake)
[0.214s] -- Found ament_lint_auto: 0.12.11 (/opt/ros/humble/share/ament_lint_auto/cmake)
[0.302s] -- Added test 'cppcheck' to perform static code analysis on C / C++ code
[0.302s] -- Configured cppcheck include dirs: $<BUILD_INTERFACE:/home/ubuntu/roboracing-f1tenth/sensors/include>
[0.302s] -- Configured cppcheck exclude dirs and/or files: 
[0.302s] -- Added test 'lint_cmake' to check CMake code style
[0.303s] -- Added test 'uncrustify' to check C / C++ code style
[0.303s] -- Configured uncrustify additional arguments: 
[0.304s] -- Added test 'xmllint' to check XML markup files
[0.305s] -- Configuring done
[0.312s] -- Generating done
[0.315s] -- Build files have been written to: /home/ubuntu/roboracing-f1tenth/build/sensors
[0.359s] [ 50%] [32mBuilding CXX object CMakeFiles/realsense_camera_publisher.dir/src/realsense_camera_publisher.cpp.o[0m
[0.528s] [01m[K/home/ubuntu/roboracing-f1tenth/sensors/src/realsense_camera_publisher.cpp:6:10:[m[K [01;31m[Kfatal error: [m[Krclcpp/rclcpp.hpp: No such file or directory
[0.528s]     6 | #include [01;31m[K"rclcpp/rclcpp.hpp"[m[K
[0.528s]       |          [01;31m[K^~~~~~~~~~~~~~~~~~~[m[K
[0.528s] compilation terminated.
[0.530s] gmake[2]: *** [CMakeFiles/realsense_camera_publisher.dir/build.make:76: CMakeFiles/realsense_camera_publisher.dir/src/realsense_camera_publisher.cpp.o] Error 1
[0.530s] gmake[1]: *** [CMakeFiles/Makefile2:137: CMakeFiles/realsense_camera_publisher.dir/all] Error 2
[0.530s] gmake: *** [Makefile:146: all] Error 2
[0.534s] Invoked command in '/home/ubuntu/roboracing-f1tenth/build/sensors' returned '2': CMAKE_PREFIX_PATH=${CMAKE_PREFIX_PATH}:/opt/ros/humble /usr/bin/cmake --build /home/ubuntu/roboracing-f1tenth/build/sensors -- -j8 -l8
