[0.000000] (-) TimerEvent: {}
[0.000379] (sensors) JobQueued: {'identifier': 'sensors', 'dependencies': OrderedDict()}
[0.000453] (sensors) JobStarted: {'identifier': 'sensors'}
[0.013554] (sensors) JobProgress: {'identifier': 'sensors', 'progress': 'cmake'}
[0.014934] (sensors) JobProgress: {'identifier': 'sensors', 'progress': 'build'}
[0.016254] (sensors) Command: {'cmd': ['/usr/bin/cmake', '--build', '/home/ubuntu/roboracing-f1tenth/build/sensors', '--', '-j8', '-l8'], 'cwd': '/home/ubuntu/roboracing-f1tenth/build/sensors', 'env': OrderedDict([('VNCDESKTOP', 'bbb7d4524d2d:1 (ubuntu)'), ('QT_SCALE_FACTOR', '1'), ('USER', 'ubuntu'), ('SUPERVISOR_GROUP_NAME', 'vnc'), ('HOSTNAME', 'bbb7d4524d2d'), ('XDG_SESSION_TYPE', 'x11'), ('GIT_ASKPASS', '/usr/share/codium/resources/app/extensions/git/dist/askpass.sh'), ('SHLVL', '2'), ('LD_LIBRARY_PATH', '/usr/lib/x86_64-linux-gnu/gazebo-11/plugins:/opt/ros/humble/opt/rviz_ogre_vendor/lib:/opt/ros/humble/lib/x86_64-linux-gnu:/opt/ros/humble/lib'), ('HOME', '/home/ubuntu'), ('CHROME_DESKTOP', 'codium.desktop'), ('TERM_PROGRAM_VERSION', '1.96.3'), ('GIO_LAUNCHED_DESKTOP_FILE', '/home/ubuntu/Desktop/codium.desktop'), ('ROS_PYTHON_VERSION', '3'), ('GTK_MODULES', 'appmenu-gtk-module'), ('VSCODE_GIT_ASKPASS_MAIN', '/usr/share/codium/resources/app/extensions/git/dist/askpass-main.js'), ('VSCODE_GIT_ASKPASS_NODE', '/usr/share/codium/codium'), ('LC_CTYPE', 'C.UTF-8'), ('DBUS_SESSION_BUS_ADDRESS', 'unix:abstract=/tmp/dbus-d8nUoaLbJM,guid=aa1b85f45e2138a7ac0f4c4b67930949'), ('COLORTERM', 'truecolor'), ('GIO_LAUNCHED_DESKTOP_FILE_PID', '577'), ('GNOME_KEYRING_CONTROL', '/home/ubuntu/.cache/keyring-8KGS02'), ('UBUNTU_MENUPROXY', '1'), ('COLCON_PREFIX_PATH', '/home/ubuntu/roboracing-f1tenth/install'), ('ROS_DISTRO', 'humble'), ('_', '/usr/bin/colcon'), ('ROS_VERSION', '2'), ('XDG_SESSION_CLASS', 'user'), ('TERM', 'xterm-256color'), ('GTK_OVERLAY_SCROLLING', '0'), ('ROS_LOCALHOST_ONLY', '0'), ('INSIDE_CAJA_PYTHON', ''), ('PATH', '/opt/ros/humble/bin:/usr/local/sbin:/usr/local/bin:/usr/sbin:/usr/bin:/sbin:/bin:/snap/bin'), ('SESSION_MANAGER', 'local/bbb7d4524d2d:@/tmp/.ICE-unix/68,unix/bbb7d4524d2d:/tmp/.ICE-unix/68'), ('GDK_BACKEND', 'x11'), ('DISPLAY', ':1'), ('LANG', 'en_US.UTF-8'), ('XDG_CURRENT_DESKTOP', 'MATE'), ('VSCODE_GIT_IPC_HANDLE', '/tmp/vscode-git-6bd464112c.sock'), ('SUPERVISOR_ENABLED', '1'), ('TERM_PROGRAM', 'vscode'), ('SSH_AUTH_SOCK', '/home/ubuntu/.cache/keyring-8KGS02/ssh'), ('AMENT_PREFIX_PATH', '/home/ubuntu/roboracing-f1tenth/install/sensors:/opt/ros/humble'), ('ORIGINAL_XDG_CURRENT_DESKTOP', 'MATE'), ('NO_AT_BRIDGE', '1'), ('PASSWD', 'ubuntu'), ('SUPERVISOR_SERVER_URL', 'unix:///var/run/supervisor.sock'), ('VSCODE_GIT_ASKPASS_EXTRA_ARGS', ''), ('SUPERVISOR_PROCESS_NAME', 'vnc'), ('PWD', '/home/ubuntu/roboracing-f1tenth/build/sensors'), ('XDG_DATA_DIRS', '/usr/share/gnome:/home/ubuntu/.local/share/flatpak/exports/share:/var/lib/flatpak/exports/share:/usr/local/share:/usr/share:/var/lib/snapd/desktop'), ('PYTHONPATH', '/opt/ros/humble/lib/python3.10/site-packages:/opt/ros/humble/local/lib/python3.10/dist-packages'), ('MATE_DESKTOP_SESSION_ID', 'this-is-deprecated'), ('COLCON', '1'), ('CMAKE_PREFIX_PATH', '/home/ubuntu/roboracing-f1tenth/install/sensors:/opt/ros/humble'), ('QT_FONT_DPI', '96')]), 'shell': False}
[0.082383] (sensors) StdoutLine: {'line': b'\x1b[35m\x1b[1mConsolidate compiler generated dependencies of target realsense_camera_node\x1b[0m\n'}
[0.098496] (-) TimerEvent: {}
[0.106063] (sensors) StdoutLine: {'line': b'[ 50%] \x1b[32mBuilding CXX object CMakeFiles/realsense_camera_node.dir/src/realsense_camera_node.cpp.o\x1b[0m\n'}
[0.199386] (-) TimerEvent: {}
[0.300371] (-) TimerEvent: {}
[0.401316] (-) TimerEvent: {}
[0.502485] (-) TimerEvent: {}
[0.603429] (-) TimerEvent: {}
[0.704483] (-) TimerEvent: {}
[0.805566] (-) TimerEvent: {}
[0.906307] (-) TimerEvent: {}
[1.007551] (-) TimerEvent: {}
[1.108413] (-) TimerEvent: {}
[1.209421] (-) TimerEvent: {}
[1.310414] (-) TimerEvent: {}
[1.411211] (-) TimerEvent: {}
[1.512285] (-) TimerEvent: {}
[1.613458] (-) TimerEvent: {}
[1.714472] (-) TimerEvent: {}
[1.815502] (-) TimerEvent: {}
[1.916439] (-) TimerEvent: {}
[2.017485] (-) TimerEvent: {}
[2.118352] (-) TimerEvent: {}
[2.219280] (-) TimerEvent: {}
[2.320480] (-) TimerEvent: {}
[2.421453] (-) TimerEvent: {}
[2.522541] (-) TimerEvent: {}
[2.624299] (-) TimerEvent: {}
[2.725480] (-) TimerEvent: {}
[2.826352] (-) TimerEvent: {}
[2.927409] (-) TimerEvent: {}
[3.028252] (-) TimerEvent: {}
[3.129358] (-) TimerEvent: {}
[3.230416] (-) TimerEvent: {}
[3.331435] (-) TimerEvent: {}
[3.432345] (-) TimerEvent: {}
[3.533385] (-) TimerEvent: {}
[3.568788] (sensors) StdoutLine: {'line': b'[100%] \x1b[32m\x1b[1mLinking CXX executable realsense_camera_node\x1b[0m\n'}
[3.634419] (-) TimerEvent: {}
[3.705159] (sensors) StdoutLine: {'line': b'[100%] Built target realsense_camera_node\n'}
[3.720462] (sensors) CommandEnded: {'returncode': 0}
[3.723013] (sensors) JobProgress: {'identifier': 'sensors', 'progress': 'install'}
[3.734437] (sensors) Command: {'cmd': ['/usr/bin/cmake', '--install', '/home/ubuntu/roboracing-f1tenth/build/sensors'], 'cwd': '/home/ubuntu/roboracing-f1tenth/build/sensors', 'env': OrderedDict([('VNCDESKTOP', 'bbb7d4524d2d:1 (ubuntu)'), ('QT_SCALE_FACTOR', '1'), ('USER', 'ubuntu'), ('SUPERVISOR_GROUP_NAME', 'vnc'), ('HOSTNAME', 'bbb7d4524d2d'), ('XDG_SESSION_TYPE', 'x11'), ('GIT_ASKPASS', '/usr/share/codium/resources/app/extensions/git/dist/askpass.sh'), ('SHLVL', '2'), ('LD_LIBRARY_PATH', '/usr/lib/x86_64-linux-gnu/gazebo-11/plugins:/opt/ros/humble/opt/rviz_ogre_vendor/lib:/opt/ros/humble/lib/x86_64-linux-gnu:/opt/ros/humble/lib'), ('HOME', '/home/ubuntu'), ('CHROME_DESKTOP', 'codium.desktop'), ('TERM_PROGRAM_VERSION', '1.96.3'), ('GIO_LAUNCHED_DESKTOP_FILE', '/home/ubuntu/Desktop/codium.desktop'), ('ROS_PYTHON_VERSION', '3'), ('GTK_MODULES', 'appmenu-gtk-module'), ('VSCODE_GIT_ASKPASS_MAIN', '/usr/share/codium/resources/app/extensions/git/dist/askpass-main.js'), ('VSCODE_GIT_ASKPASS_NODE', '/usr/share/codium/codium'), ('LC_CTYPE', 'C.UTF-8'), ('DBUS_SESSION_BUS_ADDRESS', 'unix:abstract=/tmp/dbus-d8nUoaLbJM,guid=aa1b85f45e2138a7ac0f4c4b67930949'), ('COLORTERM', 'truecolor'), ('GIO_LAUNCHED_DESKTOP_FILE_PID', '577'), ('GNOME_KEYRING_CONTROL', '/home/ubuntu/.cache/keyring-8KGS02'), ('UBUNTU_MENUPROXY', '1'), ('COLCON_PREFIX_PATH', '/home/ubuntu/roboracing-f1tenth/install'), ('ROS_DISTRO', 'humble'), ('_', '/usr/bin/colcon'), ('ROS_VERSION', '2'), ('XDG_SESSION_CLASS', 'user'), ('TERM', 'xterm-256color'), ('GTK_OVERLAY_SCROLLING', '0'), ('ROS_LOCALHOST_ONLY', '0'), ('INSIDE_CAJA_PYTHON', ''), ('PATH', '/opt/ros/humble/bin:/usr/local/sbin:/usr/local/bin:/usr/sbin:/usr/bin:/sbin:/bin:/snap/bin'), ('SESSION_MANAGER', 'local/bbb7d4524d2d:@/tmp/.ICE-unix/68,unix/bbb7d4524d2d:/tmp/.ICE-unix/68'), ('GDK_BACKEND', 'x11'), ('DISPLAY', ':1'), ('LANG', 'en_US.UTF-8'), ('XDG_CURRENT_DESKTOP', 'MATE'), ('VSCODE_GIT_IPC_HANDLE', '/tmp/vscode-git-6bd464112c.sock'), ('SUPERVISOR_ENABLED', '1'), ('TERM_PROGRAM', 'vscode'), ('SSH_AUTH_SOCK', '/home/ubuntu/.cache/keyring-8KGS02/ssh'), ('AMENT_PREFIX_PATH', '/home/ubuntu/roboracing-f1tenth/install/sensors:/opt/ros/humble'), ('ORIGINAL_XDG_CURRENT_DESKTOP', 'MATE'), ('NO_AT_BRIDGE', '1'), ('PASSWD', 'ubuntu'), ('SUPERVISOR_SERVER_URL', 'unix:///var/run/supervisor.sock'), ('VSCODE_GIT_ASKPASS_EXTRA_ARGS', ''), ('SUPERVISOR_PROCESS_NAME', 'vnc'), ('PWD', '/home/ubuntu/roboracing-f1tenth/build/sensors'), ('XDG_DATA_DIRS', '/usr/share/gnome:/home/ubuntu/.local/share/flatpak/exports/share:/var/lib/flatpak/exports/share:/usr/local/share:/usr/share:/var/lib/snapd/desktop'), ('PYTHONPATH', '/opt/ros/humble/lib/python3.10/site-packages:/opt/ros/humble/local/lib/python3.10/dist-packages'), ('MATE_DESKTOP_SESSION_ID', 'this-is-deprecated'), ('COLCON', '1'), ('CMAKE_PREFIX_PATH', '/home/ubuntu/roboracing-f1tenth/install/sensors:/opt/ros/humble'), ('QT_FONT_DPI', '96')]), 'shell': False}
[3.735529] (-) TimerEvent: {}
[3.744360] (sensors) StdoutLine: {'line': b'-- Install configuration: ""\n'}
[3.744821] (sensors) StdoutLine: {'line': b'-- Installing: /home/ubuntu/roboracing-f1tenth/install/sensors/lib/sensors/realsense_camera_node\n'}
[3.745561] (sensors) StdoutLine: {'line': b'-- Set runtime path of "/home/ubuntu/roboracing-f1tenth/install/sensors/lib/sensors/realsense_camera_node" to ""\n'}
[3.745854] (sensors) StdoutLine: {'line': b'-- Up-to-date: /home/ubuntu/roboracing-f1tenth/install/sensors/share/ament_index/resource_index/package_run_dependencies/sensors\n'}
[3.746519] (sensors) StdoutLine: {'line': b'-- Up-to-date: /home/ubuntu/roboracing-f1tenth/install/sensors/share/ament_index/resource_index/parent_prefix_path/sensors\n'}
[3.746658] (sensors) StdoutLine: {'line': b'-- Up-to-date: /home/ubuntu/roboracing-f1tenth/install/sensors/share/sensors/environment/ament_prefix_path.sh\n'}
[3.746722] (sensors) StdoutLine: {'line': b'-- Installing: /home/ubuntu/roboracing-f1tenth/install/sensors/share/sensors/environment/ament_prefix_path.dsv\n'}
[3.746847] (sensors) StdoutLine: {'line': b'-- Up-to-date: /home/ubuntu/roboracing-f1tenth/install/sensors/share/sensors/environment/path.sh\n'}
[3.747041] (sensors) StdoutLine: {'line': b'-- Installing: /home/ubuntu/roboracing-f1tenth/install/sensors/share/sensors/environment/path.dsv\n'}
[3.747357] (sensors) StdoutLine: {'line': b'-- Up-to-date: /home/ubuntu/roboracing-f1tenth/install/sensors/share/sensors/local_setup.bash\n'}
[3.747424] (sensors) StdoutLine: {'line': b'-- Up-to-date: /home/ubuntu/roboracing-f1tenth/install/sensors/share/sensors/local_setup.sh\n'}
[3.747477] (sensors) StdoutLine: {'line': b'-- Up-to-date: /home/ubuntu/roboracing-f1tenth/install/sensors/share/sensors/local_setup.zsh\n'}
[3.747531] (sensors) StdoutLine: {'line': b'-- Installing: /home/ubuntu/roboracing-f1tenth/install/sensors/share/sensors/local_setup.dsv\n'}
[3.747584] (sensors) StdoutLine: {'line': b'-- Installing: /home/ubuntu/roboracing-f1tenth/install/sensors/share/sensors/package.dsv\n'}
[3.747815] (sensors) StdoutLine: {'line': b'-- Up-to-date: /home/ubuntu/roboracing-f1tenth/install/sensors/share/ament_index/resource_index/packages/sensors\n'}
[3.747970] (sensors) StdoutLine: {'line': b'-- Up-to-date: /home/ubuntu/roboracing-f1tenth/install/sensors/share/sensors/cmake/sensorsConfig.cmake\n'}
[3.748313] (sensors) StdoutLine: {'line': b'-- Up-to-date: /home/ubuntu/roboracing-f1tenth/install/sensors/share/sensors/cmake/sensorsConfig-version.cmake\n'}
[3.748409] (sensors) StdoutLine: {'line': b'-- Up-to-date: /home/ubuntu/roboracing-f1tenth/install/sensors/share/sensors/package.xml\n'}
[3.750863] (sensors) CommandEnded: {'returncode': 0}
[3.776898] (sensors) JobEnded: {'identifier': 'sensors', 'rc': 0}
[3.778423] (-) EventReactorShutdown: {}
