[0.028s] Invoking command in '/home/ubuntu/roboracing-f1tenth/build/sensors': CMAKE_PREFIX_PATH=${CMAKE_PREFIX_PATH}:/opt/ros/humble /usr/bin/cmake --build /home/ubuntu/roboracing-f1tenth/build/sensors -- -j8 -l8
[0.099s] Invoked command in '/home/ubuntu/roboracing-f1tenth/build/sensors' returned '0': CMAKE_PREFIX_PATH=${CMAKE_PREFIX_PATH}:/opt/ros/humble /usr/bin/cmake --build /home/ubuntu/roboracing-f1tenth/build/sensors -- -j8 -l8
[0.120s] Invoking command in '/home/ubuntu/roboracing-f1tenth/build/sensors': CMAKE_PREFIX_PATH=${CMAKE_PREFIX_PATH}:/opt/ros/humble /usr/bin/cmake --install /home/ubuntu/roboracing-f1tenth/build/sensors
[0.133s] -- Install configuration: ""
[0.134s] -- Up-to-date: /home/ubuntu/roboracing-f1tenth/install/sensors/share/ament_index/resource_index/package_run_dependencies/sensors
[0.135s] -- Up-to-date: /home/ubuntu/roboracing-f1tenth/install/sensors/share/ament_index/resource_index/parent_prefix_path/sensors
[0.135s] -- Up-to-date: /home/ubuntu/roboracing-f1tenth/install/sensors/share/sensors/environment/ament_prefix_path.sh
[0.136s] -- Up-to-date: /home/ubuntu/roboracing-f1tenth/install/sensors/share/sensors/environment/ament_prefix_path.dsv
[0.136s] -- Up-to-date: /home/ubuntu/roboracing-f1tenth/install/sensors/share/sensors/environment/path.sh
[0.136s] -- Up-to-date: /home/ubuntu/roboracing-f1tenth/install/sensors/share/sensors/environment/path.dsv
[0.137s] -- Up-to-date: /home/ubuntu/roboracing-f1tenth/install/sensors/share/sensors/local_setup.bash
[0.137s] -- Up-to-date: /home/ubuntu/roboracing-f1tenth/install/sensors/share/sensors/local_setup.sh
[0.137s] -- Up-to-date: /home/ubuntu/roboracing-f1tenth/install/sensors/share/sensors/local_setup.zsh
[0.137s] -- Up-to-date: /home/ubuntu/roboracing-f1tenth/install/sensors/share/sensors/local_setup.dsv
[0.137s] -- Up-to-date: /home/ubuntu/roboracing-f1tenth/install/sensors/share/sensors/package.dsv
[0.137s] -- Up-to-date: /home/ubuntu/roboracing-f1tenth/install/sensors/share/ament_index/resource_index/packages/sensors
[0.137s] -- Up-to-date: /home/ubuntu/roboracing-f1tenth/install/sensors/share/sensors/cmake/sensorsConfig.cmake
[0.138s] -- Up-to-date: /home/ubuntu/roboracing-f1tenth/install/sensors/share/sensors/cmake/sensorsConfig-version.cmake
[0.138s] -- Up-to-date: /home/ubuntu/roboracing-f1tenth/install/sensors/share/sensors/package.xml
[0.141s] Invoked command in '/home/ubuntu/roboracing-f1tenth/build/sensors' returned '0': CMAKE_PREFIX_PATH=${CMAKE_PREFIX_PATH}:/opt/ros/humble /usr/bin/cmake --install /home/ubuntu/roboracing-f1tenth/build/sensors
