[01m[K/home/ubuntu/roboracing-f1tenth/sensors/src/realsense_camera_node.cpp:6:1:[m[K [01;31m[Kerror: [m[Kexpected ‘[01m[K{[m[K’ before ‘[01m[Kclass[m[K’
    6 | [01;31m[Kclass[m[K RealsenseCameraNode : public rclcpp::Node
      | [01;31m[K^~~~~[m[K
In file included from [01m[K/opt/ros/humble/include/class_loader/class_loader/class_loader.hpp:56[m[K,
                 from [01m[K/opt/ros/humble/include/rclcpp_components/rclcpp_components/register_node_macro.hpp:18[m[K,
                 from [01m[K/home/ubuntu/roboracing-f1tenth/sensors/src/realsense_camera_node.cpp:2[m[K:
[01m[K/home/ubuntu/roboracing-f1tenth/sensors/src/realsense_camera_node.cpp:17:42:[m[K [01;31m[Kerror: [m[K‘[01m[KRealsenseCameraNode[m[K’ is not a member of ‘[01m[Ksensors[m[K’; did you mean ‘[01m[KRealsenseCameraNode[m[K’?
   17 | RCLCPP_COMPONENTS_REGISTER_NODE(sensors::[01;31m[KRealsenseCameraNode[m[K)
      |                                          [01;31m[K^~~~~~~~~~~~~~~~~~~[m[K
[01m[K/home/ubuntu/roboracing-f1tenth/sensors/src/realsense_camera_node.cpp:6:7:[m[K [01;36m[Knote: [m[K‘[01m[KRealsenseCameraNode[m[K’ declared here
    6 | class [01;36m[KRealsenseCameraNode[m[K : public rclcpp::Node
      |       [01;36m[K^~~~~~~~~~~~~~~~~~~[m[K
In file included from [01m[K/opt/ros/humble/include/class_loader/class_loader/class_loader.hpp:56[m[K,
                 from [01m[K/opt/ros/humble/include/rclcpp_components/rclcpp_components/register_node_macro.hpp:18[m[K,
                 from [01m[K/home/ubuntu/roboracing-f1tenth/sensors/src/realsense_camera_node.cpp:2[m[K:
[01m[K/home/ubuntu/roboracing-f1tenth/sensors/src/realsense_camera_node.cpp:17:1:[m[K [01;31m[Kerror: [m[Ktemplate argument 1 is invalid
   17 | [01;31m[KRCLCPP_COMPONENTS_REGISTER_NODE[m[K(sensors::RealsenseCameraNode)
      | [01;31m[K^~~~~~~~~~~~~~~~~~~~~~~~~~~~~~~[m[K
In file included from [01m[K/opt/ros/humble/include/class_loader/class_loader/class_loader_core.hpp:57[m[K,
                 from [01m[K/opt/ros/humble/include/class_loader/class_loader/class_loader.hpp:55[m[K,
                 from [01m[K/opt/ros/humble/include/rclcpp_components/rclcpp_components/register_node_macro.hpp:18[m[K,
                 from [01m[K/home/ubuntu/roboracing-f1tenth/sensors/src/realsense_camera_node.cpp:2[m[K:
/opt/ros/humble/include/class_loader/class_loader/meta_object.hpp: In instantiation of ‘[01m[KB* class_loader::impl::MetaObject<C, B>::create() const [with C = int; B = rclcpp_components::NodeFactory][m[K’:
[01m[K/opt/ros/humble/include/class_loader/class_loader/meta_object.hpp:216:7:[m[K   required from here
[01m[K/opt/ros/humble/include/class_loader/class_loader/meta_object.hpp:218:12:[m[K [01;31m[Kerror: [m[Kcannot convert ‘[01m[Kint*[m[K’ to ‘[01m[Krclcpp_components::NodeFactory*[m[K’ in return
  218 |     return [01;31m[Knew C[m[K;
      |            [01;31m[K^~~~~[m[K
      |            [01;31m[K|[m[K
      |            [01;31m[Kint*[m[K
gmake[2]: *** [CMakeFiles/sensors.dir/build.make:76: CMakeFiles/sensors.dir/src/realsense_camera_node.cpp.o] Error 1
gmake[1]: *** [CMakeFiles/Makefile2:139: CMakeFiles/sensors.dir/all] Error 2
gmake[1]: *** Waiting for unfinished jobs....
gmake: *** [Makefile:146: all] Error 2
