[0.020s] Invoking command in '/home/ubuntu/roboracing-f1tenth/build/sensors': CMAKE_PREFIX_PATH=${CMAKE_PREFIX_PATH}:/opt/ros/humble /usr/bin/cmake --build /home/ubuntu/roboracing-f1tenth/build/sensors -- -j8 -l8
[0.051s] -- Found ament_cmake: 1.3.11 (/opt/ros/humble/share/ament_cmake/cmake)
[0.235s] -- Found rclcpp: 16.0.11 (/opt/ros/humble/share/rclcpp/cmake)
[0.279s] -- Found rosidl_generator_c: 3.1.6 (/opt/ros/humble/share/rosidl_generator_c/cmake)
[0.282s] -- Found rosidl_adapter: 3.1.6 (/opt/ros/humble/share/rosidl_adapter/cmake)
[0.289s] -- Found rosidl_generator_cpp: 3.1.6 (/opt/ros/humble/share/rosidl_generator_cpp/cmake)
[0.300s] -- Using all available rosidl_typesupport_c: rosidl_typesupport_fastrtps_c;rosidl_typesupport_introspection_c
[0.317s] -- Using all available rosidl_typesupport_cpp: rosidl_typesupport_fastrtps_cpp;rosidl_typesupport_introspection_cpp
[0.362s] -- Found rmw_implementation_cmake: 6.1.2 (/opt/ros/humble/share/rmw_implementation_cmake/cmake)
[0.364s] -- Found rmw_fastrtps_cpp: 6.2.7 (/opt/ros/humble/share/rmw_fastrtps_cpp/cmake)
[0.549s] -- Using RMW implementation 'rmw_fastrtps_cpp' as default
[0.611s] -- Found rclcpp_components: 16.0.11 (/opt/ros/humble/share/rclcpp_components/cmake)
[0.637s] -- Found ament_lint_auto: 0.12.11 (/opt/ros/humble/share/ament_lint_auto/cmake)
[0.725s] -- Added test 'cppcheck' to perform static code analysis on C / C++ code
[0.725s] -- Configured cppcheck include dirs: 
[0.725s] -- Configured cppcheck exclude dirs and/or files: 
[0.726s] -- Added test 'lint_cmake' to check CMake code style
[0.727s] -- Added test 'uncrustify' to check C / C++ code style
[0.727s] -- Configured uncrustify additional arguments: 
[0.727s] -- Added test 'xmllint' to check XML markup files
[0.728s] -- Configuring done
[0.748s] -- Generating done
[0.754s] -- Build files have been written to: /home/ubuntu/roboracing-f1tenth/build/sensors
[0.804s] [ 50%] [32mBuilding CXX object CMakeFiles/realsense_camera_node.dir/rclcpp_components/node_main_realsense_camera_node.cpp.o[0m
[0.804s] [ 50%] [32mBuilding CXX object CMakeFiles/sensors.dir/src/realsense_camera_node.cpp.o[0m
[3.950s] [01m[K/home/ubuntu/roboracing-f1tenth/sensors/src/realsense_camera_node.cpp:6:1:[m[K [01;31m[Kerror: [m[Kexpected ‘[01m[K{[m[K’ before ‘[01m[Kclass[m[K’
[3.950s]     6 | [01;31m[Kclass[m[K RealsenseCameraNode : public rclcpp::Node
[3.950s]       | [01;31m[K^~~~~[m[K
[3.952s] In file included from [01m[K/opt/ros/humble/include/class_loader/class_loader/class_loader.hpp:56[m[K,
[3.952s]                  from [01m[K/opt/ros/humble/include/rclcpp_components/rclcpp_components/register_node_macro.hpp:18[m[K,
[3.953s]                  from [01m[K/home/ubuntu/roboracing-f1tenth/sensors/src/realsense_camera_node.cpp:2[m[K:
[3.953s] [01m[K/home/ubuntu/roboracing-f1tenth/sensors/src/realsense_camera_node.cpp:17:42:[m[K [01;31m[Kerror: [m[K‘[01m[KRealsenseCameraNode[m[K’ is not a member of ‘[01m[Ksensors[m[K’; did you mean ‘[01m[KRealsenseCameraNode[m[K’?
[3.953s]    17 | RCLCPP_COMPONENTS_REGISTER_NODE(sensors::[01;31m[KRealsenseCameraNode[m[K)
[3.953s]       |                                          [01;31m[K^~~~~~~~~~~~~~~~~~~[m[K
[3.953s] [01m[K/home/ubuntu/roboracing-f1tenth/sensors/src/realsense_camera_node.cpp:6:7:[m[K [01;36m[Knote: [m[K‘[01m[KRealsenseCameraNode[m[K’ declared here
[3.953s]     6 | class [01;36m[KRealsenseCameraNode[m[K : public rclcpp::Node
[3.953s]       |       [01;36m[K^~~~~~~~~~~~~~~~~~~[m[K
[3.953s] In file included from [01m[K/opt/ros/humble/include/class_loader/class_loader/class_loader.hpp:56[m[K,
[3.953s]                  from [01m[K/opt/ros/humble/include/rclcpp_components/rclcpp_components/register_node_macro.hpp:18[m[K,
[3.953s]                  from [01m[K/home/ubuntu/roboracing-f1tenth/sensors/src/realsense_camera_node.cpp:2[m[K:
[3.954s] [01m[K/home/ubuntu/roboracing-f1tenth/sensors/src/realsense_camera_node.cpp:17:1:[m[K [01;31m[Kerror: [m[Ktemplate argument 1 is invalid
[3.954s]    17 | [01;31m[KRCLCPP_COMPONENTS_REGISTER_NODE[m[K(sensors::RealsenseCameraNode)
[3.954s]       | [01;31m[K^~~~~~~~~~~~~~~~~~~~~~~~~~~~~~~[m[K
[4.485s] In file included from [01m[K/opt/ros/humble/include/class_loader/class_loader/class_loader_core.hpp:57[m[K,
[4.485s]                  from [01m[K/opt/ros/humble/include/class_loader/class_loader/class_loader.hpp:55[m[K,
[4.485s]                  from [01m[K/opt/ros/humble/include/rclcpp_components/rclcpp_components/register_node_macro.hpp:18[m[K,
[4.485s]                  from [01m[K/home/ubuntu/roboracing-f1tenth/sensors/src/realsense_camera_node.cpp:2[m[K:
[4.486s] /opt/ros/humble/include/class_loader/class_loader/meta_object.hpp: In instantiation of ‘[01m[KB* class_loader::impl::MetaObject<C, B>::create() const [with C = int; B = rclcpp_components::NodeFactory][m[K’:
[4.486s] [01m[K/opt/ros/humble/include/class_loader/class_loader/meta_object.hpp:216:7:[m[K   required from here
[4.486s] [01m[K/opt/ros/humble/include/class_loader/class_loader/meta_object.hpp:218:12:[m[K [01;31m[Kerror: [m[Kcannot convert ‘[01m[Kint*[m[K’ to ‘[01m[Krclcpp_components::NodeFactory*[m[K’ in return
[4.486s]   218 |     return [01;31m[Knew C[m[K;
[4.487s]       |            [01;31m[K^~~~~[m[K
[4.488s]       |            [01;31m[K|[m[K
[4.488s]       |            [01;31m[Kint*[m[K
[4.545s] gmake[2]: *** [CMakeFiles/sensors.dir/build.make:76: CMakeFiles/sensors.dir/src/realsense_camera_node.cpp.o] Error 1
[4.545s] gmake[1]: *** [CMakeFiles/Makefile2:139: CMakeFiles/sensors.dir/all] Error 2
[4.545s] gmake[1]: *** Waiting for unfinished jobs....
[4.969s] [ 75%] [32m[1mLinking CXX executable realsense_camera_node[0m
[5.138s] [ 75%] Built target realsense_camera_node
[5.140s] gmake: *** [Makefile:146: all] Error 2
[5.145s] Invoked command in '/home/ubuntu/roboracing-f1tenth/build/sensors' returned '2': CMAKE_PREFIX_PATH=${CMAKE_PREFIX_PATH}:/opt/ros/humble /usr/bin/cmake --build /home/ubuntu/roboracing-f1tenth/build/sensors -- -j8 -l8
