[0.032s] Invoking command in '/home/ubuntu/roboracing-f1tenth/build/sensors': CMAKE_PREFIX_PATH=/opt/ros/humble /usr/bin/cmake --build /home/ubuntu/roboracing-f1tenth/build/sensors -- -j8 -l8
[0.213s] -- Found ament_cmake: 1.3.11 (/opt/ros/humble/share/ament_cmake/cmake)
[0.424s] -- Found rclcpp: 16.0.11 (/opt/ros/humble/share/rclcpp/cmake)
[0.519s] -- Found rosidl_generator_c: 3.1.6 (/opt/ros/humble/share/rosidl_generator_c/cmake)
[0.526s] -- Found rosidl_adapter: 3.1.6 (/opt/ros/humble/share/rosidl_adapter/cmake)
[0.541s] -- Found rosidl_generator_cpp: 3.1.6 (/opt/ros/humble/share/rosidl_generator_cpp/cmake)
[0.563s] -- Using all available rosidl_typesupport_c: rosidl_typesupport_fastrtps_c;rosidl_typesupport_introspection_c
[0.591s] -- Using all available rosidl_typesupport_cpp: rosidl_typesupport_fastrtps_cpp;rosidl_typesupport_introspection_cpp
[0.664s] -- Found rmw_implementation_cmake: 6.1.2 (/opt/ros/humble/share/rmw_implementation_cmake/cmake)
[0.670s] -- Found rmw_fastrtps_cpp: 6.2.7 (/opt/ros/humble/share/rmw_fastrtps_cpp/cmake)
[0.915s] -- Using RMW implementation 'rmw_fastrtps_cpp' as default
[1.008s] [31mCMake Error at CMakeLists.txt:11 (target_link_libraries):
[1.009s]   target_link_libraries called with incorrect number of arguments
[1.009s] 
[1.009s] [0m
[1.010s] -- Found ament_lint_auto: 0.12.11 (/opt/ros/humble/share/ament_lint_auto/cmake)
[1.111s] -- Added test 'cppcheck' to perform static code analysis on C / C++ code
[1.111s] -- Configured cppcheck include dirs: 
[1.111s] -- Configured cppcheck exclude dirs and/or files: 
[1.112s] -- Added test 'lint_cmake' to check CMake code style
[1.113s] -- Added test 'uncrustify' to check C / C++ code style
[1.114s] -- Configured uncrustify additional arguments: 
[1.114s] -- Added test 'xmllint' to check XML markup files
[1.117s] -- Configuring incomplete, errors occurred!
[1.117s] See also "/home/ubuntu/roboracing-f1tenth/build/sensors/CMakeFiles/CMakeOutput.log".
[1.147s] gmake: *** [Makefile:267: cmake_check_build_system] Error 1
[1.149s] Invoked command in '/home/ubuntu/roboracing-f1tenth/build/sensors' returned '2': CMAKE_PREFIX_PATH=/opt/ros/humble /usr/bin/cmake --build /home/ubuntu/roboracing-f1tenth/build/sensors -- -j8 -l8
