[0.005s] Invoking command in '/sim_ws/src/wall_follower/build/wall_follower': CMAKE_PREFIX_PATH=/sim_ws/install/f1tenth_gym_ros:/opt/ros/foxy /usr/bin/cmake /sim_ws/src/wall_follower -DCMAKE_INSTALL_PREFIX=/sim_ws/src/wall_follower/install/wall_follower
[0.012s] -- Found ament_cmake: 0.9.12 (/opt/ros/foxy/share/ament_cmake/cmake)
[0.018s] -- Using PYTHON_EXECUTABLE: /usr/bin/python3
[0.066s] -- Found rclcpp: 2.4.3 (/opt/ros/foxy/share/rclcpp/cmake)
[0.077s] -- Using all available rosidl_typesupport_c: rosidl_typesupport_fastrtps_c;rosidl_typesupport_introspection_c
[0.079s] -- Found rosidl_adapter: 1.3.1 (/opt/ros/foxy/share/rosidl_adapter/cmake)
[0.113s] -- Using all available rosidl_typesupport_cpp: rosidl_typesupport_fastrtps_cpp;rosidl_typesupport_introspection_cpp
[0.132s] -- Found rmw_implementation_cmake: 1.0.4 (/opt/ros/foxy/share/rmw_implementation_cmake/cmake)
[0.133s] -- Using RMW implementation 'rmw_fastrtps_cpp' as default
[0.195s] -- Found ackermann_msgs: 2.0.2 (/opt/ros/foxy/share/ackermann_msgs/cmake)
[0.209s] -- Found sensor_msgs: 2.0.5 (/opt/ros/foxy/share/sensor_msgs/cmake)
[0.263s] -- Found ament_lint_auto: 0.9.8 (/opt/ros/foxy/share/ament_lint_auto/cmake)
[0.288s] -- Added test 'copyright' to check source files copyright and LICENSE
[0.290s] -- Added test 'cppcheck' to perform static code analysis on C / C++ code
[0.290s] -- Configured cppcheck include dirs: 
[0.290s] -- Configured cppcheck exclude dirs and/or files: 
[0.292s] -- Added test 'cpplint' to check C / C++ code against the Google style
[0.292s] -- Configured cpplint exclude dirs and/or files: 
[0.292s] -- Added test 'flake8' to check Python code syntax and style conventions
[0.293s] -- Added test 'lint_cmake' to check CMake code style
[0.293s] -- Added test 'pep257' to check Python code against some of the style conventions in PEP 257
[0.295s] -- Added test 'uncrustify' to check C / C++ code style
[0.295s] -- Configured uncrustify additional arguments: 
[0.296s] -- Added test 'xmllint' to check XML markup files
[0.297s] -- Configuring done
[0.300s] -- Generating done
[0.301s] -- Build files have been written to: /sim_ws/src/wall_follower/build/wall_follower
[0.303s] Invoked command in '/sim_ws/src/wall_follower/build/wall_follower' returned '0': CMAKE_PREFIX_PATH=/sim_ws/install/f1tenth_gym_ros:/opt/ros/foxy /usr/bin/cmake /sim_ws/src/wall_follower -DCMAKE_INSTALL_PREFIX=/sim_ws/src/wall_follower/install/wall_follower
[0.304s] Invoking command in '/sim_ws/src/wall_follower/build/wall_follower': CMAKE_PREFIX_PATH=/sim_ws/install/f1tenth_gym_ros:/opt/ros/foxy /usr/bin/cmake --build /sim_ws/src/wall_follower/build/wall_follower -- -j12 -l12
[0.320s] [35m[1mScanning dependencies of target wall_follower[0m
[0.373s] [ 50%] [32mBuilding CXX object CMakeFiles/wall_follower.dir/src/wall_follower.cpp.o[0m
[0.806s] [01m[K/sim_ws/src/wall_follower/src/wall_follower.cpp:35:17:[m[K [01;31m[Kerror: [m[K‘[01m[KSubscriber[m[K’ in namespace ‘[01m[Krclcpp[m[K’ does not name a template type
[0.806s]    35 |         rclcpp::[01;31m[KSubscriber[m[K<sensor_msgs::msg::LaserScan>::SharedPtr lidar_subscriber_;
[0.806s]       |                 [01;31m[K^~~~~~~~~~[m[K
[0.806s] [01m[K/sim_ws/src/wall_follower/src/wall_follower.cpp:52:2:[m[K [01;31m[Kerror: [m[Kexpected ‘[01m[K;[m[K’ after class definition
[0.806s]    52 | }
[0.806s]       |  [01;31m[K^[m[K
[0.806s]       |  [32m[K;[m[K
[0.806s] [01m[K/sim_ws/src/wall_follower/src/wall_follower.cpp:[m[K In constructor ‘[01m[KWallFollower::WallFollower()[m[K’:
[0.806s] [01m[K/sim_ws/src/wall_follower/src/wall_follower.cpp:10:45:[m[K [01;31m[Kerror: [m[Kno matching function for call to ‘[01m[KPIDController::PIDController()[m[K’
[0.806s]    10 |         WallFollower() : Node("WallFollower"[01;31m[K)[m[K
[0.806s]       |                                             [01;31m[K^[m[K
[0.806s] In file included from [01m[K/sim_ws/src/wall_follower/src/wall_follower.cpp:2[m[K:
[0.806s] [01m[K/sim_ws/src/wall_follower/src/pid_controller.hpp:7:9:[m[K [01;36m[Knote: [m[Kcandidate: ‘[01m[KPIDController::PIDController(double, double, double, double, double)[m[K’
[0.806s]     7 |         [01;36m[KPIDController[m[K(double C, double P, double I, double D, double integral_bound);
[0.806s]       |         [01;36m[K^~~~~~~~~~~~~[m[K
[0.806s] [01m[K/sim_ws/src/wall_follower/src/pid_controller.hpp:7:9:[m[K [01;36m[Knote: [m[K  candidate expects 5 arguments, 0 provided
[0.806s] [01m[K/sim_ws/src/wall_follower/src/pid_controller.hpp:4:7:[m[K [01;36m[Knote: [m[Kcandidate: ‘[01m[Kconstexpr PIDController::PIDController(const PIDController&)[m[K’
[0.806s]     4 | class [01;36m[KPIDController[m[K {
[0.806s]       |       [01;36m[K^~~~~~~~~~~~~[m[K
[0.806s] [01m[K/sim_ws/src/wall_follower/src/pid_controller.hpp:4:7:[m[K [01;36m[Knote: [m[K  candidate expects 1 argument, 0 provided
[0.806s] [01m[K/sim_ws/src/wall_follower/src/pid_controller.hpp:4:7:[m[K [01;36m[Knote: [m[Kcandidate: ‘[01m[Kconstexpr PIDController::PIDController(PIDController&&)[m[K’
[0.806s] [01m[K/sim_ws/src/wall_follower/src/pid_controller.hpp:4:7:[m[K [01;36m[Knote: [m[K  candidate expects 1 argument, 0 provided
[0.809s] [01m[K/sim_ws/src/wall_follower/src/wall_follower.cpp:17:13:[m[K [01;31m[Kerror: [m[K‘[01m[Klidar_subscriber_[m[K’ was not declared in this scope
[0.809s]    17 |             [01;31m[Klidar_subscriber_[m[K = this->create_subscriber<sensor_msgs::msg::LaserScan>(
[0.809s]       |             [01;31m[K^~~~~~~~~~~~~~~~~[m[K
[0.809s] [01m[K/sim_ws/src/wall_follower/src/wall_follower.cpp:17:39:[m[K [01;31m[Kerror: [m[K‘[01m[Kclass WallFollower[m[K’ has no member named ‘[01m[Kcreate_subscriber[m[K’; did you mean ‘[01m[Kcreate_subscription[m[K’?
[0.809s]    17 |             lidar_subscriber_ = this->[01;31m[Kcreate_subscriber[m[K<sensor_msgs::msg::LaserScan>(
[0.809s]       |                                       [01;31m[K^~~~~~~~~~~~~~~~~[m[K
[0.809s]       |                                       [32m[Kcreate_subscription[m[K
[0.809s] [01m[K/sim_ws/src/wall_follower/src/wall_follower.cpp:17:84:[m[K [01;31m[Kerror: [m[Kexpected primary-expression before ‘[01m[K>[m[K’ token
[0.809s]    17 |             lidar_subscriber_ = this->create_subscriber<sensor_msgs::msg::LaserScan[01;31m[K>[m[K(
[0.809s]       |                                                                                    [01;31m[K^[m[K
[0.809s] [01m[K/sim_ws/src/wall_follower/src/wall_follower.cpp:18:17:[m[K [01;35m[Kwarning: [m[Kleft operand of comma operator has no effect [[01;35m[K-Wunused-value[m[K]
[0.809s]    18 |                 [01;35m[K"/scan"[m[K,
[0.809s]       |                 [01;35m[K^~~~~~~[m[K
[0.812s] [01m[K/sim_ws/src/wall_follower/src/wall_follower.cpp:20:91:[m[K [01;35m[Kwarning: [m[Kright operand of comma operator has no effect [[01;35m[K-Wunused-value[m[K]
[0.812s]    20 |                 std::bind(&WallFollower::computeAngleCallback, this, std::placeholders::_1[01;35m[K)[m[K
[0.812s]       |                                                                                           [01;35m[K^[m[K
[0.812s] [01m[K/sim_ws/src/wall_follower/src/wall_follower.cpp:28:69:[m[K [01;31m[Kerror: [m[Kno match for ‘[01m[Koperator=[m[K’ (operand types are ‘[01m[KPIDController[m[K’ and ‘[01m[KPIDController*[m[K’)
[0.812s]    28 |             angle_pid = new PIDController(C, P, I, D, integral_bound[01;31m[K)[m[K;
[0.812s]       |                                                                     [01;31m[K^[m[K
[0.812s] In file included from [01m[K/sim_ws/src/wall_follower/src/wall_follower.cpp:2[m[K:
[0.812s] [01m[K/sim_ws/src/wall_follower/src/pid_controller.hpp:4:7:[m[K [01;36m[Knote: [m[Kcandidate: ‘[01m[Kconstexpr PIDController& PIDController::operator=(const PIDController&)[m[K’
[0.812s]     4 | class [01;36m[KPIDController[m[K {
[0.812s]       |       [01;36m[K^~~~~~~~~~~~~[m[K
[0.812s] [01m[K/sim_ws/src/wall_follower/src/pid_controller.hpp:4:7:[m[K [01;36m[Knote: [m[K  no known conversion for argument 1 from ‘[01m[KPIDController*[m[K’ to ‘[01m[Kconst PIDController&[m[K’
[0.813s] [01m[K/sim_ws/src/wall_follower/src/pid_controller.hpp:4:7:[m[K [01;36m[Knote: [m[Kcandidate: ‘[01m[Kconstexpr PIDController& PIDController::operator=(PIDController&&)[m[K’
[0.813s] [01m[K/sim_ws/src/wall_follower/src/pid_controller.hpp:4:7:[m[K [01;36m[Knote: [m[K  no known conversion for argument 1 from ‘[01m[KPIDController*[m[K’ to ‘[01m[KPIDController&&[m[K’
[0.813s] [01m[K/sim_ws/src/wall_follower/src/wall_follower.cpp:22:20:[m[K [01;35m[Kwarning: [m[Kunused variable ‘[01m[KL[m[K’ [[01;35m[K-Wunused-variable[m[K]
[0.813s]    22 |             double [01;35m[KL[m[K;
[0.813s]       |                    [01;35m[K^[m[K
[0.813s] [01m[K/sim_ws/src/wall_follower/src/wall_follower.cpp:[m[K In member function ‘[01m[Kdouble WallFollower::computeAngleCallback(sensor_msgs::msg::LaserScan_<std::allocator<void> >::SharedPtr)[m[K’:
[0.813s] [01m[K/sim_ws/src/wall_follower/src/wall_follower.cpp:42:9:[m[K [01;35m[Kwarning: [m[Kno return statement in function returning non-void [[01;35m[K-Wreturn-type[m[K]
[0.813s]    42 |         [01;35m[K}[m[K
[0.813s]       |         [01;35m[K^[m[K
[0.813s] [01m[K/sim_ws/src/wall_follower/src/wall_follower.cpp:40:82:[m[K [01;35m[Kwarning: [m[Kunused parameter ‘[01m[Kmsg[m[K’ [[01;35m[K-Wunused-parameter[m[K]
[0.813s]    40 |         double computeAngleCallback([01;35m[Kconst sensor_msgs::msg::LaserScan::SharedPtr msg[m[K) {
[0.813s]       |                                     [01;35m[K~~~~~~~~~~~~~~~~~~~~~~~~~~~~~~~~~~~~~~~~~~~~~^~~[m[K
[0.813s] [01m[K/sim_ws/src/wall_follower/src/wall_follower.cpp:[m[K In member function ‘[01m[Kdouble WallFollower::DriveCallback()[m[K’:
[0.813s] [01m[K/sim_ws/src/wall_follower/src/wall_follower.cpp:51:9:[m[K [01;35m[Kwarning: [m[Kno return statement in function returning non-void [[01;35m[K-Wreturn-type[m[K]
[0.813s]    51 |         [01;35m[K}[m[K
[0.813s]       |         [01;35m[K^[m[K
[0.813s] [01m[K/sim_ws/src/wall_follower/src/wall_follower.cpp:[m[K At global scope:
[0.813s] [01m[K/sim_ws/src/wall_follower/src/wall_follower.cpp:55:5:[m[K [01;35m[Kwarning: [m[Kfirst argument of ‘[01m[Kint main(char*, char**)[m[K’ should be ‘[01m[Kint[m[K’ [[01;35m[K-Wmain[m[K]
[0.813s]    55 | int [01;35m[Kmain[m[K(char* argc, char** argv) {
[0.813s]       |     [01;35m[K^~~~[m[K
[0.813s] [01m[K/sim_ws/src/wall_follower/src/wall_follower.cpp:[m[K In function ‘[01m[Kint main(char*, char**)[m[K’:
[0.813s] [01m[K/sim_ws/src/wall_follower/src/wall_follower.cpp:55:16:[m[K [01;35m[Kwarning: [m[Kunused parameter ‘[01m[Kargc[m[K’ [[01;35m[K-Wunused-parameter[m[K]
[0.813s]    55 | int main([01;35m[Kchar* argc[m[K, char** argv) {
[0.813s]       |          [01;35m[K~~~~~~^~~~[m[K
[0.813s] [01m[K/sim_ws/src/wall_follower/src/wall_follower.cpp:55:29:[m[K [01;35m[Kwarning: [m[Kunused parameter ‘[01m[Kargv[m[K’ [[01;35m[K-Wunused-parameter[m[K]
[0.813s]    55 | int main(char* argc, [01;35m[Kchar** argv[m[K) {
[0.813s]       |                      [01;35m[K~~~~~~~^~~~[m[K
[1.085s] make[2]: *** [CMakeFiles/wall_follower.dir/build.make:63: CMakeFiles/wall_follower.dir/src/wall_follower.cpp.o] Error 1
[1.085s] make[1]: *** [CMakeFiles/Makefile2:78: CMakeFiles/wall_follower.dir/all] Error 2
[1.085s] make: *** [Makefile:141: all] Error 2
[1.086s] Invoked command in '/sim_ws/src/wall_follower/build/wall_follower' returned '2': CMAKE_PREFIX_PATH=/sim_ws/install/f1tenth_gym_ros:/opt/ros/foxy /usr/bin/cmake --build /sim_ws/src/wall_follower/build/wall_follower -- -j12 -l12
