[0.000000] (-) TimerEvent: {}
[0.000315] (sensors) JobQueued: {'identifier': 'sensors', 'dependencies': OrderedDict()}
[0.000408] (sensors) JobStarted: {'identifier': 'sensors'}
[0.013467] (sensors) JobProgress: {'identifier': 'sensors', 'progress': 'cmake'}
[0.015902] (sensors) JobProgress: {'identifier': 'sensors', 'progress': 'build'}
[0.016350] (sensors) Command: {'cmd': ['/usr/bin/cmake', '--build', '/home/ubuntu/roboracing-f1tenth/build/sensors', '--', '-j8', '-l8'], 'cwd': '/home/ubuntu/roboracing-f1tenth/build/sensors', 'env': OrderedDict([('VNCDESKTOP', 'bbb7d4524d2d:1 (ubuntu)'), ('QT_SCALE_FACTOR', '1'), ('USER', 'ubuntu'), ('SUPERVISOR_GROUP_NAME', 'vnc'), ('HOSTNAME', 'bbb7d4524d2d'), ('XDG_SESSION_TYPE', 'x11'), ('GIT_ASKPASS', '/usr/share/codium/resources/app/extensions/git/dist/askpass.sh'), ('SHLVL', '2'), ('LD_LIBRARY_PATH', '/usr/lib/x86_64-linux-gnu/gazebo-11/plugins:/opt/ros/humble/opt/rviz_ogre_vendor/lib:/opt/ros/humble/lib/x86_64-linux-gnu:/opt/ros/humble/lib'), ('HOME', '/home/ubuntu'), ('CHROME_DESKTOP', 'codium.desktop'), ('TERM_PROGRAM_VERSION', '1.96.3'), ('GIO_LAUNCHED_DESKTOP_FILE', '/home/ubuntu/Desktop/codium.desktop'), ('ROS_PYTHON_VERSION', '3'), ('GTK_MODULES', 'appmenu-gtk-module'), ('VSCODE_GIT_ASKPASS_MAIN', '/usr/share/codium/resources/app/extensions/git/dist/askpass-main.js'), ('VSCODE_GIT_ASKPASS_NODE', '/usr/share/codium/codium'), ('LC_CTYPE', 'C.UTF-8'), ('DBUS_SESSION_BUS_ADDRESS', 'unix:abstract=/tmp/dbus-W6khD4RlHD,guid=acea5d8327f3559d0d0439fd679281ad'), ('COLORTERM', 'truecolor'), ('GIO_LAUNCHED_DESKTOP_FILE_PID', '905'), ('GNOME_KEYRING_CONTROL', '/home/ubuntu/.cache/keyring-WDZ002'), ('UBUNTU_MENUPROXY', '1'), ('ROS_DISTRO', 'humble'), ('_', '/usr/bin/colcon'), ('ROS_VERSION', '2'), ('XDG_SESSION_CLASS', 'user'), ('TERM', 'xterm-256color'), ('GTK_OVERLAY_SCROLLING', '0'), ('ROS_LOCALHOST_ONLY', '0'), ('INSIDE_CAJA_PYTHON', ''), ('PATH', '/opt/ros/humble/bin:/usr/local/sbin:/usr/local/bin:/usr/sbin:/usr/bin:/sbin:/bin:/snap/bin'), ('SESSION_MANAGER', 'local/bbb7d4524d2d:@/tmp/.ICE-unix/84,unix/bbb7d4524d2d:/tmp/.ICE-unix/84'), ('GDK_BACKEND', 'x11'), ('DISPLAY', ':1'), ('LANG', 'en_US.UTF-8'), ('XDG_CURRENT_DESKTOP', 'MATE'), ('VSCODE_GIT_IPC_HANDLE', '/tmp/vscode-git-6bd464112c.sock'), ('SUPERVISOR_ENABLED', '1'), ('TERM_PROGRAM', 'vscode'), ('SSH_AUTH_SOCK', '/home/ubuntu/.cache/keyring-WDZ002/ssh'), ('AMENT_PREFIX_PATH', '/opt/ros/humble'), ('ORIGINAL_XDG_CURRENT_DESKTOP', 'MATE'), ('NO_AT_BRIDGE', '1'), ('PASSWD', 'ubuntu'), ('SUPERVISOR_SERVER_URL', 'unix:///var/run/supervisor.sock'), ('VSCODE_GIT_ASKPASS_EXTRA_ARGS', ''), ('SUPERVISOR_PROCESS_NAME', 'vnc'), ('PWD', '/home/ubuntu/roboracing-f1tenth/build/sensors'), ('XDG_DATA_DIRS', '/usr/share/gnome:/home/ubuntu/.local/share/flatpak/exports/share:/var/lib/flatpak/exports/share:/usr/local/share:/usr/share:/var/lib/snapd/desktop'), ('PYTHONPATH', '/opt/ros/humble/lib/python3.10/site-packages:/opt/ros/humble/local/lib/python3.10/dist-packages'), ('MATE_DESKTOP_SESSION_ID', 'this-is-deprecated'), ('COLCON', '1'), ('QT_FONT_DPI', '96'), ('CMAKE_PREFIX_PATH', '/opt/ros/humble')]), 'shell': False}
[0.047204] (sensors) StdoutLine: {'line': b'-- Found ament_cmake: 1.3.11 (/opt/ros/humble/share/ament_cmake/cmake)\n'}
[0.099055] (-) TimerEvent: {}
[0.200222] (-) TimerEvent: {}
[0.214767] (sensors) StderrLine: {'line': b'\x1b[31mCMake Error at CMakeLists.txt:15 (target_include_directories):\n'}
[0.215054] (sensors) StderrLine: {'line': b'  Cannot specify include directories for target "realsense_camera_publisher"\n'}
[0.215121] (sensors) StderrLine: {'line': b'  which is not built by this project.\n'}
[0.215172] (sensors) StderrLine: {'line': b'\n'}
[0.215220] (sensors) StderrLine: {'line': b'\x1b[0m\n'}
[0.215268] (sensors) StderrLine: {'line': b'\x1b[31mCMake Error at CMakeLists.txt:20 (install):\n'}
[0.215316] (sensors) StderrLine: {'line': b'  install TARGETS given target "realsense_camera_publisher" which does not\n'}
[0.215365] (sensors) StderrLine: {'line': b'  exist.\n'}
[0.215412] (sensors) StderrLine: {'line': b'\n'}
[0.215460] (sensors) StderrLine: {'line': b'\x1b[0m\n'}
[0.215514] (sensors) StdoutLine: {'line': b'-- Found ament_lint_auto: 0.12.11 (/opt/ros/humble/share/ament_lint_auto/cmake)\n'}
[0.299904] (sensors) StdoutLine: {'line': b"-- Added test 'cppcheck' to perform static code analysis on C / C++ code\n"}
[0.300173] (sensors) StdoutLine: {'line': b'-- Configured cppcheck include dirs: \n'}
[0.300232] (-) TimerEvent: {}
[0.300320] (sensors) StdoutLine: {'line': b'-- Configured cppcheck exclude dirs and/or files: \n'}
[0.300570] (sensors) StdoutLine: {'line': b"-- Added test 'lint_cmake' to check CMake code style\n"}
[0.301636] (sensors) StdoutLine: {'line': b"-- Added test 'uncrustify' to check C / C++ code style\n"}
[0.301838] (sensors) StdoutLine: {'line': b'-- Configured uncrustify additional arguments: \n'}
[0.302169] (sensors) StdoutLine: {'line': b"-- Added test 'xmllint' to check XML markup files\n"}
[0.302883] (sensors) StdoutLine: {'line': b'-- Configuring incomplete, errors occurred!\n'}
[0.303102] (sensors) StdoutLine: {'line': b'See also "/home/ubuntu/roboracing-f1tenth/build/sensors/CMakeFiles/CMakeOutput.log".\n'}
[0.306052] (sensors) StderrLine: {'line': b'gmake: *** [Makefile:267: cmake_check_build_system] Error 1\n'}
[0.309140] (sensors) CommandEnded: {'returncode': 2}
[0.322695] (sensors) JobEnded: {'identifier': 'sensors', 'rc': 2}
[0.325731] (-) EventReactorShutdown: {}
