[0.033s] Invoking command in '/home/ubuntu/roboracing-f1tenth/build/sensors': CMAKE_PREFIX_PATH=${CMAKE_PREFIX_PATH}:/opt/ros/humble /usr/bin/cmake --build /home/ubuntu/roboracing-f1tenth/build/sensors -- -j8 -l8
[0.094s] -- Found ament_cmake: 1.3.11 (/opt/ros/humble/share/ament_cmake/cmake)
[0.395s] -- Found rclcpp: 16.0.11 (/opt/ros/humble/share/rclcpp/cmake)
[0.443s] -- Found rosidl_generator_c: 3.1.6 (/opt/ros/humble/share/rosidl_generator_c/cmake)
[0.446s] -- Found rosidl_adapter: 3.1.6 (/opt/ros/humble/share/rosidl_adapter/cmake)
[0.456s] -- Found rosidl_generator_cpp: 3.1.6 (/opt/ros/humble/share/rosidl_generator_cpp/cmake)
[0.469s] -- Using all available rosidl_typesupport_c: rosidl_typesupport_fastrtps_c;rosidl_typesupport_introspection_c
[0.484s] -- Using all available rosidl_typesupport_cpp: rosidl_typesupport_fastrtps_cpp;rosidl_typesupport_introspection_cpp
[0.530s] -- Found rmw_implementation_cmake: 6.1.2 (/opt/ros/humble/share/rmw_implementation_cmake/cmake)
[0.532s] -- Found rmw_fastrtps_cpp: 6.2.7 (/opt/ros/humble/share/rmw_fastrtps_cpp/cmake)
[0.764s] -- Using RMW implementation 'rmw_fastrtps_cpp' as default
[0.824s] -- Found ament_lint_auto: 0.12.11 (/opt/ros/humble/share/ament_lint_auto/cmake)
[0.921s] -- Added test 'cppcheck' to perform static code analysis on C / C++ code
[0.921s] -- Configured cppcheck include dirs: 
[0.921s] -- Configured cppcheck exclude dirs and/or files: 
[0.922s] -- Added test 'lint_cmake' to check CMake code style
[0.924s] -- Added test 'uncrustify' to check C / C++ code style
[0.924s] -- Configured uncrustify additional arguments: 
[0.924s] -- Added test 'xmllint' to check XML markup files
[0.925s] -- Configuring done
[0.937s] -- Generating done
[0.943s] -- Build files have been written to: /home/ubuntu/roboracing-f1tenth/build/sensors
[0.991s] [35m[1mConsolidate compiler generated dependencies of target realsense_camera_node[0m
[1.018s] [ 50%] [32mBuilding CXX object CMakeFiles/realsense_camera_node.dir/src/realsense_camera_node.cpp.o[0m
[4.030s] [01m[K/home/ubuntu/roboracing-f1tenth/sensors/src/realsense_camera_node.cpp:[m[K In function ‘[01m[Kint main(int, char**)[m[K’:
[4.030s] [01m[K/home/ubuntu/roboracing-f1tenth/sensors/src/realsense_camera_node.cpp:7:5:[m[K [01;31m[Kerror: [m[K‘[01m[KRLCPP_DEBUG[m[K’ was not declared in this scope; did you mean ‘[01m[KRCLCPP_DEBUG[m[K’?
[4.030s]     7 |     [01;31m[KRLCPP_DEBUG[m[K(node->get_logger(), "Debug");
[4.030s]       |     [01;31m[K^~~~~~~~~~~[m[K
[4.030s]       |     [32m[KRCLCPP_DEBUG[m[K
[4.035s] [01m[K/home/ubuntu/roboracing-f1tenth/sensors/src/realsense_camera_node.cpp:8:5:[m[K [01;31m[Kerror: [m[K‘[01m[KRLCPP_INFO[m[K’ was not declared in this scope; did you mean ‘[01m[KRCLCPP_INFO[m[K’?
[4.035s]     8 |     [01;31m[KRLCPP_INFO[m[K(node->get_logger(), "Info");
[4.035s]       |     [01;31m[K^~~~~~~~~~[m[K
[4.035s]       |     [32m[KRCLCPP_INFO[m[K
[4.040s] [01m[K/home/ubuntu/roboracing-f1tenth/sensors/src/realsense_camera_node.cpp:9:5:[m[K [01;31m[Kerror: [m[K‘[01m[KRLCPP_WARN[m[K’ was not declared in this scope; did you mean ‘[01m[KRCLCPP_WARN[m[K’?
[4.040s]     9 |     [01;31m[KRLCPP_WARN[m[K(node->get_logger(), "Warning");
[4.040s]       |     [01;31m[K^~~~~~~~~~[m[K
[4.040s]       |     [32m[KRCLCPP_WARN[m[K
[4.045s] [01m[K/home/ubuntu/roboracing-f1tenth/sensors/src/realsense_camera_node.cpp:10:5:[m[K [01;31m[Kerror: [m[K‘[01m[KRLCPP_ERROR[m[K’ was not declared in this scope; did you mean ‘[01m[KRCLCPP_ERROR[m[K’?
[4.045s]    10 |     [01;31m[KRLCPP_ERROR[m[K(node->get_logger(), "Error");
[4.046s]       |     [01;31m[K^~~~~~~~~~~[m[K
[4.046s]       |     [32m[KRCLCPP_ERROR[m[K
[4.598s] gmake[2]: *** [CMakeFiles/realsense_camera_node.dir/build.make:76: CMakeFiles/realsense_camera_node.dir/src/realsense_camera_node.cpp.o] Error 1
[4.598s] gmake[1]: *** [CMakeFiles/Makefile2:137: CMakeFiles/realsense_camera_node.dir/all] Error 2
[4.598s] gmake: *** [Makefile:146: all] Error 2
[4.602s] Invoked command in '/home/ubuntu/roboracing-f1tenth/build/sensors' returned '2': CMAKE_PREFIX_PATH=${CMAKE_PREFIX_PATH}:/opt/ros/humble /usr/bin/cmake --build /home/ubuntu/roboracing-f1tenth/build/sensors -- -j8 -l8
