[0.021s] Invoking command in '/home/ubuntu/roboracing-f1tenth/build/sensors': CMAKE_PREFIX_PATH=/opt/ros/humble /usr/bin/cmake /home/ubuntu/roboracing-f1tenth/sensors -DCMAKE_INSTALL_PREFIX=/home/ubuntu/roboracing-f1tenth/install/sensors
[0.239s] -- The C compiler identification is GNU 11.4.0
[0.416s] -- The CXX compiler identification is GNU 11.4.0
[0.437s] -- Detecting C compiler ABI info
[0.539s] -- Detecting C compiler ABI info - done
[0.550s] -- Check for working C compiler: /usr/bin/cc - skipped
[0.551s] -- Detecting C compile features
[0.553s] -- Detecting C compile features - done
[0.558s] -- Detecting CXX compiler ABI info
[0.673s] -- Detecting CXX compiler ABI info - done
[0.681s] -- Check for working CXX compiler: /usr/bin/c++ - skipped
[0.682s] -- Detecting CXX compile features
[0.682s] -- Detecting CXX compile features - done
[0.705s] -- Found ament_cmake: 1.3.11 (/opt/ros/humble/share/ament_cmake/cmake)
[0.923s] -- Found Python3: /usr/bin/python3 (found version "3.10.12") found components: Interpreter 
[1.111s] -- Found ament_lint_auto: 0.12.11 (/opt/ros/humble/share/ament_lint_auto/cmake)
[1.256s] -- Added test 'cppcheck' to perform static code analysis on C / C++ code
[1.256s] -- Configured cppcheck include dirs: $<BUILD_INTERFACE:/home/ubuntu/roboracing-f1tenth/sensors/include>
[1.256s] -- Configured cppcheck exclude dirs and/or files: 
[1.257s] -- Added test 'lint_cmake' to check CMake code style
[1.258s] -- Added test 'uncrustify' to check C / C++ code style
[1.259s] -- Configured uncrustify additional arguments: 
[1.259s] -- Added test 'xmllint' to check XML markup files
[1.262s] -- Configuring done
[1.270s] -- Generating done
[1.273s] -- Build files have been written to: /home/ubuntu/roboracing-f1tenth/build/sensors
[1.278s] Invoked command in '/home/ubuntu/roboracing-f1tenth/build/sensors' returned '0': CMAKE_PREFIX_PATH=/opt/ros/humble /usr/bin/cmake /home/ubuntu/roboracing-f1tenth/sensors -DCMAKE_INSTALL_PREFIX=/home/ubuntu/roboracing-f1tenth/install/sensors
[1.281s] Invoking command in '/home/ubuntu/roboracing-f1tenth/build/sensors': CMAKE_PREFIX_PATH=/opt/ros/humble /usr/bin/cmake --build /home/ubuntu/roboracing-f1tenth/build/sensors -- -j8 -l8
[1.344s] [ 50%] [32mBuilding CXX object CMakeFiles/realsense_camera.dir/src/realsense_camera.cpp.o[0m
[1.404s] [100%] [32m[1mLinking CXX executable realsense_camera[0m
[1.463s] [100%] Built target realsense_camera
[1.479s] Invoked command in '/home/ubuntu/roboracing-f1tenth/build/sensors' returned '0': CMAKE_PREFIX_PATH=/opt/ros/humble /usr/bin/cmake --build /home/ubuntu/roboracing-f1tenth/build/sensors -- -j8 -l8
[1.509s] Invoking command in '/home/ubuntu/roboracing-f1tenth/build/sensors': CMAKE_PREFIX_PATH=/opt/ros/humble /usr/bin/cmake --install /home/ubuntu/roboracing-f1tenth/build/sensors
[1.513s] -- Install configuration: ""
[1.513s] -- Installing: /home/ubuntu/roboracing-f1tenth/install/sensors/lib/sensors/realsense_camera
[1.514s] -- Installing: /home/ubuntu/roboracing-f1tenth/install/sensors/share/ament_index/resource_index/package_run_dependencies/sensors
[1.514s] -- Installing: /home/ubuntu/roboracing-f1tenth/install/sensors/share/ament_index/resource_index/parent_prefix_path/sensors
[1.514s] -- Installing: /home/ubuntu/roboracing-f1tenth/install/sensors/share/sensors/environment/ament_prefix_path.sh
[1.515s] -- Installing: /home/ubuntu/roboracing-f1tenth/install/sensors/share/sensors/environment/ament_prefix_path.dsv
[1.516s] -- Installing: /home/ubuntu/roboracing-f1tenth/install/sensors/share/sensors/environment/path.sh
[1.516s] -- Installing: /home/ubuntu/roboracing-f1tenth/install/sensors/share/sensors/environment/path.dsv
[1.516s] -- Installing: /home/ubuntu/roboracing-f1tenth/install/sensors/share/sensors/local_setup.bash
[1.517s] -- Installing: /home/ubuntu/roboracing-f1tenth/install/sensors/share/sensors/local_setup.sh
[1.517s] -- Installing: /home/ubuntu/roboracing-f1tenth/install/sensors/share/sensors/local_setup.zsh
[1.517s] -- Installing: /home/ubuntu/roboracing-f1tenth/install/sensors/share/sensors/local_setup.dsv
[1.517s] -- Installing: /home/ubuntu/roboracing-f1tenth/install/sensors/share/sensors/package.dsv
[1.518s] -- Installing: /home/ubuntu/roboracing-f1tenth/install/sensors/share/ament_index/resource_index/packages/sensors
[1.518s] -- Installing: /home/ubuntu/roboracing-f1tenth/install/sensors/share/sensors/cmake/sensorsConfig.cmake
[1.518s] -- Installing: /home/ubuntu/roboracing-f1tenth/install/sensors/share/sensors/cmake/sensorsConfig-version.cmake
[1.518s] -- Installing: /home/ubuntu/roboracing-f1tenth/install/sensors/share/sensors/package.xml
[1.524s] Invoked command in '/home/ubuntu/roboracing-f1tenth/build/sensors' returned '0': CMAKE_PREFIX_PATH=/opt/ros/humble /usr/bin/cmake --install /home/ubuntu/roboracing-f1tenth/build/sensors
