[0.020s] Invoking command in '/home/ubuntu/roboracing-f1tenth/build/sensors': CMAKE_PREFIX_PATH=${CMAKE_PREFIX_PATH}:/opt/ros/humble /usr/bin/cmake --build /home/ubuntu/roboracing-f1tenth/build/sensors -- -j8 -l8
[0.091s] [35m[1mConsolidate compiler generated dependencies of target realsense_camera_node[0m
[0.118s] [ 50%] [32mBuilding CXX object CMakeFiles/realsense_camera_node.dir/src/realsense_camera_node.cpp.o[0m
[2.904s] [01m[K/home/ubuntu/roboracing-f1tenth/sensors/src/realsense_camera_node.cpp:[m[K In function ‘[01m[Kint main(int, char**)[m[K’:
[2.904s] [01m[K/home/ubuntu/roboracing-f1tenth/sensors/src/realsense_camera_node.cpp:8:5:[m[K [01;31m[Kerror: [m[K‘[01m[KRLCPP_DEBUG[m[K’ was not declared in this scope; did you mean ‘[01m[KRCLCPP_DEBUG[m[K’?
[2.904s]     8 |     [01;31m[KRLCPP_DEBUG[m[K(node->get_logger(), "Debug");
[2.904s]       |     [01;31m[K^~~~~~~~~~~[m[K
[2.904s]       |     [32m[KRCLCPP_DEBUG[m[K
[2.909s] [01m[K/home/ubuntu/roboracing-f1tenth/sensors/src/realsense_camera_node.cpp:9:5:[m[K [01;31m[Kerror: [m[K‘[01m[KRLCPP_INFO[m[K’ was not declared in this scope; did you mean ‘[01m[KRCLCPP_INFO[m[K’?
[2.909s]     9 |     [01;31m[KRLCPP_INFO[m[K(node->get_logger(), "Info");
[2.909s]       |     [01;31m[K^~~~~~~~~~[m[K
[2.909s]       |     [32m[KRCLCPP_INFO[m[K
[2.914s] [01m[K/home/ubuntu/roboracing-f1tenth/sensors/src/realsense_camera_node.cpp:10:5:[m[K [01;31m[Kerror: [m[K‘[01m[KRLCPP_WARN[m[K’ was not declared in this scope; did you mean ‘[01m[KRCLCPP_WARN[m[K’?
[2.914s]    10 |     [01;31m[KRLCPP_WARN[m[K(node->get_logger(), "Warning");
[2.914s]       |     [01;31m[K^~~~~~~~~~[m[K
[2.914s]       |     [32m[KRCLCPP_WARN[m[K
[2.919s] [01m[K/home/ubuntu/roboracing-f1tenth/sensors/src/realsense_camera_node.cpp:11:5:[m[K [01;31m[Kerror: [m[K‘[01m[KRLCPP_ERROR[m[K’ was not declared in this scope; did you mean ‘[01m[KRCLCPP_ERROR[m[K’?
[2.919s]    11 |     [01;31m[KRLCPP_ERROR[m[K(node->get_logger(), "Error");
[2.919s]       |     [01;31m[K^~~~~~~~~~~[m[K
[2.919s]       |     [32m[KRCLCPP_ERROR[m[K
[3.438s] gmake[2]: *** [CMakeFiles/realsense_camera_node.dir/build.make:76: CMakeFiles/realsense_camera_node.dir/src/realsense_camera_node.cpp.o] Error 1
[3.438s] gmake[1]: *** [CMakeFiles/Makefile2:137: CMakeFiles/realsense_camera_node.dir/all] Error 2
[3.439s] gmake: *** [Makefile:146: all] Error 2
[3.441s] Invoked command in '/home/ubuntu/roboracing-f1tenth/build/sensors' returned '2': CMAKE_PREFIX_PATH=${CMAKE_PREFIX_PATH}:/opt/ros/humble /usr/bin/cmake --build /home/ubuntu/roboracing-f1tenth/build/sensors -- -j8 -l8
