[0.057s] Invoking command in '/home/ubuntu/roboracing-f1tenth/build/sensors': CMAKE_PREFIX_PATH=/opt/ros/humble /usr/bin/cmake --build /home/ubuntu/roboracing-f1tenth/build/sensors -- -j8 -l8
[0.335s] -- Found ament_cmake: 1.3.11 (/opt/ros/humble/share/ament_cmake/cmake)
[0.869s] -- Found rclcpp: 16.0.11 (/opt/ros/humble/share/rclcpp/cmake)
[1.053s] -- Found rosidl_generator_c: 3.1.6 (/opt/ros/humble/share/rosidl_generator_c/cmake)
[1.066s] -- Found rosidl_adapter: 3.1.6 (/opt/ros/humble/share/rosidl_adapter/cmake)
[1.095s] -- Found rosidl_generator_cpp: 3.1.6 (/opt/ros/humble/share/rosidl_generator_cpp/cmake)
[1.133s] -- Using all available rosidl_typesupport_c: rosidl_typesupport_fastrtps_c;rosidl_typesupport_introspection_c
[1.184s] -- Using all available rosidl_typesupport_cpp: rosidl_typesupport_fastrtps_cpp;rosidl_typesupport_introspection_cpp
[1.332s] -- Found rmw_implementation_cmake: 6.1.2 (/opt/ros/humble/share/rmw_implementation_cmake/cmake)
[1.344s] -- Found rmw_fastrtps_cpp: 6.2.7 (/opt/ros/humble/share/rmw_fastrtps_cpp/cmake)
[1.817s] -- Using RMW implementation 'rmw_fastrtps_cpp' as default
[2.067s] -- Found ament_lint_auto: 0.12.11 (/opt/ros/humble/share/ament_lint_auto/cmake)
[2.254s] -- Added test 'cppcheck' to perform static code analysis on C / C++ code
[2.254s] -- Configured cppcheck include dirs: $<BUILD_INTERFACE:/home/ubuntu/roboracing-f1tenth/sensors/include>
[2.254s] -- Configured cppcheck exclude dirs and/or files: 
[2.256s] -- Added test 'lint_cmake' to check CMake code style
[2.258s] -- Added test 'uncrustify' to check C / C++ code style
[2.258s] -- Configured uncrustify additional arguments: 
[2.260s] -- Added test 'xmllint' to check XML markup files
[2.266s] -- Configuring done
[2.316s] -- Generating done
[2.327s] -- Build files have been written to: /home/ubuntu/roboracing-f1tenth/build/sensors
[2.386s] [35m[1mConsolidate compiler generated dependencies of target realsense_camera_publisher[0m
[2.388s] [35m[1mConsolidate compiler generated dependencies of target talker[0m
[2.430s] [ 25%] [32mBuilding CXX object CMakeFiles/realsense_camera_publisher.dir/src/realsense_camera_publisher.cpp.o[0m
[2.520s] [ 50%] [32mBuilding CXX object CMakeFiles/talker.dir/src/realsense_camera_publisher.cpp.o[0m
[2.737s] [01m[K/home/ubuntu/roboracing-f1tenth/sensors/src/realsense_camera_publisher.cpp:6:10:[m[K [01;31m[Kfatal error: [m[Krclcpp/rclcpp.hpp: No such file or directory
[2.737s]     6 | #include [01;31m[K<rclcpp/rclcpp.hpp>[m[K
[2.737s]       |          [01;31m[K^~~~~~~~~~~~~~~~~~~[m[K
[2.738s] compilation terminated.
[2.739s] gmake[2]: *** [CMakeFiles/realsense_camera_publisher.dir/build.make:76: CMakeFiles/realsense_camera_publisher.dir/src/realsense_camera_publisher.cpp.o] Error 1
[2.739s] gmake[1]: *** [CMakeFiles/Makefile2:165: CMakeFiles/realsense_camera_publisher.dir/all] Error 2
[2.740s] gmake[1]: *** Waiting for unfinished jobs....
[9.063s] [ 75%] [32m[1mLinking CXX executable talker[0m
[9.478s] [ 75%] Built target talker
[9.480s] gmake: *** [Makefile:146: all] Error 2
[9.485s] Invoked command in '/home/ubuntu/roboracing-f1tenth/build/sensors' returned '2': CMAKE_PREFIX_PATH=/opt/ros/humble /usr/bin/cmake --build /home/ubuntu/roboracing-f1tenth/build/sensors -- -j8 -l8
