[0.026s] Invoking command in '/home/ubuntu/roboracing-f1tenth/build/sensors': CMAKE_PREFIX_PATH=${CMAKE_PREFIX_PATH}:/opt/ros/humble /usr/bin/cmake --build /home/ubuntu/roboracing-f1tenth/build/sensors -- -j8 -l8
[0.087s] [35m[1mConsolidate compiler generated dependencies of target realsense_camera_node[0m
[0.088s] [35m[1mConsolidate compiler generated dependencies of target sensors[0m
[0.112s] [ 50%] [32mBuilding CXX object CMakeFiles/sensors.dir/src/realsense_camera_node.cpp.o[0m
[0.112s] [ 75%] Built target realsense_camera_node
[3.353s] [01m[K/home/ubuntu/roboracing-f1tenth/sensors/src/realsense_camera_node.cpp:6:1:[m[K [01;31m[Kerror: [m[Kexpected ‘[01m[K{[m[K’ before ‘[01m[Kclass[m[K’
[3.353s]     6 | [01;31m[Kclass[m[K RealsenseCameraNode : public rclcpp::Node
[3.353s]       | [01;31m[K^~~~~[m[K
[3.355s] In file included from [01m[K/opt/ros/humble/include/class_loader/class_loader/class_loader.hpp:56[m[K,
[3.356s]                  from [01m[K/opt/ros/humble/include/rclcpp_components/rclcpp_components/register_node_macro.hpp:18[m[K,
[3.356s]                  from [01m[K/home/ubuntu/roboracing-f1tenth/sensors/src/realsense_camera_node.cpp:2[m[K:
[3.356s] [01m[K/home/ubuntu/roboracing-f1tenth/sensors/src/realsense_camera_node.cpp:17:42:[m[K [01;31m[Kerror: [m[K‘[01m[KRealsenseCameraNode[m[K’ is not a member of ‘[01m[Ksensors[m[K’; did you mean ‘[01m[KRealsenseCameraNode[m[K’?
[3.356s]    17 | RCLCPP_COMPONENTS_REGISTER_NODE(sensors::[01;31m[KRealsenseCameraNode[m[K)
[3.356s]       |                                          [01;31m[K^~~~~~~~~~~~~~~~~~~[m[K
[3.356s] [01m[K/home/ubuntu/roboracing-f1tenth/sensors/src/realsense_camera_node.cpp:6:7:[m[K [01;36m[Knote: [m[K‘[01m[KRealsenseCameraNode[m[K’ declared here
[3.356s]     6 | class [01;36m[KRealsenseCameraNode[m[K : public rclcpp::Node
[3.356s]       |       [01;36m[K^~~~~~~~~~~~~~~~~~~[m[K
[3.356s] In file included from [01m[K/opt/ros/humble/include/class_loader/class_loader/class_loader.hpp:56[m[K,
[3.356s]                  from [01m[K/opt/ros/humble/include/rclcpp_components/rclcpp_components/register_node_macro.hpp:18[m[K,
[3.356s]                  from [01m[K/home/ubuntu/roboracing-f1tenth/sensors/src/realsense_camera_node.cpp:2[m[K:
[3.356s] [01m[K/home/ubuntu/roboracing-f1tenth/sensors/src/realsense_camera_node.cpp:17:1:[m[K [01;31m[Kerror: [m[Ktemplate argument 1 is invalid
[3.356s]    17 | [01;31m[KRCLCPP_COMPONENTS_REGISTER_NODE[m[K(sensors::RealsenseCameraNode)
[3.357s]       | [01;31m[K^~~~~~~~~~~~~~~~~~~~~~~~~~~~~~~[m[K
[3.920s] In file included from [01m[K/opt/ros/humble/include/class_loader/class_loader/class_loader_core.hpp:57[m[K,
[3.920s]                  from [01m[K/opt/ros/humble/include/class_loader/class_loader/class_loader.hpp:55[m[K,
[3.920s]                  from [01m[K/opt/ros/humble/include/rclcpp_components/rclcpp_components/register_node_macro.hpp:18[m[K,
[3.920s]                  from [01m[K/home/ubuntu/roboracing-f1tenth/sensors/src/realsense_camera_node.cpp:2[m[K:
[3.920s] /opt/ros/humble/include/class_loader/class_loader/meta_object.hpp: In instantiation of ‘[01m[KB* class_loader::impl::MetaObject<C, B>::create() const [with C = int; B = rclcpp_components::NodeFactory][m[K’:
[3.920s] [01m[K/opt/ros/humble/include/class_loader/class_loader/meta_object.hpp:216:7:[m[K   required from here
[3.921s] [01m[K/opt/ros/humble/include/class_loader/class_loader/meta_object.hpp:218:12:[m[K [01;31m[Kerror: [m[Kcannot convert ‘[01m[Kint*[m[K’ to ‘[01m[Krclcpp_components::NodeFactory*[m[K’ in return
[3.921s]   218 |     return [01;31m[Knew C[m[K;
[3.921s]       |            [01;31m[K^~~~~[m[K
[3.921s]       |            [01;31m[K|[m[K
[3.921s]       |            [01;31m[Kint*[m[K
[3.982s] gmake[2]: *** [CMakeFiles/sensors.dir/build.make:76: CMakeFiles/sensors.dir/src/realsense_camera_node.cpp.o] Error 1
[3.982s] gmake[1]: *** [CMakeFiles/Makefile2:139: CMakeFiles/sensors.dir/all] Error 2
[3.982s] gmake: *** [Makefile:146: all] Error 2
[3.987s] Invoked command in '/home/ubuntu/roboracing-f1tenth/build/sensors' returned '2': CMAKE_PREFIX_PATH=${CMAKE_PREFIX_PATH}:/opt/ros/humble /usr/bin/cmake --build /home/ubuntu/roboracing-f1tenth/build/sensors -- -j8 -l8
