[0.022s] Invoking command in '/home/ubuntu/roboracing-f1tenth/build/sensors': CMAKE_PREFIX_PATH=${CMAKE_PREFIX_PATH}:/opt/ros/humble /usr/bin/cmake --build /home/ubuntu/roboracing-f1tenth/build/sensors -- -j8 -l8
[0.061s] -- Found ament_cmake: 1.3.11 (/opt/ros/humble/share/ament_cmake/cmake)
[0.366s] -- Found rclcpp: 16.0.11 (/opt/ros/humble/share/rclcpp/cmake)
[0.420s] -- Found rosidl_generator_c: 3.1.6 (/opt/ros/humble/share/rosidl_generator_c/cmake)
[0.423s] -- Found rosidl_adapter: 3.1.6 (/opt/ros/humble/share/rosidl_adapter/cmake)
[0.434s] -- Found rosidl_generator_cpp: 3.1.6 (/opt/ros/humble/share/rosidl_generator_cpp/cmake)
[0.450s] -- Using all available rosidl_typesupport_c: rosidl_typesupport_fastrtps_c;rosidl_typesupport_introspection_c
[0.468s] -- Using all available rosidl_typesupport_cpp: rosidl_typesupport_fastrtps_cpp;rosidl_typesupport_introspection_cpp
[0.511s] -- Found rmw_implementation_cmake: 6.1.2 (/opt/ros/humble/share/rmw_implementation_cmake/cmake)
[0.513s] -- Found rmw_fastrtps_cpp: 6.2.7 (/opt/ros/humble/share/rmw_fastrtps_cpp/cmake)
[0.722s] -- Using RMW implementation 'rmw_fastrtps_cpp' as default
[0.821s] -- Found ament_lint_auto: 0.12.11 (/opt/ros/humble/share/ament_lint_auto/cmake)
[0.932s] -- Added test 'cppcheck' to perform static code analysis on C / C++ code
[0.932s] -- Configured cppcheck include dirs: 
[0.932s] -- Configured cppcheck exclude dirs and/or files: 
[0.934s] -- Added test 'lint_cmake' to check CMake code style
[0.935s] -- Added test 'uncrustify' to check C / C++ code style
[0.935s] -- Configured uncrustify additional arguments: 
[0.935s] -- Added test 'xmllint' to check XML markup files
[0.937s] -- Configuring done
[0.942s] [31mCMake Error at CMakeLists.txt:12 (add_executable):
[0.942s]   Cannot find source file:
[0.942s] 
[0.942s]     PUBLIC
[0.942s] 
[0.942s]   Tried extensions .c .C .c++ .cc .cpp .cxx .cu .mpp .m .M .mm .ixx .cppm .h
[0.943s]   .hh .h++ .hm .hpp .hxx .in .txx .f .F .for .f77 .f90 .f95 .f03 .hip .ispc
[0.943s] 
[0.943s] [0m
[0.943s] [31mCMake Error at CMakeLists.txt:12 (add_executable):
[0.943s]   No SOURCES given to target: realsense_camera_node
[0.943s] 
[0.943s] [0m
[0.943s] [0mCMake Generate step failed.  Build files cannot be regenerated correctly.[0m
[0.952s] gmake: *** [Makefile:267: cmake_check_build_system] Error 1
[0.956s] Invoked command in '/home/ubuntu/roboracing-f1tenth/build/sensors' returned '2': CMAKE_PREFIX_PATH=${CMAKE_PREFIX_PATH}:/opt/ros/humble /usr/bin/cmake --build /home/ubuntu/roboracing-f1tenth/build/sensors -- -j8 -l8
