[35m[1mConsolidate compiler generated dependencies of target realsense_camera_node[0m
[ 50%] [32mBuilding CXX object CMakeFiles/realsense_camera_node.dir/src/realsense_camera_node.cpp.o[0m
[01m[K/home/ubuntu/roboracing-f1tenth/sensors/src/realsense_camera_node.cpp:[m[K In function ‘[01m[Kint main(int, char**)[m[K’:
[01m[K/home/ubuntu/roboracing-f1tenth/sensors/src/realsense_camera_node.cpp:7:5:[m[K [01;31m[Kerror: [m[K‘[01m[KRLCPP_DEBUG[m[K’ was not declared in this scope; did you mean ‘[01m[KRCLCPP_DEBUG[m[K’?
    7 |     [01;31m[KRLCPP_DEBUG[m[K(node->get_logger(), "Debug");
      |     [01;31m[K^~~~~~~~~~~[m[K
      |     [32m[KRCLCPP_DEBUG[m[K
[01m[K/home/ubuntu/roboracing-f1tenth/sensors/src/realsense_camera_node.cpp:8:5:[m[K [01;31m[Kerror: [m[K‘[01m[KRLCPP_INFO[m[K’ was not declared in this scope; did you mean ‘[01m[KRCLCPP_INFO[m[K’?
    8 |     [01;31m[KRLCPP_INFO[m[K(node->get_logger(), "Info");
      |     [01;31m[K^~~~~~~~~~[m[K
      |     [32m[KRCLCPP_INFO[m[K
[01m[K/home/ubuntu/roboracing-f1tenth/sensors/src/realsense_camera_node.cpp:9:5:[m[K [01;31m[Kerror: [m[K‘[01m[KRLCPP_WARN[m[K’ was not declared in this scope; did you mean ‘[01m[KRCLCPP_WARN[m[K’?
    9 |     [01;31m[KRLCPP_WARN[m[K(node->get_logger(), "Warning");
      |     [01;31m[K^~~~~~~~~~[m[K
      |     [32m[KRCLCPP_WARN[m[K
[01m[K/home/ubuntu/roboracing-f1tenth/sensors/src/realsense_camera_node.cpp:10:5:[m[K [01;31m[Kerror: [m[K‘[01m[KRLCPP_ERROR[m[K’ was not declared in this scope; did you mean ‘[01m[KRCLCPP_ERROR[m[K’?
   10 |     [01;31m[KRLCPP_ERROR[m[K(node->get_logger(), "Error");
      |     [01;31m[K^~~~~~~~~~~[m[K
      |     [32m[KRCLCPP_ERROR[m[K
gmake[2]: *** [CMakeFiles/realsense_camera_node.dir/build.make:76: CMakeFiles/realsense_camera_node.dir/src/realsense_camera_node.cpp.o] Error 1
gmake[1]: *** [CMakeFiles/Makefile2:137: CMakeFiles/realsense_camera_node.dir/all] Error 2
gmake: *** [Makefile:146: all] Error 2
