[0.007s] Invoking command in '/sim_ws/src/wall_follower/build/wall_follower': CMAKE_PREFIX_PATH=/sim_ws/install/f1tenth_gym_ros:/opt/ros/foxy /usr/bin/cmake --build /sim_ws/src/wall_follower/build/wall_follower -- -j12 -l12
[0.023s] [35m[1mScanning dependencies of target wall_follower[0m
[0.032s] [ 50%] [32mBuilding CXX object CMakeFiles/wall_follower.dir/src/wall_follower.cpp.o[0m
[0.436s] [01m[K/sim_ws/src/wall_follower/src/wall_follower.cpp:32:73:[m[K [01;35m[Kwarning: [m[Kextra ‘[01m[K;[m[K’ [[01;35m[K-Wpedantic[m[K]
[0.437s]    32 |     PIDController angle_pid = PIDController(C, P, I, D, integral_bound);[01;35m[K;[m[K
[0.437s]       |                                                                         [01;35m[K^[m[K
[0.437s]       |                                                                         [31m[K-[m[K
[0.441s] [01m[K/sim_ws/src/wall_follower/src/wall_follower.cpp:[m[K In member function ‘[01m[Kdouble WallFollower::computeAngleCallback(sensor_msgs::msg::LaserScan_<std::allocator<void> >::SharedPtr)[m[K’:
[0.441s] [01m[K/sim_ws/src/wall_follower/src/wall_follower.cpp:38:5:[m[K [01;35m[Kwarning: [m[Kno return statement in function returning non-void [[01;35m[K-Wreturn-type[m[K]
[0.441s]    38 |     [01;35m[K}[m[K
[0.441s]       |     [01;35m[K^[m[K
[0.441s] [01m[K/sim_ws/src/wall_follower/src/wall_follower.cpp:35:78:[m[K [01;35m[Kwarning: [m[Kunused parameter ‘[01m[Kmsg[m[K’ [[01;35m[K-Wunused-parameter[m[K]
[0.441s]    35 |     double computeAngleCallback([01;35m[Kconst sensor_msgs::msg::LaserScan::SharedPtr msg[m[K) {
[0.441s]       |                                 [01;35m[K~~~~~~~~~~~~~~~~~~~~~~~~~~~~~~~~~~~~~~~~~~~~~^~~[m[K
[1.706s] [100%] [32m[1mLinking CXX executable wall_follower[0m
[1.801s] /usr/bin/ld: CMakeFiles/wall_follower.dir/src/wall_follower.cpp.o: in function `WallFollower::WallFollower()':
[1.801s] wall_follower.cpp:(.text._ZN12WallFollowerC2Ev[_ZN12WallFollowerC5Ev]+0x15c): undefined reference to `PIDController::PIDController(double, double, double, double, double)'
[1.802s] collect2: error: ld returned 1 exit status
[1.803s] make[2]: *** [CMakeFiles/wall_follower.dir/build.make:146: wall_follower] Error 1
[1.803s] make[1]: *** [CMakeFiles/Makefile2:78: CMakeFiles/wall_follower.dir/all] Error 2
[1.803s] make: *** [Makefile:141: all] Error 2
[1.804s] Invoked command in '/sim_ws/src/wall_follower/build/wall_follower' returned '2': CMAKE_PREFIX_PATH=/sim_ws/install/f1tenth_gym_ros:/opt/ros/foxy /usr/bin/cmake --build /sim_ws/src/wall_follower/build/wall_follower -- -j12 -l12
