[0.006s] Invoking command in '/sim_ws/src/wall_follower/build/wall_follower': /usr/bin/cmake /sim_ws/src/wall_follower -DCMAKE_INSTALL_PREFIX=/sim_ws/src/wall_follower/install/wall_follower
[0.014s] CMake Error at CMakeLists.txt:19 (find_package):
[0.014s]   By not providing "Findament_cmake.cmake" in CMAKE_MODULE_PATH this project
[0.014s]   has asked CMake to find a package configuration file provided by
[0.014s]   "ament_cmake", but CMake did not find one.
[0.014s] 
[0.014s]   Could not find a package configuration file provided by "ament_cmake" with
[0.014s]   any of the following names:
[0.014s] 
[0.015s]     ament_cmakeConfig.cmake
[0.015s]     ament_cmake-config.cmake
[0.015s] 
[0.015s]   Add the installation prefix of "ament_cmake" to CMAKE_PREFIX_PATH or set
[0.015s]   "ament_cmake_DIR" to a directory containing one of the above files.  If
[0.015s]   "ament_cmake" provides a separate development package or SDK, be sure it
[0.015s]   has been installed.
[0.015s] 
[0.015s] 
[0.015s] -- Configuring incomplete, errors occurred!
[0.015s] See also "/sim_ws/src/wall_follower/build/wall_follower/CMakeFiles/CMakeOutput.log".
[0.015s] Invoked command in '/sim_ws/src/wall_follower/build/wall_follower' returned '1': /usr/bin/cmake /sim_ws/src/wall_follower -DCMAKE_INSTALL_PREFIX=/sim_ws/src/wall_follower/install/wall_follower
