[0.021s] Invoking command in '/home/ubuntu/roboracing-f1tenth/build/sensors': CMAKE_PREFIX_PATH=/opt/ros/humble /usr/bin/cmake --build /home/ubuntu/roboracing-f1tenth/build/sensors -- -j8 -l8
[0.061s] -- Found ament_cmake: 1.3.11 (/opt/ros/humble/share/ament_cmake/cmake)
[0.246s] -- Found rclcpp: 16.0.11 (/opt/ros/humble/share/rclcpp/cmake)
[0.290s] -- Found rosidl_generator_c: 3.1.6 (/opt/ros/humble/share/rosidl_generator_c/cmake)
[0.292s] -- Found rosidl_adapter: 3.1.6 (/opt/ros/humble/share/rosidl_adapter/cmake)
[0.299s] -- Found rosidl_generator_cpp: 3.1.6 (/opt/ros/humble/share/rosidl_generator_cpp/cmake)
[0.311s] -- Using all available rosidl_typesupport_c: rosidl_typesupport_fastrtps_c;rosidl_typesupport_introspection_c
[0.326s] -- Using all available rosidl_typesupport_cpp: rosidl_typesupport_fastrtps_cpp;rosidl_typesupport_introspection_cpp
[0.365s] -- Found rmw_implementation_cmake: 6.1.2 (/opt/ros/humble/share/rmw_implementation_cmake/cmake)
[0.367s] -- Found rmw_fastrtps_cpp: 6.2.7 (/opt/ros/humble/share/rmw_fastrtps_cpp/cmake)
[0.559s] -- Using RMW implementation 'rmw_fastrtps_cpp' as default
[0.612s] [31mCMake Error at CMakeLists.txt:15 (target_link_libraries):
[0.612s]   Cannot specify link libraries for target
[0.612s]   "src/realsense_camera_publisher.cpp" which is not built by this project.
[0.612s] 
[0.612s] [0m
[0.612s] -- Configuring incomplete, errors occurred!
[0.613s] See also "/home/ubuntu/roboracing-f1tenth/build/sensors/CMakeFiles/CMakeOutput.log".
[0.620s] gmake: *** [Makefile:267: cmake_check_build_system] Error 1
[0.624s] Invoked command in '/home/ubuntu/roboracing-f1tenth/build/sensors' returned '2': CMAKE_PREFIX_PATH=/opt/ros/humble /usr/bin/cmake --build /home/ubuntu/roboracing-f1tenth/build/sensors -- -j8 -l8
