[0.024s] Invoking command in '/home/ubuntu/roboracing-f1tenth/build/sensors': CMAKE_PREFIX_PATH=${CMAKE_PREFIX_PATH}:/opt/ros/humble /usr/bin/cmake --build /home/ubuntu/roboracing-f1tenth/build/sensors -- -j8 -l8
[0.054s] -- Found ament_cmake: 1.3.11 (/opt/ros/humble/share/ament_cmake/cmake)
[0.273s] -- Found rclcpp: 16.0.11 (/opt/ros/humble/share/rclcpp/cmake)
[0.319s] -- Found rosidl_generator_c: 3.1.6 (/opt/ros/humble/share/rosidl_generator_c/cmake)
[0.322s] -- Found rosidl_adapter: 3.1.6 (/opt/ros/humble/share/rosidl_adapter/cmake)
[0.330s] -- Found rosidl_generator_cpp: 3.1.6 (/opt/ros/humble/share/rosidl_generator_cpp/cmake)
[0.347s] -- Using all available rosidl_typesupport_c: rosidl_typesupport_fastrtps_c;rosidl_typesupport_introspection_c
[0.367s] -- Using all available rosidl_typesupport_cpp: rosidl_typesupport_fastrtps_cpp;rosidl_typesupport_introspection_cpp
[0.415s] -- Found rmw_implementation_cmake: 6.1.2 (/opt/ros/humble/share/rmw_implementation_cmake/cmake)
[0.416s] -- Found rmw_fastrtps_cpp: 6.2.7 (/opt/ros/humble/share/rmw_fastrtps_cpp/cmake)
[0.620s] -- Using RMW implementation 'rmw_fastrtps_cpp' as default
[0.717s] [31mCMake Error at CMakeLists.txt:11 (find_package):
[0.717s]   By not providing "Findrclcpp_componenta.cmake" in CMAKE_MODULE_PATH this
[0.717s]   project has asked CMake to find a package configuration file provided by
[0.717s]   "rclcpp_componenta", but CMake did not find one.
[0.717s] 
[0.717s]   Could not find a package configuration file provided by "rclcpp_componenta"
[0.717s]   with any of the following names:
[0.717s] 
[0.717s]     rclcpp_componentaConfig.cmake
[0.717s]     rclcpp_componenta-config.cmake
[0.718s] 
[0.718s]   Add the installation prefix of "rclcpp_componenta" to CMAKE_PREFIX_PATH or
[0.718s]   set "rclcpp_componenta_DIR" to a directory containing one of the above
[0.718s]   files.  If "rclcpp_componenta" provides a separate development package or
[0.718s]   SDK, be sure it has been installed.
[0.718s] 
[0.718s] [0m
[0.718s] -- Configuring incomplete, errors occurred!
[0.718s] See also "/home/ubuntu/roboracing-f1tenth/build/sensors/CMakeFiles/CMakeOutput.log".
[0.726s] gmake: *** [Makefile:267: cmake_check_build_system] Error 1
[0.730s] Invoked command in '/home/ubuntu/roboracing-f1tenth/build/sensors' returned '2': CMAKE_PREFIX_PATH=${CMAKE_PREFIX_PATH}:/opt/ros/humble /usr/bin/cmake --build /home/ubuntu/roboracing-f1tenth/build/sensors -- -j8 -l8
