[0.823s] DEBUG:colcon:Command line arguments: ['/usr/bin/colcon', 'build']
[0.824s] DEBUG:colcon:Parsed command line arguments: Namespace(log_base=None, log_level=None, verb_name='build', build_base='build', install_base='install', merge_install=False, symlink_install=False, test_result_base=None, continue_on_error=False, executor='parallel', parallel_workers=8, event_handlers=None, ignore_user_meta=False, metas=['./colcon.meta'], base_paths=['.'], packages_ignore=None, packages_ignore_regex=None, paths=None, packages_up_to=None, packages_up_to_regex=None, packages_above=None, packages_above_and_dependencies=None, packages_above_depth=None, packages_select_by_dep=None, packages_skip_by_dep=None, packages_skip_up_to=None, packages_select_build_failed=False, packages_skip_build_finished=False, packages_select_test_failures=False, packages_skip_test_passed=False, packages_select=None, packages_skip=None, packages_select_regex=None, packages_skip_regex=None, packages_start=None, packages_end=None, allow_overriding=[], cmake_args=None, cmake_target=None, cmake_target_skip_unavailable=False, cmake_clean_cache=False, cmake_clean_first=False, cmake_force_configure=False, ament_cmake_args=None, catkin_cmake_args=None, catkin_skip_building_tests=False, verb_parser=<colcon_defaults.argument_parser.defaults.DefaultArgumentsDecorator object at 0x7f480e0d7f70>, verb_extension=<colcon_core.verb.build.BuildVerb object at 0x7f480e261330>, main=<bound method BuildVerb.main of <colcon_core.verb.build.BuildVerb object at 0x7f480e261330>>)
[1.534s] Level 1:colcon.colcon_core.package_discovery:discover_packages(colcon_meta) check parameters
[1.534s] Level 1:colcon.colcon_core.package_discovery:discover_packages(recursive) check parameters
[1.534s] Level 1:colcon.colcon_core.package_discovery:discover_packages(ignore) check parameters
[1.534s] Level 1:colcon.colcon_core.package_discovery:discover_packages(path) check parameters
[1.534s] Level 1:colcon.colcon_core.package_discovery:discover_packages(colcon_meta) discover
[1.535s] Level 1:colcon.colcon_core.package_discovery:discover_packages(recursive) discover
[1.535s] INFO:colcon.colcon_core.package_discovery:Crawling recursively for packages in '/home/ubuntu/roboracing-f1tenth'
[1.535s] Level 1:colcon.colcon_core.package_identification:_identify(.) by extensions ['ignore', 'ignore_ament_install']
[1.535s] Level 1:colcon.colcon_core.package_identification:_identify(.) by extension 'ignore'
[1.535s] Level 1:colcon.colcon_core.package_identification:_identify(.) by extension 'ignore_ament_install'
[1.536s] Level 1:colcon.colcon_core.package_identification:_identify(.) by extensions ['colcon_pkg']
[1.536s] Level 1:colcon.colcon_core.package_identification:_identify(.) by extension 'colcon_pkg'
[1.536s] Level 1:colcon.colcon_core.package_identification:_identify(.) by extensions ['colcon_meta']
[1.536s] Level 1:colcon.colcon_core.package_identification:_identify(.) by extension 'colcon_meta'
[1.536s] Level 1:colcon.colcon_core.package_identification:_identify(.) by extensions ['ros']
[1.536s] Level 1:colcon.colcon_core.package_identification:_identify(.) by extension 'ros'
[1.559s] Level 1:colcon.colcon_core.package_identification:_identify(.) by extensions ['cmake', 'python']
[1.559s] Level 1:colcon.colcon_core.package_identification:_identify(.) by extension 'cmake'
[1.560s] Level 1:colcon.colcon_core.package_identification:_identify(.) by extension 'python'
[1.560s] Level 1:colcon.colcon_core.package_identification:_identify(.) by extensions ['python_setup_py']
[1.560s] Level 1:colcon.colcon_core.package_identification:_identify(.) by extension 'python_setup_py'
[1.560s] Level 1:colcon.colcon_core.package_identification:_identify(build) by extensions ['ignore', 'ignore_ament_install']
[1.561s] Level 1:colcon.colcon_core.package_identification:_identify(build) by extension 'ignore'
[1.561s] Level 1:colcon.colcon_core.package_identification:_identify(build) ignored
[1.561s] Level 1:colcon.colcon_core.package_identification:_identify(install) by extensions ['ignore', 'ignore_ament_install']
[1.561s] Level 1:colcon.colcon_core.package_identification:_identify(install) by extension 'ignore'
[1.561s] Level 1:colcon.colcon_core.package_identification:_identify(install) ignored
[1.561s] Level 1:colcon.colcon_core.package_identification:_identify(log) by extensions ['ignore', 'ignore_ament_install']
[1.562s] Level 1:colcon.colcon_core.package_identification:_identify(log) by extension 'ignore'
[1.562s] Level 1:colcon.colcon_core.package_identification:_identify(log) ignored
[1.562s] Level 1:colcon.colcon_core.package_identification:_identify(sensors) by extensions ['ignore', 'ignore_ament_install']
[1.562s] Level 1:colcon.colcon_core.package_identification:_identify(sensors) by extension 'ignore'
[1.562s] Level 1:colcon.colcon_core.package_identification:_identify(sensors) by extension 'ignore_ament_install'
[1.562s] Level 1:colcon.colcon_core.package_identification:_identify(sensors) by extensions ['colcon_pkg']
[1.563s] Level 1:colcon.colcon_core.package_identification:_identify(sensors) by extension 'colcon_pkg'
[1.563s] Level 1:colcon.colcon_core.package_identification:_identify(sensors) by extensions ['colcon_meta']
[1.563s] Level 1:colcon.colcon_core.package_identification:_identify(sensors) by extension 'colcon_meta'
[1.563s] Level 1:colcon.colcon_core.package_identification:_identify(sensors) by extensions ['ros']
[1.563s] Level 1:colcon.colcon_core.package_identification:_identify(sensors) by extension 'ros'
[1.571s] DEBUG:colcon.colcon_core.package_identification:Package 'sensors' with type 'ros.ament_cmake' and name 'sensors'
[1.572s] Level 1:colcon.colcon_core.package_discovery:discover_packages(recursive) using defaults
[1.572s] Level 1:colcon.colcon_core.package_discovery:discover_packages(ignore) discover
[1.572s] Level 1:colcon.colcon_core.package_discovery:discover_packages(ignore) using defaults
[1.572s] Level 1:colcon.colcon_core.package_discovery:discover_packages(path) discover
[1.572s] Level 1:colcon.colcon_core.package_discovery:discover_packages(path) using defaults
[1.637s] Level 1:colcon.colcon_core.package_discovery:discover_packages(prefix_path) check parameters
[1.638s] Level 1:colcon.colcon_core.package_discovery:discover_packages(prefix_path) discover
[1.665s] DEBUG:colcon.colcon_installed_package_information.package_discovery:Found 339 installed packages in /opt/ros/humble
[1.668s] Level 1:colcon.colcon_core.package_discovery:discover_packages(prefix_path) using defaults
[1.768s] Level 5:colcon.colcon_core.verb:set package 'sensors' build argument 'cmake_args' from command line to 'None'
[1.768s] Level 5:colcon.colcon_core.verb:set package 'sensors' build argument 'cmake_target' from command line to 'None'
[1.768s] Level 5:colcon.colcon_core.verb:set package 'sensors' build argument 'cmake_target_skip_unavailable' from command line to 'False'
[1.768s] Level 5:colcon.colcon_core.verb:set package 'sensors' build argument 'cmake_clean_cache' from command line to 'False'
[1.768s] Level 5:colcon.colcon_core.verb:set package 'sensors' build argument 'cmake_clean_first' from command line to 'False'
[1.768s] Level 5:colcon.colcon_core.verb:set package 'sensors' build argument 'cmake_force_configure' from command line to 'False'
[1.768s] Level 5:colcon.colcon_core.verb:set package 'sensors' build argument 'ament_cmake_args' from command line to 'None'
[1.768s] Level 5:colcon.colcon_core.verb:set package 'sensors' build argument 'catkin_cmake_args' from command line to 'None'
[1.768s] Level 5:colcon.colcon_core.verb:set package 'sensors' build argument 'catkin_skip_building_tests' from command line to 'False'
[1.768s] DEBUG:colcon.colcon_core.verb:Building package 'sensors' with the following arguments: {'ament_cmake_args': None, 'build_base': '/home/ubuntu/roboracing-f1tenth/build/sensors', 'catkin_cmake_args': None, 'catkin_skip_building_tests': False, 'cmake_args': None, 'cmake_clean_cache': False, 'cmake_clean_first': False, 'cmake_force_configure': False, 'cmake_target': None, 'cmake_target_skip_unavailable': False, 'install_base': '/home/ubuntu/roboracing-f1tenth/install/sensors', 'merge_install': False, 'path': '/home/ubuntu/roboracing-f1tenth/sensors', 'symlink_install': False, 'test_result_base': None}
[1.769s] INFO:colcon.colcon_core.executor:Executing jobs using 'parallel' executor
[1.771s] DEBUG:colcon.colcon_parallel_executor.executor.parallel:run_until_complete
[1.772s] INFO:colcon.colcon_ros.task.ament_cmake.build:Building ROS package in '/home/ubuntu/roboracing-f1tenth/sensors' with build type 'ament_cmake'
[1.772s] INFO:colcon.colcon_cmake.task.cmake.build:Building CMake package in '/home/ubuntu/roboracing-f1tenth/sensors'
[1.793s] INFO:colcon.colcon_core.plugin_system:Skipping extension 'colcon_core.shell.bat': Not used on non-Windows systems
[1.794s] INFO:colcon.colcon_core.shell:Skip shell extension 'powershell' for command environment: Not usable outside of PowerShell
[1.794s] DEBUG:colcon.colcon_core.shell:Skip shell extension 'dsv' for command environment
[1.832s] DEBUG:colcon.colcon_core.event_handler.log_command:Invoking command in '/home/ubuntu/roboracing-f1tenth/build/sensors': CMAKE_PREFIX_PATH=/opt/ros/humble /usr/bin/cmake --build /home/ubuntu/roboracing-f1tenth/build/sensors -- -j8 -l8
[11.259s] DEBUG:colcon.colcon_core.event_handler.log_command:Invoked command in '/home/ubuntu/roboracing-f1tenth/build/sensors' returned '2': CMAKE_PREFIX_PATH=/opt/ros/humble /usr/bin/cmake --build /home/ubuntu/roboracing-f1tenth/build/sensors -- -j8 -l8
[11.260s] Level 1:colcon.colcon_core.environment:create_environment_scripts_only(sensors)
[11.282s] Level 1:colcon.colcon_core.environment:checking '/home/ubuntu/roboracing-f1tenth/install/sensors' for CMake module files
[11.283s] Level 1:colcon.colcon_core.environment:checking '/home/ubuntu/roboracing-f1tenth/install/sensors' for CMake config files
[11.283s] Level 1:colcon.colcon_core.shell:create_environment_hook('sensors', 'cmake_prefix_path')
[11.283s] INFO:colcon.colcon_core.shell:Creating environment hook '/home/ubuntu/roboracing-f1tenth/install/sensors/share/sensors/hook/cmake_prefix_path.ps1'
[11.286s] INFO:colcon.colcon_core.shell:Creating environment descriptor '/home/ubuntu/roboracing-f1tenth/install/sensors/share/sensors/hook/cmake_prefix_path.dsv'
[11.289s] INFO:colcon.colcon_core.shell:Creating environment hook '/home/ubuntu/roboracing-f1tenth/install/sensors/share/sensors/hook/cmake_prefix_path.sh'
[11.292s] Level 1:colcon.colcon_core.environment:checking '/home/ubuntu/roboracing-f1tenth/install/sensors/lib'
[11.293s] Level 1:colcon.colcon_core.environment:checking '/home/ubuntu/roboracing-f1tenth/install/sensors/bin'
[11.293s] Level 1:colcon.colcon_core.environment:checking '/home/ubuntu/roboracing-f1tenth/install/sensors/lib/pkgconfig/sensors.pc'
[11.294s] Level 1:colcon.colcon_core.environment:checking '/home/ubuntu/roboracing-f1tenth/install/sensors/lib/python3.10/site-packages'
[11.294s] Level 1:colcon.colcon_core.environment:checking '/home/ubuntu/roboracing-f1tenth/install/sensors/bin'
[11.295s] INFO:colcon.colcon_core.shell:Creating package script '/home/ubuntu/roboracing-f1tenth/install/sensors/share/sensors/package.ps1'
[11.299s] INFO:colcon.colcon_core.shell:Creating package descriptor '/home/ubuntu/roboracing-f1tenth/install/sensors/share/sensors/package.dsv'
[11.302s] INFO:colcon.colcon_core.shell:Creating package script '/home/ubuntu/roboracing-f1tenth/install/sensors/share/sensors/package.sh'
[11.305s] INFO:colcon.colcon_core.shell:Creating package script '/home/ubuntu/roboracing-f1tenth/install/sensors/share/sensors/package.bash'
[11.309s] INFO:colcon.colcon_core.shell:Creating package script '/home/ubuntu/roboracing-f1tenth/install/sensors/share/sensors/package.zsh'
[11.313s] Level 1:colcon.colcon_core.environment:create_file_with_runtime_dependencies(/home/ubuntu/roboracing-f1tenth/install/sensors/share/colcon-core/packages/sensors)
[11.325s] DEBUG:colcon.colcon_parallel_executor.executor.parallel:closing loop
[11.326s] DEBUG:colcon.colcon_parallel_executor.executor.parallel:loop closed
[11.326s] DEBUG:colcon.colcon_parallel_executor.executor.parallel:run_until_complete finished with '2'
[11.326s] DEBUG:colcon.colcon_core.event_reactor:joining thread
[11.346s] INFO:colcon.colcon_core.plugin_system:Skipping extension 'colcon_notification.desktop_notification.terminal_notifier': Not used on non-Darwin systems
[11.346s] INFO:colcon.colcon_core.plugin_system:Skipping extension 'colcon_notification.desktop_notification.win32': Not used on non-Windows systems
[11.346s] INFO:colcon.colcon_notification.desktop_notification:Sending desktop notification using 'notify2'
[11.896s] DEBUG:colcon.colcon_core.event_reactor:joined thread
[11.897s] INFO:colcon.colcon_core.shell:Creating prefix script '/home/ubuntu/roboracing-f1tenth/install/local_setup.ps1'
[11.904s] INFO:colcon.colcon_core.shell:Creating prefix util module '/home/ubuntu/roboracing-f1tenth/install/_local_setup_util_ps1.py'
[11.912s] INFO:colcon.colcon_core.shell:Creating prefix chain script '/home/ubuntu/roboracing-f1tenth/install/setup.ps1'
[11.916s] INFO:colcon.colcon_core.shell:Creating prefix script '/home/ubuntu/roboracing-f1tenth/install/local_setup.sh'
[11.923s] INFO:colcon.colcon_core.shell:Creating prefix util module '/home/ubuntu/roboracing-f1tenth/install/_local_setup_util_sh.py'
[11.926s] INFO:colcon.colcon_core.shell:Creating prefix chain script '/home/ubuntu/roboracing-f1tenth/install/setup.sh'
[11.931s] INFO:colcon.colcon_core.shell:Creating prefix script '/home/ubuntu/roboracing-f1tenth/install/local_setup.bash'
[11.934s] INFO:colcon.colcon_core.shell:Creating prefix chain script '/home/ubuntu/roboracing-f1tenth/install/setup.bash'
[11.940s] INFO:colcon.colcon_core.shell:Creating prefix script '/home/ubuntu/roboracing-f1tenth/install/local_setup.zsh'
[11.943s] INFO:colcon.colcon_core.shell:Creating prefix chain script '/home/ubuntu/roboracing-f1tenth/install/setup.zsh'
