[0.020s] Invoking command in '/home/ubuntu/roboracing-f1tenth/build/sensors': CMAKE_PREFIX_PATH=${CMAKE_PREFIX_PATH}:/opt/ros/humble /usr/bin/cmake --build /home/ubuntu/roboracing-f1tenth/build/sensors -- -j8 -l8
[0.082s] [35m[1mConsolidate compiler generated dependencies of target realsense_camera_node[0m
[0.106s] [ 50%] [32mBuilding CXX object CMakeFiles/realsense_camera_node.dir/src/realsense_camera_node.cpp.o[0m
[3.568s] [100%] [32m[1mLinking CXX executable realsense_camera_node[0m
[3.705s] [100%] Built target realsense_camera_node
[3.721s] Invoked command in '/home/ubuntu/roboracing-f1tenth/build/sensors' returned '0': CMAKE_PREFIX_PATH=${CMAKE_PREFIX_PATH}:/opt/ros/humble /usr/bin/cmake --build /home/ubuntu/roboracing-f1tenth/build/sensors -- -j8 -l8
[3.734s] Invoking command in '/home/ubuntu/roboracing-f1tenth/build/sensors': CMAKE_PREFIX_PATH=${CMAKE_PREFIX_PATH}:/opt/ros/humble /usr/bin/cmake --install /home/ubuntu/roboracing-f1tenth/build/sensors
[3.744s] -- Install configuration: ""
[3.744s] -- Installing: /home/ubuntu/roboracing-f1tenth/install/sensors/lib/sensors/realsense_camera_node
[3.745s] -- Set runtime path of "/home/ubuntu/roboracing-f1tenth/install/sensors/lib/sensors/realsense_camera_node" to ""
[3.746s] -- Up-to-date: /home/ubuntu/roboracing-f1tenth/install/sensors/share/ament_index/resource_index/package_run_dependencies/sensors
[3.746s] -- Up-to-date: /home/ubuntu/roboracing-f1tenth/install/sensors/share/ament_index/resource_index/parent_prefix_path/sensors
[3.746s] -- Up-to-date: /home/ubuntu/roboracing-f1tenth/install/sensors/share/sensors/environment/ament_prefix_path.sh
[3.746s] -- Installing: /home/ubuntu/roboracing-f1tenth/install/sensors/share/sensors/environment/ament_prefix_path.dsv
[3.747s] -- Up-to-date: /home/ubuntu/roboracing-f1tenth/install/sensors/share/sensors/environment/path.sh
[3.747s] -- Installing: /home/ubuntu/roboracing-f1tenth/install/sensors/share/sensors/environment/path.dsv
[3.747s] -- Up-to-date: /home/ubuntu/roboracing-f1tenth/install/sensors/share/sensors/local_setup.bash
[3.747s] -- Up-to-date: /home/ubuntu/roboracing-f1tenth/install/sensors/share/sensors/local_setup.sh
[3.747s] -- Up-to-date: /home/ubuntu/roboracing-f1tenth/install/sensors/share/sensors/local_setup.zsh
[3.747s] -- Installing: /home/ubuntu/roboracing-f1tenth/install/sensors/share/sensors/local_setup.dsv
[3.747s] -- Installing: /home/ubuntu/roboracing-f1tenth/install/sensors/share/sensors/package.dsv
[3.747s] -- Up-to-date: /home/ubuntu/roboracing-f1tenth/install/sensors/share/ament_index/resource_index/packages/sensors
[3.748s] -- Up-to-date: /home/ubuntu/roboracing-f1tenth/install/sensors/share/sensors/cmake/sensorsConfig.cmake
[3.748s] -- Up-to-date: /home/ubuntu/roboracing-f1tenth/install/sensors/share/sensors/cmake/sensorsConfig-version.cmake
[3.748s] -- Up-to-date: /home/ubuntu/roboracing-f1tenth/install/sensors/share/sensors/package.xml
[3.751s] Invoked command in '/home/ubuntu/roboracing-f1tenth/build/sensors' returned '0': CMAKE_PREFIX_PATH=${CMAKE_PREFIX_PATH}:/opt/ros/humble /usr/bin/cmake --install /home/ubuntu/roboracing-f1tenth/build/sensors
