[0.000000] (-) TimerEvent: {}
[0.000458] (sensors) JobQueued: {'identifier': 'sensors', 'dependencies': OrderedDict()}
[0.000683] (sensors) JobStarted: {'identifier': 'sensors'}
[0.012829] (sensors) JobProgress: {'identifier': 'sensors', 'progress': 'cmake'}
[0.015444] (sensors) JobProgress: {'identifier': 'sensors', 'progress': 'build'}
[0.015628] (sensors) Command: {'cmd': ['/usr/bin/cmake', '--build', '/home/ubuntu/roboracing-f1tenth/build/sensors', '--', '-j8', '-l8'], 'cwd': '/home/ubuntu/roboracing-f1tenth/build/sensors', 'env': OrderedDict([('VNCDESKTOP', 'bbb7d4524d2d:1 (ubuntu)'), ('QT_SCALE_FACTOR', '1'), ('USER', 'ubuntu'), ('SUPERVISOR_GROUP_NAME', 'vnc'), ('HOSTNAME', 'bbb7d4524d2d'), ('XDG_SESSION_TYPE', 'x11'), ('GIT_ASKPASS', '/usr/share/codium/resources/app/extensions/git/dist/askpass.sh'), ('SHLVL', '2'), ('LD_LIBRARY_PATH', '/usr/lib/x86_64-linux-gnu/gazebo-11/plugins:/opt/ros/humble/opt/rviz_ogre_vendor/lib:/opt/ros/humble/lib/x86_64-linux-gnu:/opt/ros/humble/lib'), ('HOME', '/home/ubuntu'), ('CHROME_DESKTOP', 'codium.desktop'), ('TERM_PROGRAM_VERSION', '1.96.3'), ('GIO_LAUNCHED_DESKTOP_FILE', '/home/ubuntu/Desktop/codium.desktop'), ('ROS_PYTHON_VERSION', '3'), ('GTK_MODULES', 'appmenu-gtk-module'), ('VSCODE_GIT_ASKPASS_MAIN', '/usr/share/codium/resources/app/extensions/git/dist/askpass-main.js'), ('VSCODE_GIT_ASKPASS_NODE', '/usr/share/codium/codium'), ('LC_CTYPE', 'C.UTF-8'), ('DBUS_SESSION_BUS_ADDRESS', 'unix:abstract=/tmp/dbus-d8nUoaLbJM,guid=aa1b85f45e2138a7ac0f4c4b67930949'), ('COLORTERM', 'truecolor'), ('GIO_LAUNCHED_DESKTOP_FILE_PID', '577'), ('GNOME_KEYRING_CONTROL', '/home/ubuntu/.cache/keyring-8KGS02'), ('UBUNTU_MENUPROXY', '1'), ('COLCON_PREFIX_PATH', '/home/ubuntu/roboracing-f1tenth/install'), ('ROS_DISTRO', 'humble'), ('_', '/usr/bin/colcon'), ('ROS_VERSION', '2'), ('XDG_SESSION_CLASS', 'user'), ('TERM', 'xterm-256color'), ('GTK_OVERLAY_SCROLLING', '0'), ('ROS_LOCALHOST_ONLY', '0'), ('INSIDE_CAJA_PYTHON', ''), ('PATH', '/opt/ros/humble/bin:/usr/local/sbin:/usr/local/bin:/usr/sbin:/usr/bin:/sbin:/bin:/snap/bin'), ('SESSION_MANAGER', 'local/bbb7d4524d2d:@/tmp/.ICE-unix/68,unix/bbb7d4524d2d:/tmp/.ICE-unix/68'), ('GDK_BACKEND', 'x11'), ('DISPLAY', ':1'), ('LANG', 'en_US.UTF-8'), ('XDG_CURRENT_DESKTOP', 'MATE'), ('VSCODE_GIT_IPC_HANDLE', '/tmp/vscode-git-6bd464112c.sock'), ('SUPERVISOR_ENABLED', '1'), ('TERM_PROGRAM', 'vscode'), ('SSH_AUTH_SOCK', '/home/ubuntu/.cache/keyring-8KGS02/ssh'), ('AMENT_PREFIX_PATH', '/home/ubuntu/roboracing-f1tenth/install/sensors:/opt/ros/humble'), ('ORIGINAL_XDG_CURRENT_DESKTOP', 'MATE'), ('NO_AT_BRIDGE', '1'), ('PASSWD', 'ubuntu'), ('SUPERVISOR_SERVER_URL', 'unix:///var/run/supervisor.sock'), ('VSCODE_GIT_ASKPASS_EXTRA_ARGS', ''), ('SUPERVISOR_PROCESS_NAME', 'vnc'), ('PWD', '/home/ubuntu/roboracing-f1tenth/build/sensors'), ('XDG_DATA_DIRS', '/usr/share/gnome:/home/ubuntu/.local/share/flatpak/exports/share:/var/lib/flatpak/exports/share:/usr/local/share:/usr/share:/var/lib/snapd/desktop'), ('PYTHONPATH', '/opt/ros/humble/lib/python3.10/site-packages:/opt/ros/humble/local/lib/python3.10/dist-packages'), ('MATE_DESKTOP_SESSION_ID', 'this-is-deprecated'), ('COLCON', '1'), ('CMAKE_PREFIX_PATH', '/home/ubuntu/roboracing-f1tenth/install/sensors:/opt/ros/humble'), ('QT_FONT_DPI', '96')]), 'shell': False}
[0.074727] (sensors) StdoutLine: {'line': b'\x1b[35m\x1b[1mConsolidate compiler generated dependencies of target realsense_camera_node\x1b[0m\n'}
[0.097067] (-) TimerEvent: {}
[0.099558] (sensors) StdoutLine: {'line': b'[ 50%] \x1b[32mBuilding CXX object CMakeFiles/realsense_camera_node.dir/src/realsense_camera_node.cpp.o\x1b[0m\n'}
[0.198312] (-) TimerEvent: {}
[0.299924] (-) TimerEvent: {}
[0.400981] (-) TimerEvent: {}
[0.501857] (-) TimerEvent: {}
[0.602710] (-) TimerEvent: {}
[0.703825] (-) TimerEvent: {}
[0.804943] (-) TimerEvent: {}
[0.905957] (-) TimerEvent: {}
[1.007023] (-) TimerEvent: {}
[1.107941] (-) TimerEvent: {}
[1.209028] (-) TimerEvent: {}
[1.309929] (-) TimerEvent: {}
[1.410797] (-) TimerEvent: {}
[1.511931] (-) TimerEvent: {}
[1.613038] (-) TimerEvent: {}
[1.713889] (-) TimerEvent: {}
[1.814957] (-) TimerEvent: {}
[1.915915] (-) TimerEvent: {}
[2.016947] (-) TimerEvent: {}
[2.117988] (-) TimerEvent: {}
[2.218835] (-) TimerEvent: {}
[2.319884] (-) TimerEvent: {}
[2.420952] (-) TimerEvent: {}
[2.521993] (-) TimerEvent: {}
[2.622711] (-) TimerEvent: {}
[2.723926] (-) TimerEvent: {}
[2.824890] (-) TimerEvent: {}
[2.925906] (-) TimerEvent: {}
[3.028225] (-) TimerEvent: {}
[3.129903] (-) TimerEvent: {}
[3.130508] (sensors) StderrLine: {'line': b'\x1b[01m\x1b[K/home/ubuntu/roboracing-f1tenth/sensors/src/realsense_camera_node.cpp:11:2:\x1b[m\x1b[K \x1b[01;31m\x1b[Kerror: \x1b[m\x1b[Kexpected \xe2\x80\x98\x1b[01m\x1b[K;\x1b[m\x1b[K\xe2\x80\x99 after class definition\n'}
[3.131083] (sensors) StderrLine: {'line': b'   11 | }\n'}
[3.131427] (sensors) StderrLine: {'line': b'      |  \x1b[01;31m\x1b[K^\x1b[m\x1b[K\n'}
[3.131600] (sensors) StderrLine: {'line': b'      |  \x1b[32m\x1b[K;\x1b[m\x1b[K\n'}
[3.230367] (-) TimerEvent: {}
[3.332499] (-) TimerEvent: {}
[3.433898] (-) TimerEvent: {}
[3.535003] (-) TimerEvent: {}
[3.636005] (-) TimerEvent: {}
[3.736795] (-) TimerEvent: {}
[3.837953] (-) TimerEvent: {}
[3.889565] (sensors) StderrLine: {'line': b'gmake[2]: *** [CMakeFiles/realsense_camera_node.dir/build.make:76: CMakeFiles/realsense_camera_node.dir/src/realsense_camera_node.cpp.o] Error 1\n'}
[3.890015] (sensors) StderrLine: {'line': b'gmake[1]: *** [CMakeFiles/Makefile2:137: CMakeFiles/realsense_camera_node.dir/all] Error 2\n'}
[3.890297] (sensors) StderrLine: {'line': b'gmake: *** [Makefile:146: all] Error 2\n'}
[3.893047] (sensors) CommandEnded: {'returncode': 2}
[3.911633] (sensors) JobEnded: {'identifier': 'sensors', 'rc': 2}
[3.922940] (-) EventReactorShutdown: {}
