[01m[K/home/ubuntu/roboracing-f1tenth/sensors/src/realsense_camera_publisher.cpp:6:10:[m[K [01;31m[Kfatal error: [m[Krclcpp/rclcpp.hpp: No such file or directory
    6 | #include [01;31m[K<rclcpp/rclcpp.hpp>[m[K
      |          [01;31m[K^~~~~~~~~~~~~~~~~~~[m[K
compilation terminated.
gmake[2]: *** [CMakeFiles/realsense_camera_publisher.dir/build.make:76: CMakeFiles/realsense_camera_publisher.dir/src/realsense_camera_publisher.cpp.o] Error 1
gmake[1]: *** [CMakeFiles/Makefile2:165: CMakeFiles/realsense_camera_publisher.dir/all] Error 2
gmake[1]: *** Waiting for unfinished jobs....
[01m[K/home/ubuntu/roboracing-f1tenth/sensors/src/realsense_camera_publisher.cpp:16:2:[m[K [01;31m[Kerror: [m[Kexpected ‘[01m[K;[m[K’ after class definition
   16 | }
      |  [01;31m[K^[m[K
      |  [32m[K;[m[K
[01m[K/home/ubuntu/roboracing-f1tenth/sensors/src/realsense_camera_publisher.cpp:[m[K In constructor ‘[01m[KRealsenseCameraPublisher::RealsenseCameraPublisher()[m[K’:
[01m[K/home/ubuntu/roboracing-f1tenth/sensors/src/realsense_camera_publisher.cpp:12:41:[m[K [01;31m[Kerror: [m[Kclass ‘[01m[KRealsenseCameraPublisher[m[K’ does not have any field named ‘[01m[Kcount_[m[K’
   12 |   : Node("realsense_camera_publisher"), [01;31m[Kcount_[m[K(0)
      |                                         [01;31m[K^~~~~~[m[K
[01m[K/home/ubuntu/roboracing-f1tenth/sensors/src/realsense_camera_publisher.cpp:14:5:[m[K [01;31m[Kerror: [m[K‘[01m[Kpublisher_[m[K’ was not declared in this scope; did you mean ‘[01m[Krmw_publisher_t[m[K’?
   14 |     [01;31m[Kpublisher_[m[K = this->create_publisher<std_msgs::msg::String>("topic", 10);
      |     [01;31m[K^~~~~~~~~~[m[K
      |     [32m[Krmw_publisher_t[m[K
gmake[2]: *** [CMakeFiles/talker.dir/build.make:76: CMakeFiles/talker.dir/src/realsense_camera_publisher.cpp.o] Error 1
gmake[1]: *** [CMakeFiles/Makefile2:139: CMakeFiles/talker.dir/all] Error 2
gmake: *** [Makefile:146: all] Error 2
