-- Found ament_cmake: 1.3.11 (/opt/ros/humble/share/ament_cmake/cmake)
-- Found rclcpp: 16.0.11 (/opt/ros/humble/share/rclcpp/cmake)
-- Found rosidl_generator_c: 3.1.6 (/opt/ros/humble/share/rosidl_generator_c/cmake)
-- Found rosidl_adapter: 3.1.6 (/opt/ros/humble/share/rosidl_adapter/cmake)
-- Found rosidl_generator_cpp: 3.1.6 (/opt/ros/humble/share/rosidl_generator_cpp/cmake)
-- Using all available rosidl_typesupport_c: rosidl_typesupport_fastrtps_c;rosidl_typesupport_introspection_c
-- Using all available rosidl_typesupport_cpp: rosidl_typesupport_fastrtps_cpp;rosidl_typesupport_introspection_cpp
-- Found rmw_implementation_cmake: 6.1.2 (/opt/ros/humble/share/rmw_implementation_cmake/cmake)
-- Found rmw_fastrtps_cpp: 6.2.7 (/opt/ros/humble/share/rmw_fastrtps_cpp/cmake)
-- Using RMW implementation 'rmw_fastrtps_cpp' as default
-- Found ament_lint_auto: 0.12.11 (/opt/ros/humble/share/ament_lint_auto/cmake)
-- Added test 'cppcheck' to perform static code analysis on C / C++ code
-- Configured cppcheck include dirs: $<BUILD_INTERFACE:/home/ubuntu/roboracing-f1tenth/sensors/include>
-- Configured cppcheck exclude dirs and/or files: 
-- Added test 'lint_cmake' to check CMake code style
-- Added test 'uncrustify' to check C / C++ code style
-- Configured uncrustify additional arguments: 
-- Added test 'xmllint' to check XML markup files
-- Configuring done
-- Generating done
-- Build files have been written to: /home/ubuntu/roboracing-f1tenth/build/sensors
[ 50%] [32mBuilding CXX object CMakeFiles/realsense_camera_publisher.dir/src/realsense_camera_publisher.cpp.o[0m
[ 50%] [32mBuilding CXX object CMakeFiles/talker.dir/src/realsense_camera_publisher.cpp.o[0m
[01m[K/home/ubuntu/roboracing-f1tenth/sensors/src/realsense_camera_publisher.cpp:6:10:[m[K [01;31m[Kfatal error: [m[Krclcpp/rclcpp.hpp: No such file or directory
    6 | #include [01;31m[K<rclcpp/rclcpp.hpp>[m[K
      |          [01;31m[K^~~~~~~~~~~~~~~~~~~[m[K
compilation terminated.
gmake[2]: *** [CMakeFiles/realsense_camera_publisher.dir/build.make:76: CMakeFiles/realsense_camera_publisher.dir/src/realsense_camera_publisher.cpp.o] Error 1
gmake[1]: *** [CMakeFiles/Makefile2:165: CMakeFiles/realsense_camera_publisher.dir/all] Error 2
gmake[1]: *** Waiting for unfinished jobs....
[01m[K/home/ubuntu/roboracing-f1tenth/sensors/src/realsense_camera_publisher.cpp:16:2:[m[K [01;31m[Kerror: [m[Kexpected ‘[01m[K;[m[K’ after class definition
   16 | }
      |  [01;31m[K^[m[K
      |  [32m[K;[m[K
[01m[K/home/ubuntu/roboracing-f1tenth/sensors/src/realsense_camera_publisher.cpp:[m[K In constructor ‘[01m[KRealsenseCameraPublisher::RealsenseCameraPublisher()[m[K’:
[01m[K/home/ubuntu/roboracing-f1tenth/sensors/src/realsense_camera_publisher.cpp:12:41:[m[K [01;31m[Kerror: [m[Kclass ‘[01m[KRealsenseCameraPublisher[m[K’ does not have any field named ‘[01m[Kcount_[m[K’
   12 |   : Node("realsense_camera_publisher"), [01;31m[Kcount_[m[K(0)
      |                                         [01;31m[K^~~~~~[m[K
[01m[K/home/ubuntu/roboracing-f1tenth/sensors/src/realsense_camera_publisher.cpp:14:5:[m[K [01;31m[Kerror: [m[K‘[01m[Kpublisher_[m[K’ was not declared in this scope; did you mean ‘[01m[Krmw_publisher_t[m[K’?
   14 |     [01;31m[Kpublisher_[m[K = this->create_publisher<std_msgs::msg::String>("topic", 10);
      |     [01;31m[K^~~~~~~~~~[m[K
      |     [32m[Krmw_publisher_t[m[K
gmake[2]: *** [CMakeFiles/talker.dir/build.make:76: CMakeFiles/talker.dir/src/realsense_camera_publisher.cpp.o] Error 1
gmake[1]: *** [CMakeFiles/Makefile2:139: CMakeFiles/talker.dir/all] Error 2
gmake: *** [Makefile:146: all] Error 2
