[0.000000] (-) TimerEvent: {}
[0.000259] (sensors) JobQueued: {'identifier': 'sensors', 'dependencies': OrderedDict()}
[0.000398] (sensors) JobStarted: {'identifier': 'sensors'}
[0.027662] (sensors) JobProgress: {'identifier': 'sensors', 'progress': 'cmake'}
[0.029814] (sensors) JobProgress: {'identifier': 'sensors', 'progress': 'build'}
[0.031402] (sensors) Command: {'cmd': ['/usr/bin/cmake', '--build', '/home/ubuntu/roboracing-f1tenth/build/sensors', '--', '-j8', '-l8'], 'cwd': '/home/ubuntu/roboracing-f1tenth/build/sensors', 'env': OrderedDict([('VNCDESKTOP', 'bbb7d4524d2d:1 (ubuntu)'), ('QT_SCALE_FACTOR', '1'), ('USER', 'ubuntu'), ('SUPERVISOR_GROUP_NAME', 'vnc'), ('HOSTNAME', 'bbb7d4524d2d'), ('XDG_SESSION_TYPE', 'x11'), ('GIT_ASKPASS', '/usr/share/codium/resources/app/extensions/git/dist/askpass.sh'), ('SHLVL', '2'), ('LD_LIBRARY_PATH', '/usr/lib/x86_64-linux-gnu/gazebo-11/plugins:/opt/ros/humble/opt/rviz_ogre_vendor/lib:/opt/ros/humble/lib/x86_64-linux-gnu:/opt/ros/humble/lib'), ('HOME', '/home/ubuntu'), ('CHROME_DESKTOP', 'codium.desktop'), ('TERM_PROGRAM_VERSION', '1.96.3'), ('GIO_LAUNCHED_DESKTOP_FILE', '/home/ubuntu/Desktop/codium.desktop'), ('ROS_PYTHON_VERSION', '3'), ('GTK_MODULES', 'appmenu-gtk-module'), ('VSCODE_GIT_ASKPASS_MAIN', '/usr/share/codium/resources/app/extensions/git/dist/askpass-main.js'), ('VSCODE_GIT_ASKPASS_NODE', '/usr/share/codium/codium'), ('LC_CTYPE', 'C.UTF-8'), ('DBUS_SESSION_BUS_ADDRESS', 'unix:abstract=/tmp/dbus-d8nUoaLbJM,guid=aa1b85f45e2138a7ac0f4c4b67930949'), ('COLORTERM', 'truecolor'), ('GIO_LAUNCHED_DESKTOP_FILE_PID', '577'), ('GNOME_KEYRING_CONTROL', '/home/ubuntu/.cache/keyring-8KGS02'), ('UBUNTU_MENUPROXY', '1'), ('ROS_DISTRO', 'humble'), ('_', '/usr/bin/colcon'), ('ROS_VERSION', '2'), ('XDG_SESSION_CLASS', 'user'), ('TERM', 'xterm-256color'), ('GTK_OVERLAY_SCROLLING', '0'), ('ROS_LOCALHOST_ONLY', '0'), ('INSIDE_CAJA_PYTHON', ''), ('PATH', '/opt/ros/humble/bin:/usr/local/sbin:/usr/local/bin:/usr/sbin:/usr/bin:/sbin:/bin:/snap/bin'), ('SESSION_MANAGER', 'local/bbb7d4524d2d:@/tmp/.ICE-unix/68,unix/bbb7d4524d2d:/tmp/.ICE-unix/68'), ('GDK_BACKEND', 'x11'), ('DISPLAY', ':1'), ('LANG', 'en_US.UTF-8'), ('XDG_CURRENT_DESKTOP', 'MATE'), ('VSCODE_GIT_IPC_HANDLE', '/tmp/vscode-git-6bd464112c.sock'), ('SUPERVISOR_ENABLED', '1'), ('TERM_PROGRAM', 'vscode'), ('SSH_AUTH_SOCK', '/home/ubuntu/.cache/keyring-8KGS02/ssh'), ('AMENT_PREFIX_PATH', '/opt/ros/humble'), ('ORIGINAL_XDG_CURRENT_DESKTOP', 'MATE'), ('NO_AT_BRIDGE', '1'), ('PASSWD', 'ubuntu'), ('SUPERVISOR_SERVER_URL', 'unix:///var/run/supervisor.sock'), ('VSCODE_GIT_ASKPASS_EXTRA_ARGS', ''), ('SUPERVISOR_PROCESS_NAME', 'vnc'), ('PWD', '/home/ubuntu/roboracing-f1tenth/build/sensors'), ('XDG_DATA_DIRS', '/usr/share/gnome:/home/ubuntu/.local/share/flatpak/exports/share:/var/lib/flatpak/exports/share:/usr/local/share:/usr/share:/var/lib/snapd/desktop'), ('PYTHONPATH', '/opt/ros/humble/lib/python3.10/site-packages:/opt/ros/humble/local/lib/python3.10/dist-packages'), ('MATE_DESKTOP_SESSION_ID', 'this-is-deprecated'), ('COLCON', '1'), ('QT_FONT_DPI', '96'), ('CMAKE_PREFIX_PATH', '/opt/ros/humble')]), 'shell': False}
[0.099967] (-) TimerEvent: {}
[0.201120] (-) TimerEvent: {}
[0.213139] (sensors) StdoutLine: {'line': b'-- Found ament_cmake: 1.3.11 (/opt/ros/humble/share/ament_cmake/cmake)\n'}
[0.302208] (-) TimerEvent: {}
[0.402962] (-) TimerEvent: {}
[0.424851] (sensors) StdoutLine: {'line': b'-- Found rclcpp: 16.0.11 (/opt/ros/humble/share/rclcpp/cmake)\n'}
[0.504051] (-) TimerEvent: {}
[0.520085] (sensors) StdoutLine: {'line': b'-- Found rosidl_generator_c: 3.1.6 (/opt/ros/humble/share/rosidl_generator_c/cmake)\n'}
[0.527107] (sensors) StdoutLine: {'line': b'-- Found rosidl_adapter: 3.1.6 (/opt/ros/humble/share/rosidl_adapter/cmake)\n'}
[0.541306] (sensors) StdoutLine: {'line': b'-- Found rosidl_generator_cpp: 3.1.6 (/opt/ros/humble/share/rosidl_generator_cpp/cmake)\n'}
[0.563526] (sensors) StdoutLine: {'line': b'-- Using all available rosidl_typesupport_c: rosidl_typesupport_fastrtps_c;rosidl_typesupport_introspection_c\n'}
[0.591348] (sensors) StdoutLine: {'line': b'-- Using all available rosidl_typesupport_cpp: rosidl_typesupport_fastrtps_cpp;rosidl_typesupport_introspection_cpp\n'}
[0.604961] (-) TimerEvent: {}
[0.665004] (sensors) StdoutLine: {'line': b'-- Found rmw_implementation_cmake: 6.1.2 (/opt/ros/humble/share/rmw_implementation_cmake/cmake)\n'}
[0.670739] (sensors) StdoutLine: {'line': b'-- Found rmw_fastrtps_cpp: 6.2.7 (/opt/ros/humble/share/rmw_fastrtps_cpp/cmake)\n'}
[0.705986] (-) TimerEvent: {}
[0.807208] (-) TimerEvent: {}
[0.908149] (-) TimerEvent: {}
[0.915805] (sensors) StdoutLine: {'line': b"-- Using RMW implementation 'rmw_fastrtps_cpp' as default\n"}
[1.009061] (sensors) StderrLine: {'line': b'\x1b[31mCMake Error at CMakeLists.txt:11 (target_link_libraries):\n'}
[1.009319] (-) TimerEvent: {}
[1.009540] (sensors) StderrLine: {'line': b'  target_link_libraries called with incorrect number of arguments\n'}
[1.009725] (sensors) StderrLine: {'line': b'\n'}
[1.009800] (sensors) StderrLine: {'line': b'\x1b[0m\n'}
[1.010597] (sensors) StdoutLine: {'line': b'-- Found ament_lint_auto: 0.12.11 (/opt/ros/humble/share/ament_lint_auto/cmake)\n'}
[1.109906] (-) TimerEvent: {}
[1.111965] (sensors) StdoutLine: {'line': b"-- Added test 'cppcheck' to perform static code analysis on C / C++ code\n"}
[1.112168] (sensors) StdoutLine: {'line': b'-- Configured cppcheck include dirs: \n'}
[1.112238] (sensors) StdoutLine: {'line': b'-- Configured cppcheck exclude dirs and/or files: \n'}
[1.112963] (sensors) StdoutLine: {'line': b"-- Added test 'lint_cmake' to check CMake code style\n"}
[1.114233] (sensors) StdoutLine: {'line': b"-- Added test 'uncrustify' to check C / C++ code style\n"}
[1.114390] (sensors) StdoutLine: {'line': b'-- Configured uncrustify additional arguments: \n'}
[1.114751] (sensors) StdoutLine: {'line': b"-- Added test 'xmllint' to check XML markup files\n"}
[1.117751] (sensors) StdoutLine: {'line': b'-- Configuring incomplete, errors occurred!\n'}
[1.118092] (sensors) StdoutLine: {'line': b'See also "/home/ubuntu/roboracing-f1tenth/build/sensors/CMakeFiles/CMakeOutput.log".\n'}
[1.146688] (sensors) StderrLine: {'line': b'gmake: *** [Makefile:267: cmake_check_build_system] Error 1\n'}
[1.149404] (sensors) CommandEnded: {'returncode': 2}
[1.193039] (sensors) JobEnded: {'identifier': 'sensors', 'rc': 2}
[1.205266] (-) EventReactorShutdown: {}
