[0.007s] Invoking command in '/sim_ws/src/wall_follower/build/wall_follower': CMAKE_PREFIX_PATH=/sim_ws/install/f1tenth_gym_ros:/opt/ros/foxy /usr/bin/cmake --build /sim_ws/src/wall_follower/build/wall_follower -- -j12 -l12
[0.017s] -- Found ament_cmake: 0.9.12 (/opt/ros/foxy/share/ament_cmake/cmake)
[0.024s] -- Using PYTHON_EXECUTABLE: /usr/bin/python3
[0.073s] -- Found rclcpp: 2.4.3 (/opt/ros/foxy/share/rclcpp/cmake)
[0.084s] -- Using all available rosidl_typesupport_c: rosidl_typesupport_fastrtps_c;rosidl_typesupport_introspection_c
[0.085s] -- Found rosidl_adapter: 1.3.1 (/opt/ros/foxy/share/rosidl_adapter/cmake)
[0.120s] -- Using all available rosidl_typesupport_cpp: rosidl_typesupport_fastrtps_cpp;rosidl_typesupport_introspection_cpp
[0.139s] -- Found rmw_implementation_cmake: 1.0.4 (/opt/ros/foxy/share/rmw_implementation_cmake/cmake)
[0.140s] -- Using RMW implementation 'rmw_fastrtps_cpp' as default
[0.200s] -- Found ackermann_msgs: 2.0.2 (/opt/ros/foxy/share/ackermann_msgs/cmake)
[0.215s] -- Found sensor_msgs: 2.0.5 (/opt/ros/foxy/share/sensor_msgs/cmake)
[0.267s] -- Found ament_lint_auto: 0.9.8 (/opt/ros/foxy/share/ament_lint_auto/cmake)
[0.292s] -- Added test 'copyright' to check source files copyright and LICENSE
[0.295s] -- Added test 'cppcheck' to perform static code analysis on C / C++ code
[0.295s] -- Configured cppcheck include dirs: 
[0.295s] -- Configured cppcheck exclude dirs and/or files: 
[0.299s] -- Added test 'cpplint' to check C / C++ code against the Google style
[0.299s] -- Configured cpplint exclude dirs and/or files: 
[0.299s] -- Added test 'flake8' to check Python code syntax and style conventions
[0.300s] -- Added test 'lint_cmake' to check CMake code style
[0.300s] -- Added test 'pep257' to check Python code against some of the style conventions in PEP 257
[0.304s] -- Added test 'uncrustify' to check C / C++ code style
[0.304s] -- Configured uncrustify additional arguments: 
[0.304s] -- Added test 'xmllint' to check XML markup files
[0.305s] -- Configuring done
[0.309s] -- Generating done
[0.310s] -- Build files have been written to: /sim_ws/src/wall_follower/build/wall_follower
[0.319s] [35m[1mScanning dependencies of target wall_follower[0m
[0.329s] [ 33%] [32mBuilding CXX object CMakeFiles/wall_follower.dir/src/pid_controller.cpp.o[0m
[0.828s] [ 66%] [32m[1mLinking CXX executable wall_follower[0m
[0.928s] [100%] Built target wall_follower
[0.932s] Invoked command in '/sim_ws/src/wall_follower/build/wall_follower' returned '0': CMAKE_PREFIX_PATH=/sim_ws/install/f1tenth_gym_ros:/opt/ros/foxy /usr/bin/cmake --build /sim_ws/src/wall_follower/build/wall_follower -- -j12 -l12
[0.946s] Invoking command in '/sim_ws/src/wall_follower/build/wall_follower': CMAKE_PREFIX_PATH=/sim_ws/install/f1tenth_gym_ros:/opt/ros/foxy /usr/bin/cmake --install /sim_ws/src/wall_follower/build/wall_follower
[0.949s] -- Install configuration: ""
[0.949s] -- Installing: /sim_ws/src/wall_follower/install/wall_follower/lib/wall_follower/wall_follower
[0.949s] -- Set runtime path of "/sim_ws/src/wall_follower/install/wall_follower/lib/wall_follower/wall_follower" to ""
[0.950s] -- Installing: /sim_ws/src/wall_follower/install/wall_follower/share/ament_index/resource_index/package_run_dependencies/wall_follower
[0.950s] -- Installing: /sim_ws/src/wall_follower/install/wall_follower/share/ament_index/resource_index/parent_prefix_path/wall_follower
[0.950s] -- Installing: /sim_ws/src/wall_follower/install/wall_follower/share/wall_follower/environment/ament_prefix_path.sh
[0.950s] -- Installing: /sim_ws/src/wall_follower/install/wall_follower/share/wall_follower/environment/ament_prefix_path.dsv
[0.950s] -- Installing: /sim_ws/src/wall_follower/install/wall_follower/share/wall_follower/environment/path.sh
[0.950s] -- Installing: /sim_ws/src/wall_follower/install/wall_follower/share/wall_follower/environment/path.dsv
[0.950s] -- Installing: /sim_ws/src/wall_follower/install/wall_follower/share/wall_follower/local_setup.bash
[0.950s] -- Installing: /sim_ws/src/wall_follower/install/wall_follower/share/wall_follower/local_setup.sh
[0.950s] -- Installing: /sim_ws/src/wall_follower/install/wall_follower/share/wall_follower/local_setup.zsh
[0.950s] -- Installing: /sim_ws/src/wall_follower/install/wall_follower/share/wall_follower/local_setup.dsv
[0.950s] -- Installing: /sim_ws/src/wall_follower/install/wall_follower/share/wall_follower/package.dsv
[0.950s] -- Installing: /sim_ws/src/wall_follower/install/wall_follower/share/ament_index/resource_index/packages/wall_follower
[0.950s] -- Installing: /sim_ws/src/wall_follower/install/wall_follower/share/wall_follower/cmake/wall_followerConfig.cmake
[0.950s] -- Installing: /sim_ws/src/wall_follower/install/wall_follower/share/wall_follower/cmake/wall_followerConfig-version.cmake
[0.950s] -- Installing: /sim_ws/src/wall_follower/install/wall_follower/share/wall_follower/package.xml
[0.952s] Invoked command in '/sim_ws/src/wall_follower/build/wall_follower' returned '0': CMAKE_PREFIX_PATH=/sim_ws/install/f1tenth_gym_ros:/opt/ros/foxy /usr/bin/cmake --install /sim_ws/src/wall_follower/build/wall_follower
