[0.000000] (-) TimerEvent: {}
[0.001542] (sensors) JobQueued: {'identifier': 'sensors', 'dependencies': OrderedDict()}
[0.002151] (sensors) JobStarted: {'identifier': 'sensors'}
[0.024584] (sensors) JobProgress: {'identifier': 'sensors', 'progress': 'cmake'}
[0.025440] (sensors) JobProgress: {'identifier': 'sensors', 'progress': 'build'}
[0.026857] (sensors) Command: {'cmd': ['/usr/bin/cmake', '--build', '/home/ubuntu/roboracing-f1tenth/build/sensors', '--', '-j8', '-l8'], 'cwd': '/home/ubuntu/roboracing-f1tenth/build/sensors', 'env': OrderedDict([('VNCDESKTOP', 'bbb7d4524d2d:1 (ubuntu)'), ('QT_SCALE_FACTOR', '1'), ('USER', 'ubuntu'), ('SUPERVISOR_GROUP_NAME', 'vnc'), ('HOSTNAME', 'bbb7d4524d2d'), ('XDG_SESSION_TYPE', 'x11'), ('GIT_ASKPASS', '/usr/share/codium/resources/app/extensions/git/dist/askpass.sh'), ('SHLVL', '2'), ('LD_LIBRARY_PATH', '/usr/lib/x86_64-linux-gnu/gazebo-11/plugins:/opt/ros/humble/opt/rviz_ogre_vendor/lib:/opt/ros/humble/lib/x86_64-linux-gnu:/opt/ros/humble/lib'), ('HOME', '/home/ubuntu'), ('CHROME_DESKTOP', 'codium.desktop'), ('TERM_PROGRAM_VERSION', '1.96.3'), ('GIO_LAUNCHED_DESKTOP_FILE', '/home/ubuntu/Desktop/codium.desktop'), ('ROS_PYTHON_VERSION', '3'), ('GTK_MODULES', 'appmenu-gtk-module'), ('VSCODE_GIT_ASKPASS_MAIN', '/usr/share/codium/resources/app/extensions/git/dist/askpass-main.js'), ('VSCODE_GIT_ASKPASS_NODE', '/usr/share/codium/codium'), ('LC_CTYPE', 'C.UTF-8'), ('DBUS_SESSION_BUS_ADDRESS', 'unix:abstract=/tmp/dbus-d8nUoaLbJM,guid=aa1b85f45e2138a7ac0f4c4b67930949'), ('COLORTERM', 'truecolor'), ('GIO_LAUNCHED_DESKTOP_FILE_PID', '577'), ('GNOME_KEYRING_CONTROL', '/home/ubuntu/.cache/keyring-8KGS02'), ('UBUNTU_MENUPROXY', '1'), ('COLCON_PREFIX_PATH', '/home/ubuntu/roboracing-f1tenth/install'), ('ROS_DISTRO', 'humble'), ('_', '/usr/bin/colcon'), ('ROS_VERSION', '2'), ('XDG_SESSION_CLASS', 'user'), ('TERM', 'xterm-256color'), ('GTK_OVERLAY_SCROLLING', '0'), ('ROS_LOCALHOST_ONLY', '0'), ('INSIDE_CAJA_PYTHON', ''), ('PATH', '/opt/ros/humble/bin:/usr/local/sbin:/usr/local/bin:/usr/sbin:/usr/bin:/sbin:/bin:/snap/bin'), ('SESSION_MANAGER', 'local/bbb7d4524d2d:@/tmp/.ICE-unix/68,unix/bbb7d4524d2d:/tmp/.ICE-unix/68'), ('GDK_BACKEND', 'x11'), ('DISPLAY', ':1'), ('LANG', 'en_US.UTF-8'), ('XDG_CURRENT_DESKTOP', 'MATE'), ('VSCODE_GIT_IPC_HANDLE', '/tmp/vscode-git-6bd464112c.sock'), ('SUPERVISOR_ENABLED', '1'), ('TERM_PROGRAM', 'vscode'), ('SSH_AUTH_SOCK', '/home/ubuntu/.cache/keyring-8KGS02/ssh'), ('AMENT_PREFIX_PATH', '/home/ubuntu/roboracing-f1tenth/install/sensors:/opt/ros/humble'), ('ORIGINAL_XDG_CURRENT_DESKTOP', 'MATE'), ('NO_AT_BRIDGE', '1'), ('PASSWD', 'ubuntu'), ('SUPERVISOR_SERVER_URL', 'unix:///var/run/supervisor.sock'), ('VSCODE_GIT_ASKPASS_EXTRA_ARGS', ''), ('SUPERVISOR_PROCESS_NAME', 'vnc'), ('PWD', '/home/ubuntu/roboracing-f1tenth/build/sensors'), ('XDG_DATA_DIRS', '/usr/share/gnome:/home/ubuntu/.local/share/flatpak/exports/share:/var/lib/flatpak/exports/share:/usr/local/share:/usr/share:/var/lib/snapd/desktop'), ('PYTHONPATH', '/opt/ros/humble/lib/python3.10/site-packages:/opt/ros/humble/local/lib/python3.10/dist-packages'), ('MATE_DESKTOP_SESSION_ID', 'this-is-deprecated'), ('COLCON', '1'), ('CMAKE_PREFIX_PATH', '/home/ubuntu/roboracing-f1tenth/install/sensors:/opt/ros/humble'), ('QT_FONT_DPI', '96')]), 'shell': False}
[0.095439] (sensors) StdoutLine: {'line': b'-- Found ament_cmake: 1.3.11 (/opt/ros/humble/share/ament_cmake/cmake)\n'}
[0.100157] (-) TimerEvent: {}
[0.201153] (-) TimerEvent: {}
[0.302202] (-) TimerEvent: {}
[0.396860] (sensors) StdoutLine: {'line': b'-- Found rclcpp: 16.0.11 (/opt/ros/humble/share/rclcpp/cmake)\n'}
[0.403187] (-) TimerEvent: {}
[0.444860] (sensors) StdoutLine: {'line': b'-- Found rosidl_generator_c: 3.1.6 (/opt/ros/humble/share/rosidl_generator_c/cmake)\n'}
[0.447720] (sensors) StdoutLine: {'line': b'-- Found rosidl_adapter: 3.1.6 (/opt/ros/humble/share/rosidl_adapter/cmake)\n'}
[0.458166] (sensors) StdoutLine: {'line': b'-- Found rosidl_generator_cpp: 3.1.6 (/opt/ros/humble/share/rosidl_generator_cpp/cmake)\n'}
[0.471001] (sensors) StdoutLine: {'line': b'-- Using all available rosidl_typesupport_c: rosidl_typesupport_fastrtps_c;rosidl_typesupport_introspection_c\n'}
[0.486297] (sensors) StdoutLine: {'line': b'-- Using all available rosidl_typesupport_cpp: rosidl_typesupport_fastrtps_cpp;rosidl_typesupport_introspection_cpp\n'}
[0.504331] (-) TimerEvent: {}
[0.532068] (sensors) StdoutLine: {'line': b'-- Found rmw_implementation_cmake: 6.1.2 (/opt/ros/humble/share/rmw_implementation_cmake/cmake)\n'}
[0.534071] (sensors) StdoutLine: {'line': b'-- Found rmw_fastrtps_cpp: 6.2.7 (/opt/ros/humble/share/rmw_fastrtps_cpp/cmake)\n'}
[0.605267] (-) TimerEvent: {}
[0.706110] (-) TimerEvent: {}
[0.766364] (sensors) StdoutLine: {'line': b"-- Using RMW implementation 'rmw_fastrtps_cpp' as default\n"}
[0.807320] (-) TimerEvent: {}
[0.826054] (sensors) StdoutLine: {'line': b'-- Found ament_lint_auto: 0.12.11 (/opt/ros/humble/share/ament_lint_auto/cmake)\n'}
[0.908287] (-) TimerEvent: {}
[0.922937] (sensors) StdoutLine: {'line': b"-- Added test 'cppcheck' to perform static code analysis on C / C++ code\n"}
[0.923225] (sensors) StdoutLine: {'line': b'-- Configured cppcheck include dirs: \n'}
[0.923296] (sensors) StdoutLine: {'line': b'-- Configured cppcheck exclude dirs and/or files: \n'}
[0.923964] (sensors) StdoutLine: {'line': b"-- Added test 'lint_cmake' to check CMake code style\n"}
[0.925760] (sensors) StdoutLine: {'line': b"-- Added test 'uncrustify' to check C / C++ code style\n"}
[0.926406] (sensors) StdoutLine: {'line': b'-- Configured uncrustify additional arguments: \n'}
[0.926490] (sensors) StdoutLine: {'line': b"-- Added test 'xmllint' to check XML markup files\n"}
[0.927218] (sensors) StdoutLine: {'line': b'-- Configuring done\n'}
[0.939249] (sensors) StdoutLine: {'line': b'-- Generating done\n'}
[0.944801] (sensors) StdoutLine: {'line': b'-- Build files have been written to: /home/ubuntu/roboracing-f1tenth/build/sensors\n'}
[0.992868] (sensors) StdoutLine: {'line': b'\x1b[35m\x1b[1mConsolidate compiler generated dependencies of target realsense_camera_node\x1b[0m\n'}
[1.009234] (-) TimerEvent: {}
[1.020084] (sensors) StdoutLine: {'line': b'[ 50%] \x1b[32mBuilding CXX object CMakeFiles/realsense_camera_node.dir/src/realsense_camera_node.cpp.o\x1b[0m\n'}
[1.110352] (-) TimerEvent: {}
[1.211273] (-) TimerEvent: {}
[1.312166] (-) TimerEvent: {}
[1.413212] (-) TimerEvent: {}
[1.514087] (-) TimerEvent: {}
[1.615322] (-) TimerEvent: {}
[1.716281] (-) TimerEvent: {}
[1.817320] (-) TimerEvent: {}
[1.918654] (-) TimerEvent: {}
[2.020153] (-) TimerEvent: {}
[2.121382] (-) TimerEvent: {}
[2.222360] (-) TimerEvent: {}
[2.323343] (-) TimerEvent: {}
[2.424264] (-) TimerEvent: {}
[2.525243] (-) TimerEvent: {}
[2.626199] (-) TimerEvent: {}
[2.727372] (-) TimerEvent: {}
[2.828293] (-) TimerEvent: {}
[2.929282] (-) TimerEvent: {}
[3.030262] (-) TimerEvent: {}
[3.131424] (-) TimerEvent: {}
[3.232195] (-) TimerEvent: {}
[3.333338] (-) TimerEvent: {}
[3.434223] (-) TimerEvent: {}
[3.535424] (-) TimerEvent: {}
[3.636450] (-) TimerEvent: {}
[3.737327] (-) TimerEvent: {}
[3.838271] (-) TimerEvent: {}
[3.939116] (-) TimerEvent: {}
[4.032071] (sensors) StderrLine: {'line': b'\x1b[01m\x1b[K/home/ubuntu/roboracing-f1tenth/sensors/src/realsense_camera_node.cpp:\x1b[m\x1b[K In function \xe2\x80\x98\x1b[01m\x1b[Kint main(int, char**)\x1b[m\x1b[K\xe2\x80\x99:\n'}
[4.032354] (sensors) StderrLine: {'line': b'\x1b[01m\x1b[K/home/ubuntu/roboracing-f1tenth/sensors/src/realsense_camera_node.cpp:7:5:\x1b[m\x1b[K \x1b[01;31m\x1b[Kerror: \x1b[m\x1b[K\xe2\x80\x98\x1b[01m\x1b[KRLCPP_DEBUG\x1b[m\x1b[K\xe2\x80\x99 was not declared in this scope; did you mean \xe2\x80\x98\x1b[01m\x1b[KRCLCPP_DEBUG\x1b[m\x1b[K\xe2\x80\x99?\n'}
[4.032424] (sensors) StderrLine: {'line': b'    7 |     \x1b[01;31m\x1b[KRLCPP_DEBUG\x1b[m\x1b[K(node->get_logger(), "Debug");\n'}
[4.032513] (sensors) StderrLine: {'line': b'      |     \x1b[01;31m\x1b[K^~~~~~~~~~~\x1b[m\x1b[K\n'}
[4.032566] (sensors) StderrLine: {'line': b'      |     \x1b[32m\x1b[KRCLCPP_DEBUG\x1b[m\x1b[K\n'}
[4.036875] (sensors) StderrLine: {'line': b'\x1b[01m\x1b[K/home/ubuntu/roboracing-f1tenth/sensors/src/realsense_camera_node.cpp:8:5:\x1b[m\x1b[K \x1b[01;31m\x1b[Kerror: \x1b[m\x1b[K\xe2\x80\x98\x1b[01m\x1b[KRLCPP_INFO\x1b[m\x1b[K\xe2\x80\x99 was not declared in this scope; did you mean \xe2\x80\x98\x1b[01m\x1b[KRCLCPP_INFO\x1b[m\x1b[K\xe2\x80\x99?\n'}
[4.037349] (sensors) StderrLine: {'line': b'    8 |     \x1b[01;31m\x1b[KRLCPP_INFO\x1b[m\x1b[K(node->get_logger(), "Info");\n'}
[4.037532] (sensors) StderrLine: {'line': b'      |     \x1b[01;31m\x1b[K^~~~~~~~~~\x1b[m\x1b[K\n'}
[4.037688] (sensors) StderrLine: {'line': b'      |     \x1b[32m\x1b[KRCLCPP_INFO\x1b[m\x1b[K\n'}
[4.040375] (-) TimerEvent: {}
[4.042164] (sensors) StderrLine: {'line': b'\x1b[01m\x1b[K/home/ubuntu/roboracing-f1tenth/sensors/src/realsense_camera_node.cpp:9:5:\x1b[m\x1b[K \x1b[01;31m\x1b[Kerror: \x1b[m\x1b[K\xe2\x80\x98\x1b[01m\x1b[KRLCPP_WARN\x1b[m\x1b[K\xe2\x80\x99 was not declared in this scope; did you mean \xe2\x80\x98\x1b[01m\x1b[KRCLCPP_WARN\x1b[m\x1b[K\xe2\x80\x99?\n'}
[4.042452] (sensors) StderrLine: {'line': b'    9 |     \x1b[01;31m\x1b[KRLCPP_WARN\x1b[m\x1b[K(node->get_logger(), "Warning");\n'}
[4.042538] (sensors) StderrLine: {'line': b'      |     \x1b[01;31m\x1b[K^~~~~~~~~~\x1b[m\x1b[K\n'}
[4.042592] (sensors) StderrLine: {'line': b'      |     \x1b[32m\x1b[KRCLCPP_WARN\x1b[m\x1b[K\n'}
[4.046885] (sensors) StderrLine: {'line': b'\x1b[01m\x1b[K/home/ubuntu/roboracing-f1tenth/sensors/src/realsense_camera_node.cpp:10:5:\x1b[m\x1b[K \x1b[01;31m\x1b[Kerror: \x1b[m\x1b[K\xe2\x80\x98\x1b[01m\x1b[KRLCPP_ERROR\x1b[m\x1b[K\xe2\x80\x99 was not declared in this scope; did you mean \xe2\x80\x98\x1b[01m\x1b[KRCLCPP_ERROR\x1b[m\x1b[K\xe2\x80\x99?\n'}
[4.047562] (sensors) StderrLine: {'line': b'   10 |     \x1b[01;31m\x1b[KRLCPP_ERROR\x1b[m\x1b[K(node->get_logger(), "Error");\n'}
[4.047801] (sensors) StderrLine: {'line': b'      |     \x1b[01;31m\x1b[K^~~~~~~~~~~\x1b[m\x1b[K\n'}
[4.048004] (sensors) StderrLine: {'line': b'      |     \x1b[32m\x1b[KRCLCPP_ERROR\x1b[m\x1b[K\n'}
[4.141376] (-) TimerEvent: {}
[4.242129] (-) TimerEvent: {}
[4.343142] (-) TimerEvent: {}
[4.444244] (-) TimerEvent: {}
[4.545186] (-) TimerEvent: {}
[4.600002] (sensors) StderrLine: {'line': b'gmake[2]: *** [CMakeFiles/realsense_camera_node.dir/build.make:76: CMakeFiles/realsense_camera_node.dir/src/realsense_camera_node.cpp.o] Error 1\n'}
[4.600581] (sensors) StderrLine: {'line': b'gmake[1]: *** [CMakeFiles/Makefile2:137: CMakeFiles/realsense_camera_node.dir/all] Error 2\n'}
[4.600735] (sensors) StderrLine: {'line': b'gmake: *** [Makefile:146: all] Error 2\n'}
[4.604097] (sensors) CommandEnded: {'returncode': 2}
[4.619619] (sensors) JobEnded: {'identifier': 'sensors', 'rc': 2}
[4.631163] (-) EventReactorShutdown: {}
