[0.000000] (-) TimerEvent: {}
[0.000766] (sensors) JobQueued: {'identifier': 'sensors', 'dependencies': OrderedDict()}
[0.001048] (sensors) JobStarted: {'identifier': 'sensors'}
[0.014338] (sensors) JobProgress: {'identifier': 'sensors', 'progress': 'cmake'}
[0.016315] (sensors) JobProgress: {'identifier': 'sensors', 'progress': 'build'}
[0.016518] (sensors) Command: {'cmd': ['/usr/bin/cmake', '--build', '/home/ubuntu/roboracing-f1tenth/build/sensors', '--', '-j8', '-l8'], 'cwd': '/home/ubuntu/roboracing-f1tenth/build/sensors', 'env': OrderedDict([('VNCDESKTOP', 'bbb7d4524d2d:1 (ubuntu)'), ('QT_SCALE_FACTOR', '1'), ('USER', 'ubuntu'), ('SUPERVISOR_GROUP_NAME', 'vnc'), ('HOSTNAME', 'bbb7d4524d2d'), ('XDG_SESSION_TYPE', 'x11'), ('GIT_ASKPASS', '/usr/share/codium/resources/app/extensions/git/dist/askpass.sh'), ('SHLVL', '2'), ('LD_LIBRARY_PATH', '/usr/lib/x86_64-linux-gnu/gazebo-11/plugins:/opt/ros/humble/opt/rviz_ogre_vendor/lib:/opt/ros/humble/lib/x86_64-linux-gnu:/opt/ros/humble/lib'), ('HOME', '/home/ubuntu'), ('CHROME_DESKTOP', 'codium.desktop'), ('TERM_PROGRAM_VERSION', '1.96.3'), ('GIO_LAUNCHED_DESKTOP_FILE', '/home/ubuntu/Desktop/codium.desktop'), ('ROS_PYTHON_VERSION', '3'), ('GTK_MODULES', 'appmenu-gtk-module'), ('VSCODE_GIT_ASKPASS_MAIN', '/usr/share/codium/resources/app/extensions/git/dist/askpass-main.js'), ('VSCODE_GIT_ASKPASS_NODE', '/usr/share/codium/codium'), ('LC_CTYPE', 'C.UTF-8'), ('DBUS_SESSION_BUS_ADDRESS', 'unix:abstract=/tmp/dbus-d8nUoaLbJM,guid=aa1b85f45e2138a7ac0f4c4b67930949'), ('COLORTERM', 'truecolor'), ('GIO_LAUNCHED_DESKTOP_FILE_PID', '577'), ('GNOME_KEYRING_CONTROL', '/home/ubuntu/.cache/keyring-8KGS02'), ('UBUNTU_MENUPROXY', '1'), ('COLCON_PREFIX_PATH', '/home/ubuntu/roboracing-f1tenth/install'), ('ROS_DISTRO', 'humble'), ('_', '/usr/bin/colcon'), ('ROS_VERSION', '2'), ('XDG_SESSION_CLASS', 'user'), ('TERM', 'xterm-256color'), ('GTK_OVERLAY_SCROLLING', '0'), ('ROS_LOCALHOST_ONLY', '0'), ('INSIDE_CAJA_PYTHON', ''), ('PATH', '/opt/ros/humble/bin:/usr/local/sbin:/usr/local/bin:/usr/sbin:/usr/bin:/sbin:/bin:/snap/bin'), ('SESSION_MANAGER', 'local/bbb7d4524d2d:@/tmp/.ICE-unix/68,unix/bbb7d4524d2d:/tmp/.ICE-unix/68'), ('GDK_BACKEND', 'x11'), ('DISPLAY', ':1'), ('LANG', 'en_US.UTF-8'), ('XDG_CURRENT_DESKTOP', 'MATE'), ('VSCODE_GIT_IPC_HANDLE', '/tmp/vscode-git-6bd464112c.sock'), ('SUPERVISOR_ENABLED', '1'), ('TERM_PROGRAM', 'vscode'), ('SSH_AUTH_SOCK', '/home/ubuntu/.cache/keyring-8KGS02/ssh'), ('AMENT_PREFIX_PATH', '/home/ubuntu/roboracing-f1tenth/install/sensors:/opt/ros/humble'), ('ORIGINAL_XDG_CURRENT_DESKTOP', 'MATE'), ('NO_AT_BRIDGE', '1'), ('PASSWD', 'ubuntu'), ('SUPERVISOR_SERVER_URL', 'unix:///var/run/supervisor.sock'), ('VSCODE_GIT_ASKPASS_EXTRA_ARGS', ''), ('SUPERVISOR_PROCESS_NAME', 'vnc'), ('PWD', '/home/ubuntu/roboracing-f1tenth/build/sensors'), ('XDG_DATA_DIRS', '/usr/share/gnome:/home/ubuntu/.local/share/flatpak/exports/share:/var/lib/flatpak/exports/share:/usr/local/share:/usr/share:/var/lib/snapd/desktop'), ('PYTHONPATH', '/opt/ros/humble/lib/python3.10/site-packages:/opt/ros/humble/local/lib/python3.10/dist-packages'), ('MATE_DESKTOP_SESSION_ID', 'this-is-deprecated'), ('COLCON', '1'), ('CMAKE_PREFIX_PATH', '/home/ubuntu/roboracing-f1tenth/install/sensors:/opt/ros/humble'), ('QT_FONT_DPI', '96')]), 'shell': False}
[0.056527] (sensors) StdoutLine: {'line': b'-- Found ament_cmake: 1.3.11 (/opt/ros/humble/share/ament_cmake/cmake)\n'}
[0.098219] (-) TimerEvent: {}
[0.199101] (-) TimerEvent: {}
[0.266190] (sensors) StdoutLine: {'line': b'-- Found rclcpp: 16.0.11 (/opt/ros/humble/share/rclcpp/cmake)\n'}
[0.300259] (-) TimerEvent: {}
[0.317191] (sensors) StdoutLine: {'line': b'-- Found rosidl_generator_c: 3.1.6 (/opt/ros/humble/share/rosidl_generator_c/cmake)\n'}
[0.319950] (sensors) StdoutLine: {'line': b'-- Found rosidl_adapter: 3.1.6 (/opt/ros/humble/share/rosidl_adapter/cmake)\n'}
[0.328647] (sensors) StdoutLine: {'line': b'-- Found rosidl_generator_cpp: 3.1.6 (/opt/ros/humble/share/rosidl_generator_cpp/cmake)\n'}
[0.338754] (sensors) StdoutLine: {'line': b'-- Using all available rosidl_typesupport_c: rosidl_typesupport_fastrtps_c;rosidl_typesupport_introspection_c\n'}
[0.356146] (sensors) StdoutLine: {'line': b'-- Using all available rosidl_typesupport_cpp: rosidl_typesupport_fastrtps_cpp;rosidl_typesupport_introspection_cpp\n'}
[0.401207] (-) TimerEvent: {}
[0.405273] (sensors) StdoutLine: {'line': b'-- Found rmw_implementation_cmake: 6.1.2 (/opt/ros/humble/share/rmw_implementation_cmake/cmake)\n'}
[0.406703] (sensors) StdoutLine: {'line': b'-- Found rmw_fastrtps_cpp: 6.2.7 (/opt/ros/humble/share/rmw_fastrtps_cpp/cmake)\n'}
[0.502260] (-) TimerEvent: {}
[0.603152] (-) TimerEvent: {}
[0.612179] (sensors) StdoutLine: {'line': b"-- Using RMW implementation 'rmw_fastrtps_cpp' as default\n"}
[0.680804] (sensors) StdoutLine: {'line': b'-- Found ament_lint_auto: 0.12.11 (/opt/ros/humble/share/ament_lint_auto/cmake)\n'}
[0.704021] (-) TimerEvent: {}
[0.779796] (sensors) StdoutLine: {'line': b"-- Added test 'cppcheck' to perform static code analysis on C / C++ code\n"}
[0.780019] (sensors) StdoutLine: {'line': b'-- Configured cppcheck include dirs: \n'}
[0.780412] (sensors) StdoutLine: {'line': b'-- Configured cppcheck exclude dirs and/or files: \n'}
[0.780849] (sensors) StdoutLine: {'line': b"-- Added test 'lint_cmake' to check CMake code style\n"}
[0.782159] (sensors) StdoutLine: {'line': b"-- Added test 'uncrustify' to check C / C++ code style\n"}
[0.782382] (sensors) StdoutLine: {'line': b'-- Configured uncrustify additional arguments: \n'}
[0.782652] (sensors) StdoutLine: {'line': b"-- Added test 'xmllint' to check XML markup files\n"}
[0.784781] (sensors) StdoutLine: {'line': b'-- Configuring done\n'}
[0.798387] (sensors) StdoutLine: {'line': b'-- Generating done\n'}
[0.803775] (sensors) StdoutLine: {'line': b'-- Build files have been written to: /home/ubuntu/roboracing-f1tenth/build/sensors\n'}
[0.804021] (-) TimerEvent: {}
[0.840559] (sensors) StdoutLine: {'line': b'\x1b[35m\x1b[1mConsolidate compiler generated dependencies of target realsense_camera_node\x1b[0m\n'}
[0.867838] (sensors) StdoutLine: {'line': b'[ 50%] \x1b[32mBuilding CXX object CMakeFiles/realsense_camera_node.dir/src/realsense_camera_node.cpp.o\x1b[0m\n'}
[0.905114] (-) TimerEvent: {}
[1.006352] (-) TimerEvent: {}
[1.107278] (-) TimerEvent: {}
[1.208160] (-) TimerEvent: {}
[1.310403] (-) TimerEvent: {}
[1.412143] (-) TimerEvent: {}
[1.513388] (-) TimerEvent: {}
[1.615294] (-) TimerEvent: {}
[1.716246] (-) TimerEvent: {}
[1.817246] (-) TimerEvent: {}
[1.918314] (-) TimerEvent: {}
[2.020070] (-) TimerEvent: {}
[2.121088] (-) TimerEvent: {}
[2.222294] (-) TimerEvent: {}
[2.323139] (-) TimerEvent: {}
[2.424203] (-) TimerEvent: {}
[2.525371] (-) TimerEvent: {}
[2.626331] (-) TimerEvent: {}
[2.727229] (-) TimerEvent: {}
[2.829078] (-) TimerEvent: {}
[2.969398] (-) TimerEvent: {}
[3.070119] (-) TimerEvent: {}
[3.171253] (-) TimerEvent: {}
[3.273236] (-) TimerEvent: {}
[3.376556] (-) TimerEvent: {}
[3.478112] (-) TimerEvent: {}
[3.579242] (-) TimerEvent: {}
[3.680308] (-) TimerEvent: {}
[3.781166] (-) TimerEvent: {}
[3.882285] (-) TimerEvent: {}
[3.983182] (-) TimerEvent: {}
[4.084284] (-) TimerEvent: {}
[4.185224] (-) TimerEvent: {}
[4.286177] (-) TimerEvent: {}
[4.387215] (-) TimerEvent: {}
[4.488175] (-) TimerEvent: {}
[4.589273] (-) TimerEvent: {}
[4.690372] (-) TimerEvent: {}
[4.791639] (-) TimerEvent: {}
[4.893273] (-) TimerEvent: {}
[4.994258] (-) TimerEvent: {}
[5.095213] (-) TimerEvent: {}
[5.196425] (-) TimerEvent: {}
[5.297162] (-) TimerEvent: {}
[5.398248] (-) TimerEvent: {}
[5.499119] (-) TimerEvent: {}
[5.600286] (-) TimerEvent: {}
[5.701106] (-) TimerEvent: {}
[5.801014] (sensors) StdoutLine: {'line': b'[100%] \x1b[32m\x1b[1mLinking CXX executable realsense_camera_node\x1b[0m\n'}
[5.801252] (-) TimerEvent: {}
[5.902234] (-) TimerEvent: {}
[6.001508] (sensors) StdoutLine: {'line': b'[100%] Built target realsense_camera_node\n'}
[6.003127] (-) TimerEvent: {}
[6.019130] (sensors) CommandEnded: {'returncode': 0}
[6.021707] (sensors) JobProgress: {'identifier': 'sensors', 'progress': 'install'}
[6.037997] (sensors) Command: {'cmd': ['/usr/bin/cmake', '--install', '/home/ubuntu/roboracing-f1tenth/build/sensors'], 'cwd': '/home/ubuntu/roboracing-f1tenth/build/sensors', 'env': OrderedDict([('VNCDESKTOP', 'bbb7d4524d2d:1 (ubuntu)'), ('QT_SCALE_FACTOR', '1'), ('USER', 'ubuntu'), ('SUPERVISOR_GROUP_NAME', 'vnc'), ('HOSTNAME', 'bbb7d4524d2d'), ('XDG_SESSION_TYPE', 'x11'), ('GIT_ASKPASS', '/usr/share/codium/resources/app/extensions/git/dist/askpass.sh'), ('SHLVL', '2'), ('LD_LIBRARY_PATH', '/usr/lib/x86_64-linux-gnu/gazebo-11/plugins:/opt/ros/humble/opt/rviz_ogre_vendor/lib:/opt/ros/humble/lib/x86_64-linux-gnu:/opt/ros/humble/lib'), ('HOME', '/home/ubuntu'), ('CHROME_DESKTOP', 'codium.desktop'), ('TERM_PROGRAM_VERSION', '1.96.3'), ('GIO_LAUNCHED_DESKTOP_FILE', '/home/ubuntu/Desktop/codium.desktop'), ('ROS_PYTHON_VERSION', '3'), ('GTK_MODULES', 'appmenu-gtk-module'), ('VSCODE_GIT_ASKPASS_MAIN', '/usr/share/codium/resources/app/extensions/git/dist/askpass-main.js'), ('VSCODE_GIT_ASKPASS_NODE', '/usr/share/codium/codium'), ('LC_CTYPE', 'C.UTF-8'), ('DBUS_SESSION_BUS_ADDRESS', 'unix:abstract=/tmp/dbus-d8nUoaLbJM,guid=aa1b85f45e2138a7ac0f4c4b67930949'), ('COLORTERM', 'truecolor'), ('GIO_LAUNCHED_DESKTOP_FILE_PID', '577'), ('GNOME_KEYRING_CONTROL', '/home/ubuntu/.cache/keyring-8KGS02'), ('UBUNTU_MENUPROXY', '1'), ('COLCON_PREFIX_PATH', '/home/ubuntu/roboracing-f1tenth/install'), ('ROS_DISTRO', 'humble'), ('_', '/usr/bin/colcon'), ('ROS_VERSION', '2'), ('XDG_SESSION_CLASS', 'user'), ('TERM', 'xterm-256color'), ('GTK_OVERLAY_SCROLLING', '0'), ('ROS_LOCALHOST_ONLY', '0'), ('INSIDE_CAJA_PYTHON', ''), ('PATH', '/opt/ros/humble/bin:/usr/local/sbin:/usr/local/bin:/usr/sbin:/usr/bin:/sbin:/bin:/snap/bin'), ('SESSION_MANAGER', 'local/bbb7d4524d2d:@/tmp/.ICE-unix/68,unix/bbb7d4524d2d:/tmp/.ICE-unix/68'), ('GDK_BACKEND', 'x11'), ('DISPLAY', ':1'), ('LANG', 'en_US.UTF-8'), ('XDG_CURRENT_DESKTOP', 'MATE'), ('VSCODE_GIT_IPC_HANDLE', '/tmp/vscode-git-6bd464112c.sock'), ('SUPERVISOR_ENABLED', '1'), ('TERM_PROGRAM', 'vscode'), ('SSH_AUTH_SOCK', '/home/ubuntu/.cache/keyring-8KGS02/ssh'), ('AMENT_PREFIX_PATH', '/home/ubuntu/roboracing-f1tenth/install/sensors:/opt/ros/humble'), ('ORIGINAL_XDG_CURRENT_DESKTOP', 'MATE'), ('NO_AT_BRIDGE', '1'), ('PASSWD', 'ubuntu'), ('SUPERVISOR_SERVER_URL', 'unix:///var/run/supervisor.sock'), ('VSCODE_GIT_ASKPASS_EXTRA_ARGS', ''), ('SUPERVISOR_PROCESS_NAME', 'vnc'), ('PWD', '/home/ubuntu/roboracing-f1tenth/build/sensors'), ('XDG_DATA_DIRS', '/usr/share/gnome:/home/ubuntu/.local/share/flatpak/exports/share:/var/lib/flatpak/exports/share:/usr/local/share:/usr/share:/var/lib/snapd/desktop'), ('PYTHONPATH', '/opt/ros/humble/lib/python3.10/site-packages:/opt/ros/humble/local/lib/python3.10/dist-packages'), ('MATE_DESKTOP_SESSION_ID', 'this-is-deprecated'), ('COLCON', '1'), ('CMAKE_PREFIX_PATH', '/home/ubuntu/roboracing-f1tenth/install/sensors:/opt/ros/humble'), ('QT_FONT_DPI', '96')]), 'shell': False}
[6.050494] (sensors) StdoutLine: {'line': b'-- Install configuration: ""\n'}
[6.050969] (sensors) StdoutLine: {'line': b'-- Installing: /home/ubuntu/roboracing-f1tenth/install/sensors/lib/sensors/realsense_camera_node\n'}
[6.051822] (sensors) StdoutLine: {'line': b'-- Set runtime path of "/home/ubuntu/roboracing-f1tenth/install/sensors/lib/sensors/realsense_camera_node" to ""\n'}
[6.052150] (sensors) StdoutLine: {'line': b'-- Up-to-date: /home/ubuntu/roboracing-f1tenth/install/sensors/share/ament_index/resource_index/package_run_dependencies/sensors\n'}
[6.053280] (sensors) StdoutLine: {'line': b'-- Up-to-date: /home/ubuntu/roboracing-f1tenth/install/sensors/share/ament_index/resource_index/parent_prefix_path/sensors\n'}
[6.054322] (sensors) StdoutLine: {'line': b'-- Up-to-date: /home/ubuntu/roboracing-f1tenth/install/sensors/share/sensors/environment/ament_prefix_path.sh\n'}
[6.054656] (sensors) StdoutLine: {'line': b'-- Installing: /home/ubuntu/roboracing-f1tenth/install/sensors/share/sensors/environment/ament_prefix_path.dsv\n'}
[6.054919] (sensors) StdoutLine: {'line': b'-- Up-to-date: /home/ubuntu/roboracing-f1tenth/install/sensors/share/sensors/environment/path.sh\n'}
[6.055554] (sensors) StdoutLine: {'line': b'-- Installing: /home/ubuntu/roboracing-f1tenth/install/sensors/share/sensors/environment/path.dsv\n'}
[6.056856] (sensors) StdoutLine: {'line': b'-- Up-to-date: /home/ubuntu/roboracing-f1tenth/install/sensors/share/sensors/local_setup.bash\n'}
[6.059508] (sensors) StdoutLine: {'line': b'-- Up-to-date: /home/ubuntu/roboracing-f1tenth/install/sensors/share/sensors/local_setup.sh\n'}
[6.060269] (sensors) StdoutLine: {'line': b'-- Up-to-date: /home/ubuntu/roboracing-f1tenth/install/sensors/share/sensors/local_setup.zsh\n'}
[6.060417] (sensors) StdoutLine: {'line': b'-- Installing: /home/ubuntu/roboracing-f1tenth/install/sensors/share/sensors/local_setup.dsv\n'}
[6.060881] (sensors) StdoutLine: {'line': b'-- Installing: /home/ubuntu/roboracing-f1tenth/install/sensors/share/sensors/package.dsv\n'}
[6.061858] (sensors) StdoutLine: {'line': b'-- Up-to-date: /home/ubuntu/roboracing-f1tenth/install/sensors/share/ament_index/resource_index/packages/sensors\n'}
[6.062526] (sensors) StdoutLine: {'line': b'-- Up-to-date: /home/ubuntu/roboracing-f1tenth/install/sensors/share/sensors/cmake/sensorsConfig.cmake\n'}
[6.063298] (sensors) StdoutLine: {'line': b'-- Up-to-date: /home/ubuntu/roboracing-f1tenth/install/sensors/share/sensors/cmake/sensorsConfig-version.cmake\n'}
[6.063882] (sensors) StdoutLine: {'line': b'-- Up-to-date: /home/ubuntu/roboracing-f1tenth/install/sensors/share/sensors/package.xml\n'}
[6.065978] (sensors) CommandEnded: {'returncode': 0}
[6.104544] (-) TimerEvent: {}
[6.105922] (sensors) JobEnded: {'identifier': 'sensors', 'rc': 0}
[6.108921] (-) EventReactorShutdown: {}
