[0.007s] Invoking command in '/sim_ws/src/wall_follower/build/wall_follower': CMAKE_PREFIX_PATH=/sim_ws/install/f1tenth_gym_ros:/opt/ros/foxy /usr/bin/cmake --build /sim_ws/src/wall_follower/build/wall_follower -- -j12 -l12
[0.029s] [ 33%] [32mBuilding CXX object CMakeFiles/wall_follower.dir/src/wall_follower.cpp.o[0m
[0.444s] [01m[K/sim_ws/src/wall_follower/src/wall_follower.cpp:[m[K In constructor ‘[01m[KWallFollower::WallFollower()[m[K’:
[0.444s] [01m[K/sim_ws/src/wall_follower/src/wall_follower.cpp:24:67:[m[K [01;31m[Kerror: [m[Kno matching function for call to ‘[01m[Kstd::chrono::duration<long int>::duration(double)[m[K’
[0.444s]    24 |         timer_ = this->create_wall_timer(std::chrono::seconds(0.05[01;31m[K)[m[K, std::bind(&WallFollower::DriveCallback, this));
[0.444s]       |                                                                   [01;31m[K^[m[K
[0.444s] In file included from [01m[K/usr/include/c++/9/mutex:39[m[K,
[0.444s]                  from [01m[K/usr/include/c++/9/future:38[m[K,
[0.444s]                  from [01m[K/opt/ros/foxy/include/rclcpp/executors.hpp:18[m[K,
[0.444s]                  from [01m[K/opt/ros/foxy/include/rclcpp/rclcpp.hpp:146[m[K,
[0.444s]                  from [01m[K/sim_ws/src/wall_follower/src/wall_follower.cpp:1[m[K:
[0.444s] [01m[K/usr/include/c++/9/chrono:338:14:[m[K [01;36m[Knote: [m[Kcandidate: ‘[01m[Ktemplate<class _Rep2, class _Period2, class> constexpr std::chrono::duration<_Rep, _Period>::duration(const std::chrono::duration<_Rep, _Period>&)[m[K’
[0.445s]   338 |    constexpr [01;36m[Kduration[m[K(const duration<_Rep2, _Period2>& __d)
[0.445s]       |              [01;36m[K^~~~~~~~[m[K
[0.445s] [01m[K/usr/include/c++/9/chrono:338:14:[m[K [01;36m[Knote: [m[K  template argument deduction/substitution failed:
[0.445s] [01m[K/sim_ws/src/wall_follower/src/wall_follower.cpp:24:67:[m[K [01;36m[Knote: [m[K  mismatched types ‘[01m[Kconst std::chrono::duration<_Rep1, _Period1>[m[K’ and ‘[01m[Kdouble[m[K’
[0.445s]    24 |         timer_ = this->create_wall_timer(std::chrono::seconds(0.05[01;36m[K)[m[K, std::bind(&WallFollower::DriveCallback, this));
[0.445s]       |                                                                   [01;36m[K^[m[K
[0.445s] In file included from [01m[K/usr/include/c++/9/mutex:39[m[K,
[0.445s]                  from [01m[K/usr/include/c++/9/future:38[m[K,
[0.445s]                  from [01m[K/opt/ros/foxy/include/rclcpp/executors.hpp:18[m[K,
[0.445s]                  from [01m[K/opt/ros/foxy/include/rclcpp/rclcpp.hpp:146[m[K,
[0.445s]                  from [01m[K/sim_ws/src/wall_follower/src/wall_follower.cpp:1[m[K:
[0.445s] [01m[K/usr/include/c++/9/chrono:331:23:[m[K [01;36m[Knote: [m[Kcandidate: ‘[01m[Ktemplate<class _Rep2, class> constexpr std::chrono::duration<_Rep, _Period>::duration(const _Rep2&)[m[K’
[0.445s]   331 |    constexpr explicit [01;36m[Kduration[m[K(const _Rep2& __rep)
[0.445s]       |                       [01;36m[K^~~~~~~~[m[K
[0.445s] [01m[K/usr/include/c++/9/chrono:331:23:[m[K [01;36m[Knote: [m[K  template argument deduction/substitution failed:
[0.445s] In file included from [01m[K/usr/include/c++/9/bits/move.h:55[m[K,
[0.445s]                  from [01m[K/usr/include/c++/9/bits/stl_pair.h:59[m[K,
[0.445s]                  from [01m[K/usr/include/c++/9/bits/stl_algobase.h:64[m[K,
[0.445s]                  from [01m[K/usr/include/c++/9/memory:62[m[K,
[0.445s]                  from [01m[K/opt/ros/foxy/include/rclcpp/rclcpp.hpp:144[m[K,
[0.445s]                  from [01m[K/sim_ws/src/wall_follower/src/wall_follower.cpp:1[m[K:
[0.445s] /usr/include/c++/9/type_traits: In substitution of ‘[01m[Ktemplate<class ... _Cond> using _Require = typename std::enable_if<std::__and_< <template-parameter-1-1> >::value>::type [with _Cond = {std::is_convertible<const double&, long int>, std::__or_<std::chrono::treat_as_floating_point<long int>, std::__not_<std::chrono::treat_as_floating_point<double> > >}][m[K’:
[0.445s] [01m[K/usr/include/c++/9/chrono:328:27:[m[K   required from here
[0.445s] [01m[K/usr/include/c++/9/type_traits:2048:11:[m[K [01;31m[Kerror: [m[Kno type named ‘[01m[Ktype[m[K’ in ‘[01m[Kstruct std::enable_if<false, void>[m[K’
[0.445s]  2048 |     using [01;31m[K_Require[m[K = typename enable_if<__and_<_Cond...>::value>::type;
[0.445s]       |           [01;31m[K^~~~~~~~[m[K
[0.445s] In file included from [01m[K/usr/include/c++/9/mutex:39[m[K,
[0.445s]                  from [01m[K/usr/include/c++/9/future:38[m[K,
[0.445s]                  from [01m[K/opt/ros/foxy/include/rclcpp/executors.hpp:18[m[K,
[0.445s]                  from [01m[K/opt/ros/foxy/include/rclcpp/rclcpp.hpp:146[m[K,
[0.445s]                  from [01m[K/sim_ws/src/wall_follower/src/wall_follower.cpp:1[m[K:
[0.445s] [01m[K/usr/include/c++/9/chrono:324:2:[m[K [01;36m[Knote: [m[Kcandidate: ‘[01m[Kconstexpr std::chrono::duration<_Rep, _Period>::duration(const std::chrono::duration<_Rep, _Period>&) [with _Rep = long int; _Period = std::ratio<1>][m[K’
[0.445s]   324 |  [01;36m[Kduration[m[K(const duration&) = default;
[0.445s]       |  [01;36m[K^~~~~~~~[m[K
[0.445s] [01m[K/usr/include/c++/9/chrono:324:11:[m[K [01;36m[Knote: [m[K  no known conversion for argument 1 from ‘[01m[Kdouble[m[K’ to ‘[01m[Kconst std::chrono::duration<long int>&[m[K’
[0.445s]   324 |  duration([01;36m[Kconst duration&[m[K) = default;
[0.445s]       |           [01;36m[K^~~~~~~~~~~~~~~[m[K
[0.445s] [01m[K/usr/include/c++/9/chrono:322:12:[m[K [01;36m[Knote: [m[Kcandidate: ‘[01m[Kstd::chrono::duration<_Rep, _Period>::duration() [with _Rep = long int; _Period = std::ratio<1>][m[K’
[0.445s]   322 |  constexpr [01;36m[Kduration[m[K() = default;
[0.445s]       |            [01;36m[K^~~~~~~~[m[K
[0.445s] [01m[K/usr/include/c++/9/chrono:322:12:[m[K [01;36m[Knote: [m[K  candidate expects 0 arguments, 1 provided
[0.955s] make[2]: *** [CMakeFiles/wall_follower.dir/build.make:63: CMakeFiles/wall_follower.dir/src/wall_follower.cpp.o] Error 1
[0.955s] make[1]: *** [CMakeFiles/Makefile2:78: CMakeFiles/wall_follower.dir/all] Error 2
[0.955s] make: *** [Makefile:141: all] Error 2
[0.956s] Invoked command in '/sim_ws/src/wall_follower/build/wall_follower' returned '2': CMAKE_PREFIX_PATH=/sim_ws/install/f1tenth_gym_ros:/opt/ros/foxy /usr/bin/cmake --build /sim_ws/src/wall_follower/build/wall_follower -- -j12 -l12
