[0.007s] Invoking command in '/sim_ws/src/wall_follower/build/wall_follower': /usr/bin/cmake /sim_ws/src/wall_follower -DCMAKE_INSTALL_PREFIX=/sim_ws/src/wall_follower/install/wall_follower
[0.063s] -- The C compiler identification is GNU 9.4.0
[0.101s] -- The CXX compiler identification is GNU 9.4.0
[0.106s] -- Check for working C compiler: /usr/bin/cc
[0.134s] -- Check for working C compiler: /usr/bin/cc -- works
[0.135s] -- Detecting C compiler ABI info
[0.161s] -- Detecting C compiler ABI info - done
[0.166s] -- Detecting C compile features
[0.166s] -- Detecting C compile features - done
[0.168s] -- Check for working CXX compiler: /usr/bin/c++
[0.198s] -- Check for working CXX compiler: /usr/bin/c++ -- works
[0.199s] -- Detecting CXX compiler ABI info
[0.229s] -- Detecting CXX compiler ABI info - done
[0.234s] -- Detecting CXX compile features
[0.234s] -- Detecting CXX compile features - done
[0.240s] CMake Error at CMakeLists.txt:19 (find_package):
[0.240s]   By not providing "Findament_cmake.cmake" in CMAKE_MODULE_PATH this project
[0.240s]   has asked CMake to find a package configuration file provided by
[0.240s]   "ament_cmake", but CMake did not find one.
[0.240s] 
[0.240s]   Could not find a package configuration file provided by "ament_cmake" with
[0.240s]   any of the following names:
[0.240s] 
[0.240s]     ament_cmakeConfig.cmake
[0.241s]     ament_cmake-config.cmake
[0.241s] 
[0.241s]   Add the installation prefix of "ament_cmake" to CMAKE_PREFIX_PATH or set
[0.241s]   "ament_cmake_DIR" to a directory containing one of the above files.  If
[0.241s]   "ament_cmake" provides a separate development package or SDK, be sure it
[0.241s]   has been installed.
[0.241s] 
[0.241s] 
[0.241s] -- Configuring incomplete, errors occurred!
[0.241s] See also "/sim_ws/src/wall_follower/build/wall_follower/CMakeFiles/CMakeOutput.log".
[0.242s] Invoked command in '/sim_ws/src/wall_follower/build/wall_follower' returned '1': /usr/bin/cmake /sim_ws/src/wall_follower -DCMAKE_INSTALL_PREFIX=/sim_ws/src/wall_follower/install/wall_follower
