-- Found ament_cmake: 0.9.12 (/opt/ros/foxy/share/ament_cmake/cmake)
-- Using PYTHON_EXECUTABLE: /usr/bin/python3
-- Found rclcpp: 2.4.3 (/opt/ros/foxy/share/rclcpp/cmake)
-- Using all available rosidl_typesupport_c: rosidl_typesupport_fastrtps_c;rosidl_typesupport_introspection_c
-- Found rosidl_adapter: 1.3.1 (/opt/ros/foxy/share/rosidl_adapter/cmake)
-- Using all available rosidl_typesupport_cpp: rosidl_typesupport_fastrtps_cpp;rosidl_typesupport_introspection_cpp
-- Found rmw_implementation_cmake: 1.0.4 (/opt/ros/foxy/share/rmw_implementation_cmake/cmake)
-- Using RMW implementation 'rmw_fastrtps_cpp' as default
-- Found ackermann_msgs: 2.0.2 (/opt/ros/foxy/share/ackermann_msgs/cmake)
-- Found sensor_msgs: 2.0.5 (/opt/ros/foxy/share/sensor_msgs/cmake)
-- Found ament_lint_auto: 0.9.8 (/opt/ros/foxy/share/ament_lint_auto/cmake)
-- Added test 'copyright' to check source files copyright and LICENSE
-- Added test 'cppcheck' to perform static code analysis on C / C++ code
-- Configured cppcheck include dirs: 
-- Configured cppcheck exclude dirs and/or files: 
-- Added test 'cpplint' to check C / C++ code against the Google style
-- Configured cpplint exclude dirs and/or files: 
-- Added test 'flake8' to check Python code syntax and style conventions
-- Added test 'lint_cmake' to check CMake code style
-- Added test 'pep257' to check Python code against some of the style conventions in PEP 257
-- Added test 'uncrustify' to check C / C++ code style
-- Configured uncrustify additional arguments: 
-- Added test 'xmllint' to check XML markup files
-- Configuring done
-- Generating done
-- Build files have been written to: /sim_ws/src/wall_follower/build/wall_follower
[35m[1mScanning dependencies of target driver[0m
[ 66%] [32mBuilding CXX object CMakeFiles/driver.dir/src/wall_follower.cpp.o[0m
[ 66%] [32mBuilding CXX object CMakeFiles/driver.dir/src/pid_controller.cpp.o[0m
[100%] [32m[1mLinking CXX executable driver[0m
[100%] Built target driver
-- Install configuration: ""
-- Installing: /sim_ws/src/wall_follower/install/wall_follower/lib/wall_follower/driver
-- Set runtime path of "/sim_ws/src/wall_follower/install/wall_follower/lib/wall_follower/driver" to ""
-- Up-to-date: /sim_ws/src/wall_follower/install/wall_follower/share/ament_index/resource_index/package_run_dependencies/wall_follower
-- Installing: /sim_ws/src/wall_follower/install/wall_follower/share/ament_index/resource_index/parent_prefix_path/wall_follower
-- Up-to-date: /sim_ws/src/wall_follower/install/wall_follower/share/wall_follower/environment/ament_prefix_path.sh
-- Installing: /sim_ws/src/wall_follower/install/wall_follower/share/wall_follower/environment/ament_prefix_path.dsv
-- Up-to-date: /sim_ws/src/wall_follower/install/wall_follower/share/wall_follower/environment/path.sh
-- Installing: /sim_ws/src/wall_follower/install/wall_follower/share/wall_follower/environment/path.dsv
-- Up-to-date: /sim_ws/src/wall_follower/install/wall_follower/share/wall_follower/local_setup.bash
-- Up-to-date: /sim_ws/src/wall_follower/install/wall_follower/share/wall_follower/local_setup.sh
-- Up-to-date: /sim_ws/src/wall_follower/install/wall_follower/share/wall_follower/local_setup.zsh
-- Installing: /sim_ws/src/wall_follower/install/wall_follower/share/wall_follower/local_setup.dsv
-- Installing: /sim_ws/src/wall_follower/install/wall_follower/share/wall_follower/package.dsv
-- Up-to-date: /sim_ws/src/wall_follower/install/wall_follower/share/ament_index/resource_index/packages/wall_follower
-- Up-to-date: /sim_ws/src/wall_follower/install/wall_follower/share/wall_follower/cmake/wall_followerConfig.cmake
-- Up-to-date: /sim_ws/src/wall_follower/install/wall_follower/share/wall_follower/cmake/wall_followerConfig-version.cmake
-- Up-to-date: /sim_ws/src/wall_follower/install/wall_follower/share/wall_follower/package.xml
