[0.009s] Invoking command in '/sim_ws/src/wall_follower/build/wall_follower': CMAKE_PREFIX_PATH=${CMAKE_PREFIX_PATH}:/sim_ws/install/f1tenth_gym_ros:/opt/ros/foxy /usr/bin/cmake --build /sim_ws/src/wall_follower/build/wall_follower -- -j12 -l12
[0.017s] -- Found ament_cmake: 0.9.12 (/opt/ros/foxy/share/ament_cmake/cmake)
[0.023s] -- Using PYTHON_EXECUTABLE: /usr/bin/python3
[0.072s] -- Found rclcpp: 2.4.3 (/opt/ros/foxy/share/rclcpp/cmake)
[0.083s] -- Using all available rosidl_typesupport_c: rosidl_typesupport_fastrtps_c;rosidl_typesupport_introspection_c
[0.084s] -- Found rosidl_adapter: 1.3.1 (/opt/ros/foxy/share/rosidl_adapter/cmake)
[0.119s] -- Using all available rosidl_typesupport_cpp: rosidl_typesupport_fastrtps_cpp;rosidl_typesupport_introspection_cpp
[0.138s] -- Found rmw_implementation_cmake: 1.0.4 (/opt/ros/foxy/share/rmw_implementation_cmake/cmake)
[0.138s] -- Using RMW implementation 'rmw_fastrtps_cpp' as default
[0.198s] -- Found ackermann_msgs: 2.0.2 (/opt/ros/foxy/share/ackermann_msgs/cmake)
[0.213s] -- Found sensor_msgs: 2.0.5 (/opt/ros/foxy/share/sensor_msgs/cmake)
[0.264s] -- Found ament_lint_auto: 0.9.8 (/opt/ros/foxy/share/ament_lint_auto/cmake)
[0.288s] -- Added test 'copyright' to check source files copyright and LICENSE
[0.294s] -- Added test 'cppcheck' to perform static code analysis on C / C++ code
[0.294s] -- Configured cppcheck include dirs: 
[0.294s] -- Configured cppcheck exclude dirs and/or files: 
[0.299s] -- Added test 'cpplint' to check C / C++ code against the Google style
[0.299s] -- Configured cpplint exclude dirs and/or files: 
[0.299s] -- Added test 'flake8' to check Python code syntax and style conventions
[0.301s] -- Added test 'lint_cmake' to check CMake code style
[0.301s] -- Added test 'pep257' to check Python code against some of the style conventions in PEP 257
[0.306s] -- Added test 'uncrustify' to check C / C++ code style
[0.306s] -- Configured uncrustify additional arguments: 
[0.307s] -- Added test 'xmllint' to check XML markup files
[0.308s] -- Configuring done
[0.312s] -- Generating done
[0.313s] -- Build files have been written to: /sim_ws/src/wall_follower/build/wall_follower
[0.322s] [35m[1mScanning dependencies of target driver[0m
[0.336s] [ 66%] [32mBuilding CXX object CMakeFiles/driver.dir/src/wall_follower.cpp.o[0m
[0.336s] [ 66%] [32mBuilding CXX object CMakeFiles/driver.dir/src/pid_controller.cpp.o[0m
[2.077s] [100%] [32m[1mLinking CXX executable driver[0m
[2.177s] [100%] Built target driver
[2.181s] Invoked command in '/sim_ws/src/wall_follower/build/wall_follower' returned '0': CMAKE_PREFIX_PATH=${CMAKE_PREFIX_PATH}:/sim_ws/install/f1tenth_gym_ros:/opt/ros/foxy /usr/bin/cmake --build /sim_ws/src/wall_follower/build/wall_follower -- -j12 -l12
[2.194s] Invoking command in '/sim_ws/src/wall_follower/build/wall_follower': CMAKE_PREFIX_PATH=${CMAKE_PREFIX_PATH}:/sim_ws/install/f1tenth_gym_ros:/opt/ros/foxy /usr/bin/cmake --install /sim_ws/src/wall_follower/build/wall_follower
[2.197s] -- Install configuration: ""
[2.197s] -- Installing: /sim_ws/src/wall_follower/install/wall_follower/lib/wall_follower/driver
[2.198s] -- Set runtime path of "/sim_ws/src/wall_follower/install/wall_follower/lib/wall_follower/driver" to ""
[2.198s] -- Up-to-date: /sim_ws/src/wall_follower/install/wall_follower/share/ament_index/resource_index/package_run_dependencies/wall_follower
[2.198s] -- Installing: /sim_ws/src/wall_follower/install/wall_follower/share/ament_index/resource_index/parent_prefix_path/wall_follower
[2.198s] -- Up-to-date: /sim_ws/src/wall_follower/install/wall_follower/share/wall_follower/environment/ament_prefix_path.sh
[2.198s] -- Installing: /sim_ws/src/wall_follower/install/wall_follower/share/wall_follower/environment/ament_prefix_path.dsv
[2.198s] -- Up-to-date: /sim_ws/src/wall_follower/install/wall_follower/share/wall_follower/environment/path.sh
[2.198s] -- Installing: /sim_ws/src/wall_follower/install/wall_follower/share/wall_follower/environment/path.dsv
[2.198s] -- Up-to-date: /sim_ws/src/wall_follower/install/wall_follower/share/wall_follower/local_setup.bash
[2.199s] -- Up-to-date: /sim_ws/src/wall_follower/install/wall_follower/share/wall_follower/local_setup.sh
[2.199s] -- Up-to-date: /sim_ws/src/wall_follower/install/wall_follower/share/wall_follower/local_setup.zsh
[2.199s] -- Installing: /sim_ws/src/wall_follower/install/wall_follower/share/wall_follower/local_setup.dsv
[2.199s] -- Installing: /sim_ws/src/wall_follower/install/wall_follower/share/wall_follower/package.dsv
[2.199s] -- Up-to-date: /sim_ws/src/wall_follower/install/wall_follower/share/ament_index/resource_index/packages/wall_follower
[2.199s] -- Up-to-date: /sim_ws/src/wall_follower/install/wall_follower/share/wall_follower/cmake/wall_followerConfig.cmake
[2.199s] -- Up-to-date: /sim_ws/src/wall_follower/install/wall_follower/share/wall_follower/cmake/wall_followerConfig-version.cmake
[2.199s] -- Up-to-date: /sim_ws/src/wall_follower/install/wall_follower/share/wall_follower/package.xml
[2.200s] Invoked command in '/sim_ws/src/wall_follower/build/wall_follower' returned '0': CMAKE_PREFIX_PATH=${CMAKE_PREFIX_PATH}:/sim_ws/install/f1tenth_gym_ros:/opt/ros/foxy /usr/bin/cmake --install /sim_ws/src/wall_follower/build/wall_follower
