[0.000000] (-) TimerEvent: {}
[0.000570] (sensors) JobQueued: {'identifier': 'sensors', 'dependencies': OrderedDict()}
[0.000682] (sensors) JobStarted: {'identifier': 'sensors'}
[0.014907] (sensors) JobProgress: {'identifier': 'sensors', 'progress': 'cmake'}
[0.016097] (sensors) JobProgress: {'identifier': 'sensors', 'progress': 'build'}
[0.017817] (sensors) Command: {'cmd': ['/usr/bin/cmake', '--build', '/home/ubuntu/roboracing-f1tenth/build/sensors', '--', '-j8', '-l8'], 'cwd': '/home/ubuntu/roboracing-f1tenth/build/sensors', 'env': OrderedDict([('VNCDESKTOP', 'bbb7d4524d2d:1 (ubuntu)'), ('QT_SCALE_FACTOR', '1'), ('USER', 'ubuntu'), ('SUPERVISOR_GROUP_NAME', 'vnc'), ('HOSTNAME', 'bbb7d4524d2d'), ('XDG_SESSION_TYPE', 'x11'), ('GIT_ASKPASS', '/usr/share/codium/resources/app/extensions/git/dist/askpass.sh'), ('SHLVL', '2'), ('LD_LIBRARY_PATH', '/usr/lib/x86_64-linux-gnu/gazebo-11/plugins:/opt/ros/humble/opt/rviz_ogre_vendor/lib:/opt/ros/humble/lib/x86_64-linux-gnu:/opt/ros/humble/lib'), ('HOME', '/home/ubuntu'), ('CHROME_DESKTOP', 'codium.desktop'), ('OLDPWD', '/home/ubuntu/roboracing-f1tenth/sensors'), ('TERM_PROGRAM_VERSION', '1.96.3'), ('GIO_LAUNCHED_DESKTOP_FILE', '/home/ubuntu/Desktop/codium.desktop'), ('ROS_PYTHON_VERSION', '3'), ('GTK_MODULES', 'appmenu-gtk-module'), ('VSCODE_GIT_ASKPASS_MAIN', '/usr/share/codium/resources/app/extensions/git/dist/askpass-main.js'), ('VSCODE_GIT_ASKPASS_NODE', '/usr/share/codium/codium'), ('LC_CTYPE', 'C.UTF-8'), ('DBUS_SESSION_BUS_ADDRESS', 'unix:abstract=/tmp/dbus-W6khD4RlHD,guid=acea5d8327f3559d0d0439fd679281ad'), ('COLORTERM', 'truecolor'), ('GIO_LAUNCHED_DESKTOP_FILE_PID', '905'), ('GNOME_KEYRING_CONTROL', '/home/ubuntu/.cache/keyring-WDZ002'), ('UBUNTU_MENUPROXY', '1'), ('COLCON_PREFIX_PATH', '/home/ubuntu/roboracing-f1tenth/install'), ('ROS_DISTRO', 'humble'), ('_', '/usr/bin/colcon'), ('ROS_VERSION', '2'), ('XDG_SESSION_CLASS', 'user'), ('TERM', 'xterm-256color'), ('GTK_OVERLAY_SCROLLING', '0'), ('ROS_LOCALHOST_ONLY', '0'), ('INSIDE_CAJA_PYTHON', ''), ('PATH', '/opt/ros/humble/bin:/usr/local/sbin:/usr/local/bin:/usr/sbin:/usr/bin:/sbin:/bin:/snap/bin'), ('SESSION_MANAGER', 'local/bbb7d4524d2d:@/tmp/.ICE-unix/84,unix/bbb7d4524d2d:/tmp/.ICE-unix/84'), ('GDK_BACKEND', 'x11'), ('DISPLAY', ':1'), ('LANG', 'en_US.UTF-8'), ('XDG_CURRENT_DESKTOP', 'MATE'), ('VSCODE_GIT_IPC_HANDLE', '/tmp/vscode-git-6bd464112c.sock'), ('SUPERVISOR_ENABLED', '1'), ('TERM_PROGRAM', 'vscode'), ('SSH_AUTH_SOCK', '/home/ubuntu/.cache/keyring-WDZ002/ssh'), ('AMENT_PREFIX_PATH', '/home/ubuntu/roboracing-f1tenth/install/sensors:/opt/ros/humble'), ('ORIGINAL_XDG_CURRENT_DESKTOP', 'MATE'), ('NO_AT_BRIDGE', '1'), ('PASSWD', 'ubuntu'), ('SUPERVISOR_SERVER_URL', 'unix:///var/run/supervisor.sock'), ('VSCODE_GIT_ASKPASS_EXTRA_ARGS', ''), ('SUPERVISOR_PROCESS_NAME', 'vnc'), ('PWD', '/home/ubuntu/roboracing-f1tenth/build/sensors'), ('XDG_DATA_DIRS', '/usr/share/gnome:/home/ubuntu/.local/share/flatpak/exports/share:/var/lib/flatpak/exports/share:/usr/local/share:/usr/share:/var/lib/snapd/desktop'), ('PYTHONPATH', '/opt/ros/humble/lib/python3.10/site-packages:/opt/ros/humble/local/lib/python3.10/dist-packages'), ('MATE_DESKTOP_SESSION_ID', 'this-is-deprecated'), ('COLCON', '1'), ('CMAKE_PREFIX_PATH', '/home/ubuntu/roboracing-f1tenth/install/sensors:/opt/ros/humble'), ('QT_FONT_DPI', '96')]), 'shell': False}
[0.099182] (-) TimerEvent: {}
[0.106304] (sensors) StdoutLine: {'line': b'\x1b[35m\x1b[1mConsolidate compiler generated dependencies of target talker\x1b[0m\n'}
[0.120003] (sensors) StdoutLine: {'line': b'[ 25%] \x1b[32mBuilding CXX object CMakeFiles/realsense_camera_publisher.dir/src/realsense_camera_publisher.cpp.o\x1b[0m\n'}
[0.133345] (sensors) StdoutLine: {'line': b'[ 75%] Built target talker\n'}
[0.186978] (sensors) StderrLine: {'line': b'\x1b[01m\x1b[K/home/ubuntu/roboracing-f1tenth/sensors/src/realsense_camera_publisher.cpp:6:10:\x1b[m\x1b[K \x1b[01;31m\x1b[Kfatal error: \x1b[m\x1b[Krclcpp/rclcpp.hpp: No such file or directory\n'}
[0.187295] (sensors) StderrLine: {'line': b'    6 | #include \x1b[01;31m\x1b[K<rclcpp/rclcpp.hpp>\x1b[m\x1b[K\n'}
[0.187398] (sensors) StderrLine: {'line': b'      |          \x1b[01;31m\x1b[K^~~~~~~~~~~~~~~~~~~\x1b[m\x1b[K\n'}
[0.187488] (sensors) StderrLine: {'line': b'compilation terminated.\n'}
[0.188299] (sensors) StderrLine: {'line': b'gmake[2]: *** [CMakeFiles/realsense_camera_publisher.dir/build.make:76: CMakeFiles/realsense_camera_publisher.dir/src/realsense_camera_publisher.cpp.o] Error 1\n'}
[0.188933] (sensors) StderrLine: {'line': b'gmake[1]: *** [CMakeFiles/Makefile2:165: CMakeFiles/realsense_camera_publisher.dir/all] Error 2\n'}
[0.189125] (sensors) StderrLine: {'line': b'gmake: *** [Makefile:146: all] Error 2\n'}
[0.192779] (sensors) CommandEnded: {'returncode': 2}
[0.200156] (-) TimerEvent: {}
[0.207866] (sensors) JobEnded: {'identifier': 'sensors', 'rc': 2}
[0.218957] (-) EventReactorShutdown: {}
