[0.159s] DEBUG:colcon:Command line arguments: ['/usr/bin/colcon', 'build']
[0.159s] DEBUG:colcon:Parsed command line arguments: Namespace(log_base=None, log_level=None, verb_name='build', build_base='build', install_base='install', merge_install=False, symlink_install=False, test_result_base=None, continue_on_error=False, executor='parallel', parallel_workers=8, event_handlers=None, ignore_user_meta=False, metas=['./colcon.meta'], base_paths=['.'], packages_ignore=None, packages_ignore_regex=None, paths=None, packages_up_to=None, packages_up_to_regex=None, packages_above=None, packages_above_and_dependencies=None, packages_above_depth=None, packages_select_by_dep=None, packages_skip_by_dep=None, packages_skip_up_to=None, packages_select_build_failed=False, packages_skip_build_finished=False, packages_select_test_failures=False, packages_skip_test_passed=False, packages_select=None, packages_skip=None, packages_select_regex=None, packages_skip_regex=None, packages_start=None, packages_end=None, allow_overriding=[], cmake_args=None, cmake_target=None, cmake_target_skip_unavailable=False, cmake_clean_cache=False, cmake_clean_first=False, cmake_force_configure=False, ament_cmake_args=None, catkin_cmake_args=None, catkin_skip_building_tests=False, verb_parser=<colcon_defaults.argument_parser.defaults.DefaultArgumentsDecorator object at 0x7f55f6527fa0>, verb_extension=<colcon_core.verb.build.BuildVerb object at 0x7f55f6669360>, main=<bound method BuildVerb.main of <colcon_core.verb.build.BuildVerb object at 0x7f55f6669360>>)
[0.353s] Level 1:colcon.colcon_core.package_discovery:discover_packages(colcon_meta) check parameters
[0.353s] Level 1:colcon.colcon_core.package_discovery:discover_packages(recursive) check parameters
[0.353s] Level 1:colcon.colcon_core.package_discovery:discover_packages(ignore) check parameters
[0.353s] Level 1:colcon.colcon_core.package_discovery:discover_packages(path) check parameters
[0.353s] Level 1:colcon.colcon_core.package_discovery:discover_packages(colcon_meta) discover
[0.353s] Level 1:colcon.colcon_core.package_discovery:discover_packages(recursive) discover
[0.353s] INFO:colcon.colcon_core.package_discovery:Crawling recursively for packages in '/home/ubuntu/roboracing-f1tenth'
[0.353s] Level 1:colcon.colcon_core.package_identification:_identify(.) by extensions ['ignore', 'ignore_ament_install']
[0.353s] Level 1:colcon.colcon_core.package_identification:_identify(.) by extension 'ignore'
[0.354s] Level 1:colcon.colcon_core.package_identification:_identify(.) by extension 'ignore_ament_install'
[0.354s] Level 1:colcon.colcon_core.package_identification:_identify(.) by extensions ['colcon_pkg']
[0.354s] Level 1:colcon.colcon_core.package_identification:_identify(.) by extension 'colcon_pkg'
[0.354s] Level 1:colcon.colcon_core.package_identification:_identify(.) by extensions ['colcon_meta']
[0.354s] Level 1:colcon.colcon_core.package_identification:_identify(.) by extension 'colcon_meta'
[0.354s] Level 1:colcon.colcon_core.package_identification:_identify(.) by extensions ['ros']
[0.354s] Level 1:colcon.colcon_core.package_identification:_identify(.) by extension 'ros'
[0.371s] Level 1:colcon.colcon_core.package_identification:_identify(.) by extensions ['cmake', 'python']
[0.371s] Level 1:colcon.colcon_core.package_identification:_identify(.) by extension 'cmake'
[0.371s] Level 1:colcon.colcon_core.package_identification:_identify(.) by extension 'python'
[0.371s] Level 1:colcon.colcon_core.package_identification:_identify(.) by extensions ['python_setup_py']
[0.371s] Level 1:colcon.colcon_core.package_identification:_identify(.) by extension 'python_setup_py'
[0.372s] Level 1:colcon.colcon_core.package_identification:_identify(build) by extensions ['ignore', 'ignore_ament_install']
[0.372s] Level 1:colcon.colcon_core.package_identification:_identify(build) by extension 'ignore'
[0.372s] Level 1:colcon.colcon_core.package_identification:_identify(build) ignored
[0.372s] Level 1:colcon.colcon_core.package_identification:_identify(install) by extensions ['ignore', 'ignore_ament_install']
[0.372s] Level 1:colcon.colcon_core.package_identification:_identify(install) by extension 'ignore'
[0.373s] Level 1:colcon.colcon_core.package_identification:_identify(install) ignored
[0.373s] Level 1:colcon.colcon_core.package_identification:_identify(log) by extensions ['ignore', 'ignore_ament_install']
[0.373s] Level 1:colcon.colcon_core.package_identification:_identify(log) by extension 'ignore'
[0.374s] Level 1:colcon.colcon_core.package_identification:_identify(log) ignored
[0.374s] Level 1:colcon.colcon_core.package_identification:_identify(sensors) by extensions ['ignore', 'ignore_ament_install']
[0.374s] Level 1:colcon.colcon_core.package_identification:_identify(sensors) by extension 'ignore'
[0.374s] Level 1:colcon.colcon_core.package_identification:_identify(sensors) by extension 'ignore_ament_install'
[0.374s] Level 1:colcon.colcon_core.package_identification:_identify(sensors) by extensions ['colcon_pkg']
[0.375s] Level 1:colcon.colcon_core.package_identification:_identify(sensors) by extension 'colcon_pkg'
[0.375s] Level 1:colcon.colcon_core.package_identification:_identify(sensors) by extensions ['colcon_meta']
[0.375s] Level 1:colcon.colcon_core.package_identification:_identify(sensors) by extension 'colcon_meta'
[0.375s] Level 1:colcon.colcon_core.package_identification:_identify(sensors) by extensions ['ros']
[0.375s] Level 1:colcon.colcon_core.package_identification:_identify(sensors) by extension 'ros'
[0.378s] DEBUG:colcon.colcon_core.package_identification:Package 'sensors' with type 'ros.ament_cmake' and name 'sensors'
[0.378s] Level 1:colcon.colcon_core.package_discovery:discover_packages(recursive) using defaults
[0.378s] Level 1:colcon.colcon_core.package_discovery:discover_packages(ignore) discover
[0.378s] Level 1:colcon.colcon_core.package_discovery:discover_packages(ignore) using defaults
[0.378s] Level 1:colcon.colcon_core.package_discovery:discover_packages(path) discover
[0.378s] Level 1:colcon.colcon_core.package_discovery:discover_packages(path) using defaults
[0.403s] Level 1:colcon.colcon_core.package_discovery:discover_packages(prefix_path) check parameters
[0.403s] Level 1:colcon.colcon_core.package_discovery:discover_packages(prefix_path) discover
[0.419s] DEBUG:colcon.colcon_installed_package_information.package_discovery:Found 1 installed packages in /home/ubuntu/roboracing-f1tenth/install
[0.421s] DEBUG:colcon.colcon_installed_package_information.package_discovery:Found 339 installed packages in /opt/ros/humble
[0.424s] Level 1:colcon.colcon_core.package_discovery:discover_packages(prefix_path) using defaults
[0.476s] Level 5:colcon.colcon_core.verb:set package 'sensors' build argument 'cmake_args' from command line to 'None'
[0.476s] Level 5:colcon.colcon_core.verb:set package 'sensors' build argument 'cmake_target' from command line to 'None'
[0.476s] Level 5:colcon.colcon_core.verb:set package 'sensors' build argument 'cmake_target_skip_unavailable' from command line to 'False'
[0.476s] Level 5:colcon.colcon_core.verb:set package 'sensors' build argument 'cmake_clean_cache' from command line to 'False'
[0.476s] Level 5:colcon.colcon_core.verb:set package 'sensors' build argument 'cmake_clean_first' from command line to 'False'
[0.476s] Level 5:colcon.colcon_core.verb:set package 'sensors' build argument 'cmake_force_configure' from command line to 'False'
[0.476s] Level 5:colcon.colcon_core.verb:set package 'sensors' build argument 'ament_cmake_args' from command line to 'None'
[0.476s] Level 5:colcon.colcon_core.verb:set package 'sensors' build argument 'catkin_cmake_args' from command line to 'None'
[0.476s] Level 5:colcon.colcon_core.verb:set package 'sensors' build argument 'catkin_skip_building_tests' from command line to 'False'
[0.476s] DEBUG:colcon.colcon_core.verb:Building package 'sensors' with the following arguments: {'ament_cmake_args': None, 'build_base': '/home/ubuntu/roboracing-f1tenth/build/sensors', 'catkin_cmake_args': None, 'catkin_skip_building_tests': False, 'cmake_args': None, 'cmake_clean_cache': False, 'cmake_clean_first': False, 'cmake_force_configure': False, 'cmake_target': None, 'cmake_target_skip_unavailable': False, 'install_base': '/home/ubuntu/roboracing-f1tenth/install/sensors', 'merge_install': False, 'path': '/home/ubuntu/roboracing-f1tenth/sensors', 'symlink_install': False, 'test_result_base': None}
[0.476s] INFO:colcon.colcon_core.executor:Executing jobs using 'parallel' executor
[0.478s] DEBUG:colcon.colcon_parallel_executor.executor.parallel:run_until_complete
[0.480s] INFO:colcon.colcon_ros.task.ament_cmake.build:Building ROS package in '/home/ubuntu/roboracing-f1tenth/sensors' with build type 'ament_cmake'
[0.480s] INFO:colcon.colcon_cmake.task.cmake.build:Building CMake package in '/home/ubuntu/roboracing-f1tenth/sensors'
[0.483s] INFO:colcon.colcon_core.plugin_system:Skipping extension 'colcon_core.shell.bat': Not used on non-Windows systems
[0.483s] INFO:colcon.colcon_core.shell:Skip shell extension 'powershell' for command environment: Not usable outside of PowerShell
[0.483s] DEBUG:colcon.colcon_core.shell:Skip shell extension 'dsv' for command environment
[0.507s] DEBUG:colcon.colcon_core.event_handler.log_command:Invoking command in '/home/ubuntu/roboracing-f1tenth/build/sensors': CMAKE_PREFIX_PATH=${CMAKE_PREFIX_PATH}:/opt/ros/humble /usr/bin/cmake --build /home/ubuntu/roboracing-f1tenth/build/sensors -- -j8 -l8
[0.693s] DEBUG:colcon.colcon_core.event_handler.log_command:Invoked command in '/home/ubuntu/roboracing-f1tenth/build/sensors' returned '0': CMAKE_PREFIX_PATH=${CMAKE_PREFIX_PATH}:/opt/ros/humble /usr/bin/cmake --build /home/ubuntu/roboracing-f1tenth/build/sensors -- -j8 -l8
[0.707s] DEBUG:colcon.colcon_core.event_handler.log_command:Invoking command in '/home/ubuntu/roboracing-f1tenth/build/sensors': CMAKE_PREFIX_PATH=${CMAKE_PREFIX_PATH}:/opt/ros/humble /usr/bin/cmake --install /home/ubuntu/roboracing-f1tenth/build/sensors
[0.721s] Level 1:colcon.colcon_core.environment:create_environment_scripts_only(sensors)
[0.723s] DEBUG:colcon.colcon_core.event_handler.log_command:Invoked command in '/home/ubuntu/roboracing-f1tenth/build/sensors' returned '0': CMAKE_PREFIX_PATH=${CMAKE_PREFIX_PATH}:/opt/ros/humble /usr/bin/cmake --install /home/ubuntu/roboracing-f1tenth/build/sensors
[0.728s] Level 1:colcon.colcon_core.environment:checking '/home/ubuntu/roboracing-f1tenth/install/sensors' for CMake module files
[0.729s] Level 1:colcon.colcon_core.environment:checking '/home/ubuntu/roboracing-f1tenth/install/sensors' for CMake config files
[0.730s] Level 1:colcon.colcon_core.shell:create_environment_hook('sensors', 'cmake_prefix_path')
[0.730s] INFO:colcon.colcon_core.shell:Creating environment hook '/home/ubuntu/roboracing-f1tenth/install/sensors/share/sensors/hook/cmake_prefix_path.ps1'
[0.731s] INFO:colcon.colcon_core.shell:Creating environment descriptor '/home/ubuntu/roboracing-f1tenth/install/sensors/share/sensors/hook/cmake_prefix_path.dsv'
[0.732s] INFO:colcon.colcon_core.shell:Creating environment hook '/home/ubuntu/roboracing-f1tenth/install/sensors/share/sensors/hook/cmake_prefix_path.sh'
[0.733s] Level 1:colcon.colcon_core.environment:checking '/home/ubuntu/roboracing-f1tenth/install/sensors/lib'
[0.733s] Level 1:colcon.colcon_core.environment:checking '/home/ubuntu/roboracing-f1tenth/install/sensors/bin'
[0.733s] Level 1:colcon.colcon_core.environment:checking '/home/ubuntu/roboracing-f1tenth/install/sensors/lib/pkgconfig/sensors.pc'
[0.734s] Level 1:colcon.colcon_core.environment:checking '/home/ubuntu/roboracing-f1tenth/install/sensors/lib/python3.10/site-packages'
[0.734s] Level 1:colcon.colcon_core.environment:checking '/home/ubuntu/roboracing-f1tenth/install/sensors/bin'
[0.735s] INFO:colcon.colcon_core.shell:Creating package script '/home/ubuntu/roboracing-f1tenth/install/sensors/share/sensors/package.ps1'
[0.736s] INFO:colcon.colcon_core.shell:Creating package descriptor '/home/ubuntu/roboracing-f1tenth/install/sensors/share/sensors/package.dsv'
[0.736s] INFO:colcon.colcon_core.shell:Creating package script '/home/ubuntu/roboracing-f1tenth/install/sensors/share/sensors/package.sh'
[0.738s] INFO:colcon.colcon_core.shell:Creating package script '/home/ubuntu/roboracing-f1tenth/install/sensors/share/sensors/package.bash'
[0.740s] INFO:colcon.colcon_core.shell:Creating package script '/home/ubuntu/roboracing-f1tenth/install/sensors/share/sensors/package.zsh'
[0.743s] Level 1:colcon.colcon_core.environment:create_file_with_runtime_dependencies(/home/ubuntu/roboracing-f1tenth/install/sensors/share/colcon-core/packages/sensors)
[0.744s] Level 1:colcon.colcon_core.environment:create_environment_scripts_only(sensors)
[0.745s] Level 1:colcon.colcon_core.environment:checking '/home/ubuntu/roboracing-f1tenth/install/sensors' for CMake module files
[0.746s] Level 1:colcon.colcon_core.environment:checking '/home/ubuntu/roboracing-f1tenth/install/sensors' for CMake config files
[0.746s] Level 1:colcon.colcon_core.shell:create_environment_hook('sensors', 'cmake_prefix_path')
[0.747s] INFO:colcon.colcon_core.shell:Creating environment hook '/home/ubuntu/roboracing-f1tenth/install/sensors/share/sensors/hook/cmake_prefix_path.ps1'
[0.747s] INFO:colcon.colcon_core.shell:Creating environment descriptor '/home/ubuntu/roboracing-f1tenth/install/sensors/share/sensors/hook/cmake_prefix_path.dsv'
[0.748s] INFO:colcon.colcon_core.shell:Creating environment hook '/home/ubuntu/roboracing-f1tenth/install/sensors/share/sensors/hook/cmake_prefix_path.sh'
[0.749s] Level 1:colcon.colcon_core.environment:checking '/home/ubuntu/roboracing-f1tenth/install/sensors/lib'
[0.749s] Level 1:colcon.colcon_core.environment:checking '/home/ubuntu/roboracing-f1tenth/install/sensors/bin'
[0.750s] Level 1:colcon.colcon_core.environment:checking '/home/ubuntu/roboracing-f1tenth/install/sensors/lib/pkgconfig/sensors.pc'
[0.750s] Level 1:colcon.colcon_core.environment:checking '/home/ubuntu/roboracing-f1tenth/install/sensors/lib/python3.10/site-packages'
[0.751s] Level 1:colcon.colcon_core.environment:checking '/home/ubuntu/roboracing-f1tenth/install/sensors/bin'
[0.752s] INFO:colcon.colcon_core.shell:Creating package script '/home/ubuntu/roboracing-f1tenth/install/sensors/share/sensors/package.ps1'
[0.753s] INFO:colcon.colcon_core.shell:Creating package descriptor '/home/ubuntu/roboracing-f1tenth/install/sensors/share/sensors/package.dsv'
[0.755s] INFO:colcon.colcon_core.shell:Creating package script '/home/ubuntu/roboracing-f1tenth/install/sensors/share/sensors/package.sh'
[0.757s] INFO:colcon.colcon_core.shell:Creating package script '/home/ubuntu/roboracing-f1tenth/install/sensors/share/sensors/package.bash'
[0.759s] INFO:colcon.colcon_core.shell:Creating package script '/home/ubuntu/roboracing-f1tenth/install/sensors/share/sensors/package.zsh'
[0.760s] Level 1:colcon.colcon_core.environment:create_file_with_runtime_dependencies(/home/ubuntu/roboracing-f1tenth/install/sensors/share/colcon-core/packages/sensors)
[0.761s] DEBUG:colcon.colcon_parallel_executor.executor.parallel:closing loop
[0.761s] DEBUG:colcon.colcon_parallel_executor.executor.parallel:loop closed
[0.762s] DEBUG:colcon.colcon_parallel_executor.executor.parallel:run_until_complete finished with '0'
[0.762s] DEBUG:colcon.colcon_core.event_reactor:joining thread
[0.773s] INFO:colcon.colcon_core.plugin_system:Skipping extension 'colcon_notification.desktop_notification.terminal_notifier': Not used on non-Darwin systems
[0.773s] INFO:colcon.colcon_core.plugin_system:Skipping extension 'colcon_notification.desktop_notification.win32': Not used on non-Windows systems
[0.773s] INFO:colcon.colcon_notification.desktop_notification:Sending desktop notification using 'notify2'
[0.798s] DEBUG:colcon.colcon_core.event_reactor:joined thread
[0.799s] INFO:colcon.colcon_core.shell:Creating prefix script '/home/ubuntu/roboracing-f1tenth/install/local_setup.ps1'
[0.802s] INFO:colcon.colcon_core.shell:Creating prefix util module '/home/ubuntu/roboracing-f1tenth/install/_local_setup_util_ps1.py'
[0.806s] INFO:colcon.colcon_core.shell:Creating prefix chain script '/home/ubuntu/roboracing-f1tenth/install/setup.ps1'
[0.809s] INFO:colcon.colcon_core.shell:Creating prefix script '/home/ubuntu/roboracing-f1tenth/install/local_setup.sh'
[0.812s] INFO:colcon.colcon_core.shell:Creating prefix util module '/home/ubuntu/roboracing-f1tenth/install/_local_setup_util_sh.py'
[0.814s] INFO:colcon.colcon_core.shell:Creating prefix chain script '/home/ubuntu/roboracing-f1tenth/install/setup.sh'
[0.816s] INFO:colcon.colcon_core.shell:Creating prefix script '/home/ubuntu/roboracing-f1tenth/install/local_setup.bash'
[0.817s] INFO:colcon.colcon_core.shell:Creating prefix chain script '/home/ubuntu/roboracing-f1tenth/install/setup.bash'
[0.819s] INFO:colcon.colcon_core.shell:Creating prefix script '/home/ubuntu/roboracing-f1tenth/install/local_setup.zsh'
[0.820s] INFO:colcon.colcon_core.shell:Creating prefix chain script '/home/ubuntu/roboracing-f1tenth/install/setup.zsh'
