[0.007s] Invoking command in '/sim_ws/src/wall_follower/build/wall_follower': CMAKE_PREFIX_PATH=/sim_ws/install/f1tenth_gym_ros:/opt/ros/foxy /usr/bin/cmake /sim_ws/src/wall_follower -DCMAKE_INSTALL_PREFIX=/sim_ws/src/wall_follower/install/wall_follower
[0.016s] -- Found ament_cmake: 0.9.12 (/opt/ros/foxy/share/ament_cmake/cmake)
[0.025s] -- Found PythonInterp: /usr/bin/python3 (found suitable version "3.8.10", minimum required is "3") 
[0.025s] -- Using PYTHON_EXECUTABLE: /usr/bin/python3
[0.087s] -- Found rclcpp: 2.4.3 (/opt/ros/foxy/share/rclcpp/cmake)
[0.112s] -- Using all available rosidl_typesupport_c: rosidl_typesupport_fastrtps_c;rosidl_typesupport_introspection_c
[0.116s] -- Found rosidl_adapter: 1.3.1 (/opt/ros/foxy/share/rosidl_adapter/cmake)
[0.147s] -- Found OpenSSL: /usr/lib/aarch64-linux-gnu/libcrypto.so (found version "1.1.1f")  
[0.155s] -- Found FastRTPS: /opt/ros/foxy/include  
[0.185s] -- Using all available rosidl_typesupport_cpp: rosidl_typesupport_fastrtps_cpp;rosidl_typesupport_introspection_cpp
[0.213s] -- Found rmw_implementation_cmake: 1.0.4 (/opt/ros/foxy/share/rmw_implementation_cmake/cmake)
[0.214s] -- Using RMW implementation 'rmw_fastrtps_cpp' as default
[0.215s] -- Looking for pthread.h
[0.245s] -- Looking for pthread.h - found
[0.245s] -- Performing Test CMAKE_HAVE_LIBC_PTHREAD
[0.273s] -- Performing Test CMAKE_HAVE_LIBC_PTHREAD - Failed
[0.274s] -- Looking for pthread_create in pthreads
[0.296s] -- Looking for pthread_create in pthreads - not found
[0.296s] -- Looking for pthread_create in pthread
[0.322s] -- Looking for pthread_create in pthread - found
[0.323s] -- Found Threads: TRUE  
[0.395s] -- Found ackermann_msgs: 2.0.2 (/opt/ros/foxy/share/ackermann_msgs/cmake)
[0.412s] -- Found sensor_msgs: 2.0.5 (/opt/ros/foxy/share/sensor_msgs/cmake)
[0.469s] CMake Error at CMakeLists.txt:27 (install):
[0.469s]   install TARGETS given target "wall_follower" which does not exist.
[0.470s] 
[0.470s] 
[0.470s] -- Found ament_lint_auto: 0.9.8 (/opt/ros/foxy/share/ament_lint_auto/cmake)
[0.502s] -- Added test 'copyright' to check source files copyright and LICENSE
[0.504s] -- Added test 'cppcheck' to perform static code analysis on C / C++ code
[0.504s] -- Configured cppcheck include dirs: 
[0.504s] -- Configured cppcheck exclude dirs and/or files: 
[0.506s] -- Added test 'cpplint' to check C / C++ code against the Google style
[0.506s] -- Configured cpplint exclude dirs and/or files: 
[0.506s] -- Added test 'flake8' to check Python code syntax and style conventions
[0.507s] -- Added test 'lint_cmake' to check CMake code style
[0.508s] -- Added test 'pep257' to check Python code against some of the style conventions in PEP 257
[0.510s] -- Added test 'uncrustify' to check C / C++ code style
[0.510s] -- Configured uncrustify additional arguments: 
[0.510s] -- Added test 'xmllint' to check XML markup files
[0.512s] -- Configuring incomplete, errors occurred!
[0.512s] See also "/sim_ws/src/wall_follower/build/wall_follower/CMakeFiles/CMakeOutput.log".
[0.512s] See also "/sim_ws/src/wall_follower/build/wall_follower/CMakeFiles/CMakeError.log".
[0.514s] Invoked command in '/sim_ws/src/wall_follower/build/wall_follower' returned '1': CMAKE_PREFIX_PATH=/sim_ws/install/f1tenth_gym_ros:/opt/ros/foxy /usr/bin/cmake /sim_ws/src/wall_follower -DCMAKE_INSTALL_PREFIX=/sim_ws/src/wall_follower/install/wall_follower
