[0.000000] (-) TimerEvent: {}
[0.001139] (sensors) JobQueued: {'identifier': 'sensors', 'dependencies': OrderedDict()}
[0.001288] (sensors) JobStarted: {'identifier': 'sensors'}
[0.012548] (sensors) JobProgress: {'identifier': 'sensors', 'progress': 'cmake'}
[0.014002] (sensors) JobProgress: {'identifier': 'sensors', 'progress': 'build'}
[0.015909] (sensors) Command: {'cmd': ['/usr/bin/cmake', '--build', '/home/ubuntu/roboracing-f1tenth/build/sensors', '--', '-j8', '-l8'], 'cwd': '/home/ubuntu/roboracing-f1tenth/build/sensors', 'env': OrderedDict([('VNCDESKTOP', 'bbb7d4524d2d:1 (ubuntu)'), ('QT_SCALE_FACTOR', '1'), ('USER', 'ubuntu'), ('SUPERVISOR_GROUP_NAME', 'vnc'), ('HOSTNAME', 'bbb7d4524d2d'), ('XDG_SESSION_TYPE', 'x11'), ('GIT_ASKPASS', '/usr/share/codium/resources/app/extensions/git/dist/askpass.sh'), ('SHLVL', '2'), ('LD_LIBRARY_PATH', '/usr/lib/x86_64-linux-gnu/gazebo-11/plugins:/opt/ros/humble/opt/rviz_ogre_vendor/lib:/opt/ros/humble/lib/x86_64-linux-gnu:/opt/ros/humble/lib'), ('HOME', '/home/ubuntu'), ('CHROME_DESKTOP', 'codium.desktop'), ('TERM_PROGRAM_VERSION', '1.96.3'), ('GIO_LAUNCHED_DESKTOP_FILE', '/home/ubuntu/Desktop/codium.desktop'), ('ROS_PYTHON_VERSION', '3'), ('GTK_MODULES', 'appmenu-gtk-module'), ('VSCODE_GIT_ASKPASS_MAIN', '/usr/share/codium/resources/app/extensions/git/dist/askpass-main.js'), ('VSCODE_GIT_ASKPASS_NODE', '/usr/share/codium/codium'), ('LC_CTYPE', 'C.UTF-8'), ('DBUS_SESSION_BUS_ADDRESS', 'unix:abstract=/tmp/dbus-d8nUoaLbJM,guid=aa1b85f45e2138a7ac0f4c4b67930949'), ('COLORTERM', 'truecolor'), ('GIO_LAUNCHED_DESKTOP_FILE_PID', '577'), ('GNOME_KEYRING_CONTROL', '/home/ubuntu/.cache/keyring-8KGS02'), ('UBUNTU_MENUPROXY', '1'), ('COLCON_PREFIX_PATH', '/home/ubuntu/roboracing-f1tenth/install'), ('ROS_DISTRO', 'humble'), ('_', '/usr/bin/colcon'), ('ROS_VERSION', '2'), ('XDG_SESSION_CLASS', 'user'), ('TERM', 'xterm-256color'), ('GTK_OVERLAY_SCROLLING', '0'), ('ROS_LOCALHOST_ONLY', '0'), ('INSIDE_CAJA_PYTHON', ''), ('PATH', '/opt/ros/humble/bin:/usr/local/sbin:/usr/local/bin:/usr/sbin:/usr/bin:/sbin:/bin:/snap/bin'), ('SESSION_MANAGER', 'local/bbb7d4524d2d:@/tmp/.ICE-unix/68,unix/bbb7d4524d2d:/tmp/.ICE-unix/68'), ('GDK_BACKEND', 'x11'), ('DISPLAY', ':1'), ('LANG', 'en_US.UTF-8'), ('XDG_CURRENT_DESKTOP', 'MATE'), ('VSCODE_GIT_IPC_HANDLE', '/tmp/vscode-git-6bd464112c.sock'), ('SUPERVISOR_ENABLED', '1'), ('TERM_PROGRAM', 'vscode'), ('SSH_AUTH_SOCK', '/home/ubuntu/.cache/keyring-8KGS02/ssh'), ('AMENT_PREFIX_PATH', '/home/ubuntu/roboracing-f1tenth/install/sensors:/opt/ros/humble'), ('ORIGINAL_XDG_CURRENT_DESKTOP', 'MATE'), ('NO_AT_BRIDGE', '1'), ('PASSWD', 'ubuntu'), ('SUPERVISOR_SERVER_URL', 'unix:///var/run/supervisor.sock'), ('VSCODE_GIT_ASKPASS_EXTRA_ARGS', ''), ('SUPERVISOR_PROCESS_NAME', 'vnc'), ('PWD', '/home/ubuntu/roboracing-f1tenth/build/sensors'), ('XDG_DATA_DIRS', '/usr/share/gnome:/home/ubuntu/.local/share/flatpak/exports/share:/var/lib/flatpak/exports/share:/usr/local/share:/usr/share:/var/lib/snapd/desktop'), ('PYTHONPATH', '/opt/ros/humble/lib/python3.10/site-packages:/opt/ros/humble/local/lib/python3.10/dist-packages'), ('MATE_DESKTOP_SESSION_ID', 'this-is-deprecated'), ('COLCON', '1'), ('CMAKE_PREFIX_PATH', '/home/ubuntu/roboracing-f1tenth/install/sensors:/opt/ros/humble'), ('QT_FONT_DPI', '96')]), 'shell': False}
[0.083111] (sensors) StdoutLine: {'line': b'\x1b[35m\x1b[1mConsolidate compiler generated dependencies of target realsense_camera_node\x1b[0m\n'}
[0.099217] (-) TimerEvent: {}
[0.107176] (sensors) StdoutLine: {'line': b'[ 50%] \x1b[32mBuilding CXX object CMakeFiles/realsense_camera_node.dir/src/realsense_camera_node.cpp.o\x1b[0m\n'}
[0.200211] (-) TimerEvent: {}
[0.301193] (-) TimerEvent: {}
[0.402230] (-) TimerEvent: {}
[0.503231] (-) TimerEvent: {}
[0.604109] (-) TimerEvent: {}
[0.705392] (-) TimerEvent: {}
[0.806138] (-) TimerEvent: {}
[0.907258] (-) TimerEvent: {}
[1.008162] (-) TimerEvent: {}
[1.109241] (-) TimerEvent: {}
[1.210321] (-) TimerEvent: {}
[1.311250] (-) TimerEvent: {}
[1.412041] (-) TimerEvent: {}
[1.513278] (-) TimerEvent: {}
[1.614222] (-) TimerEvent: {}
[1.715123] (-) TimerEvent: {}
[1.816188] (-) TimerEvent: {}
[1.917240] (-) TimerEvent: {}
[2.018244] (-) TimerEvent: {}
[2.120112] (-) TimerEvent: {}
[2.221060] (-) TimerEvent: {}
[2.322156] (-) TimerEvent: {}
[2.423228] (-) TimerEvent: {}
[2.524251] (-) TimerEvent: {}
[2.625307] (-) TimerEvent: {}
[2.726271] (-) TimerEvent: {}
[2.827235] (-) TimerEvent: {}
[2.928198] (-) TimerEvent: {}
[2.932149] (sensors) StderrLine: {'line': b'\x1b[01m\x1b[K/home/ubuntu/roboracing-f1tenth/sensors/src/realsense_camera_node.cpp:\x1b[m\x1b[K In function \xe2\x80\x98\x1b[01m\x1b[Kint main(int, char**)\x1b[m\x1b[K\xe2\x80\x99:\n'}
[2.932405] (sensors) StderrLine: {'line': b'\x1b[01m\x1b[K/home/ubuntu/roboracing-f1tenth/sensors/src/realsense_camera_node.cpp:7:5:\x1b[m\x1b[K \x1b[01;31m\x1b[Kerror: \x1b[m\x1b[K\xe2\x80\x98\x1b[01m\x1b[KRLCPP_DEBUG\x1b[m\x1b[K\xe2\x80\x99 was not declared in this scope; did you mean \xe2\x80\x98\x1b[01m\x1b[KRCLCPP_DEBUG\x1b[m\x1b[K\xe2\x80\x99?\n'}
[2.932479] (sensors) StderrLine: {'line': b'    7 |     \x1b[01;31m\x1b[KRLCPP_DEBUG\x1b[m\x1b[K(node->get_logger(), "Debug");\n'}
[2.932535] (sensors) StderrLine: {'line': b'      |     \x1b[01;31m\x1b[K^~~~~~~~~~~\x1b[m\x1b[K\n'}
[2.932619] (sensors) StderrLine: {'line': b'      |     \x1b[32m\x1b[KRCLCPP_DEBUG\x1b[m\x1b[K\n'}
[2.937639] (sensors) StderrLine: {'line': b'\x1b[01m\x1b[K/home/ubuntu/roboracing-f1tenth/sensors/src/realsense_camera_node.cpp:8:5:\x1b[m\x1b[K \x1b[01;31m\x1b[Kerror: \x1b[m\x1b[K\xe2\x80\x98\x1b[01m\x1b[KRLCPP_INFO\x1b[m\x1b[K\xe2\x80\x99 was not declared in this scope; did you mean \xe2\x80\x98\x1b[01m\x1b[KRCLCPP_INFO\x1b[m\x1b[K\xe2\x80\x99?\n'}
[2.937925] (sensors) StderrLine: {'line': b'    8 |     \x1b[01;31m\x1b[KRLCPP_INFO\x1b[m\x1b[K(node->get_logger(), "Info");\n'}
[2.938067] (sensors) StderrLine: {'line': b'      |     \x1b[01;31m\x1b[K^~~~~~~~~~\x1b[m\x1b[K\n'}
[2.938131] (sensors) StderrLine: {'line': b'      |     \x1b[32m\x1b[KRCLCPP_INFO\x1b[m\x1b[K\n'}
[2.942546] (sensors) StderrLine: {'line': b'\x1b[01m\x1b[K/home/ubuntu/roboracing-f1tenth/sensors/src/realsense_camera_node.cpp:9:5:\x1b[m\x1b[K \x1b[01;31m\x1b[Kerror: \x1b[m\x1b[K\xe2\x80\x98\x1b[01m\x1b[KRLCPP_WARN\x1b[m\x1b[K\xe2\x80\x99 was not declared in this scope; did you mean \xe2\x80\x98\x1b[01m\x1b[KRCLCPP_WARN\x1b[m\x1b[K\xe2\x80\x99?\n'}
[2.942803] (sensors) StderrLine: {'line': b'    9 |     \x1b[01;31m\x1b[KRLCPP_WARN\x1b[m\x1b[K(node->get_logger(), "Warning");\n'}
[2.942864] (sensors) StderrLine: {'line': b'      |     \x1b[01;31m\x1b[K^~~~~~~~~~\x1b[m\x1b[K\n'}
[2.942915] (sensors) StderrLine: {'line': b'      |     \x1b[32m\x1b[KRCLCPP_WARN\x1b[m\x1b[K\n'}
[2.948122] (sensors) StderrLine: {'line': b'\x1b[01m\x1b[K/home/ubuntu/roboracing-f1tenth/sensors/src/realsense_camera_node.cpp:10:5:\x1b[m\x1b[K \x1b[01;31m\x1b[Kerror: \x1b[m\x1b[K\xe2\x80\x98\x1b[01m\x1b[KRLCPP_ERROR\x1b[m\x1b[K\xe2\x80\x99 was not declared in this scope; did you mean \xe2\x80\x98\x1b[01m\x1b[KRCLCPP_ERROR\x1b[m\x1b[K\xe2\x80\x99?\n'}
[2.948414] (sensors) StderrLine: {'line': b'   10 |     \x1b[01;31m\x1b[KRLCPP_ERROR\x1b[m\x1b[K(node->get_logger(), "Error");\n'}
[2.948473] (sensors) StderrLine: {'line': b'      |     \x1b[01;31m\x1b[K^~~~~~~~~~~\x1b[m\x1b[K\n'}
[2.948524] (sensors) StderrLine: {'line': b'      |     \x1b[32m\x1b[KRCLCPP_ERROR\x1b[m\x1b[K\n'}
[3.029211] (-) TimerEvent: {}
[3.130322] (-) TimerEvent: {}
[3.231260] (-) TimerEvent: {}
[3.332140] (-) TimerEvent: {}
[3.433177] (-) TimerEvent: {}
[3.513844] (sensors) StderrLine: {'line': b'gmake[2]: *** [CMakeFiles/realsense_camera_node.dir/build.make:76: CMakeFiles/realsense_camera_node.dir/src/realsense_camera_node.cpp.o] Error 1\n'}
[3.514442] (sensors) StderrLine: {'line': b'gmake[1]: *** [CMakeFiles/Makefile2:137: CMakeFiles/realsense_camera_node.dir/all] Error 2\n'}
[3.514512] (sensors) StderrLine: {'line': b'gmake: *** [Makefile:146: all] Error 2\n'}
[3.517436] (sensors) CommandEnded: {'returncode': 2}
[3.534316] (-) TimerEvent: {}
[3.535632] (sensors) JobEnded: {'identifier': 'sensors', 'rc': 2}
[3.547540] (-) EventReactorShutdown: {}
