[35m[1mScanning dependencies of target wall_follower[0m
[ 50%] [32mBuilding CXX object CMakeFiles/wall_follower.dir/src/wall_follower.cpp.o[0m
[01m[K/sim_ws/src/wall_follower/src/wall_follower.cpp:32:73:[m[K [01;35m[Kwarning: [m[Kextra ‘[01m[K;[m[K’ [[01;35m[K-Wpedantic[m[K]
   32 |     PIDController angle_pid = PIDController(C, P, I, D, integral_bound);[01;35m[K;[m[K
      |                                                                         [01;35m[K^[m[K
      |                                                                         [31m[K-[m[K
[01m[K/sim_ws/src/wall_follower/src/wall_follower.cpp:[m[K In member function ‘[01m[Kdouble WallFollower::computeAngleCallback(sensor_msgs::msg::LaserScan_<std::allocator<void> >::SharedPtr)[m[K’:
[01m[K/sim_ws/src/wall_follower/src/wall_follower.cpp:37:16:[m[K [01;35m[Kwarning: [m[Kunused variable ‘[01m[Kzero_dist[m[K’ [[01;35m[K-Wunused-variable[m[K]
   37 |         double [01;35m[Kzero_dist[m[K = ranges[(int) ((0 - msg->angle_min) / msg->angle_increment)];
      |                [01;35m[K^~~~~~~~~[m[K
[01m[K/sim_ws/src/wall_follower/src/wall_follower.cpp:38:5:[m[K [01;35m[Kwarning: [m[Kno return statement in function returning non-void [[01;35m[K-Wreturn-type[m[K]
   38 |     [01;35m[K}[m[K
      |     [01;35m[K^[m[K
[100%] [32m[1mLinking CXX executable wall_follower[0m
/usr/bin/ld: CMakeFiles/wall_follower.dir/src/wall_follower.cpp.o: in function `WallFollower::WallFollower()':
wall_follower.cpp:(.text._ZN12WallFollowerC2Ev[_ZN12WallFollowerC5Ev]+0x15c): undefined reference to `PIDController::PIDController(double, double, double, double, double)'
collect2: error: ld returned 1 exit status
make[2]: *** [CMakeFiles/wall_follower.dir/build.make:146: wall_follower] Error 1
make[1]: *** [CMakeFiles/Makefile2:78: CMakeFiles/wall_follower.dir/all] Error 2
make: *** [Makefile:141: all] Error 2
